#
# There is insufficient memory for the Java Runtime Environment to continue.
# Native memory allocation (mmap) failed to map 65011712 bytes for G1 virtual space
# Possible reasons:
#   The system is out of physical RAM or swap space
#   The process is running with CompressedOops enabled, and the Java Heap may be blocking the growth of the native heap
# Possible solutions:
#   Reduce memory load on the system
#   Increase physical memory or swap space
#   Check if swap backing store is full
#   Decrease Java heap size (-Xmx/-Xms)
#   Decrease number of Java threads
#   Decrease Java thread stack sizes (-Xss)
#   Set larger code cache with -XX:ReservedCodeCacheSize=
#   JVM is running with Zero Based Compressed Oops mode in which the Java heap is
#     placed in the first 32GB address space. The Java Heap base address is the
#     maximum limit for the native heap growth. Please use -XX:HeapBaseMinAddress
#     to set the Java Heap base and to place the Java Heap above 32GB virtual address.
# This output file may be truncated or incomplete.
#
#  Out of Memory Error (os_windows.cpp:3603), pid=16252, tid=7136
#
# JRE version: Java(TM) SE Runtime Environment (21.0.6+8) (build 21.0.6+8-LTS-188)
# Java VM: Java HotSpot(TM) 64-Bit Server VM (21.0.6+8-LTS-188, mixed mode, sharing, tiered, compressed oops, compressed class ptrs, g1 gc, windows-amd64)
# No core dump will be written. Minidumps are not enabled by default on client versions of Windows
#

---------------  S U M M A R Y ------------

Command Line: --add-opens=java.base/java.lang=ALL-UNNAMED --add-opens=java.base/java.lang.invoke=ALL-UNNAMED --add-opens=java.base/java.util=ALL-UNNAMED --add-opens=java.prefs/java.util.prefs=ALL-UNNAMED --add-exports=jdk.compiler/com.sun.tools.javac.api=ALL-UNNAMED --add-exports=jdk.compiler/com.sun.tools.javac.util=ALL-UNNAMED --add-opens=java.base/java.util=ALL-UNNAMED --add-opens=java.prefs/java.util.prefs=ALL-UNNAMED --add-opens=java.base/java.nio.charset=ALL-UNNAMED --add-opens=java.base/java.net=ALL-UNNAMED --add-opens=java.base/java.util.concurrent.atomic=ALL-UNNAMED --add-opens=java.xml/javax.xml.namespace=ALL-UNNAMED -XX:MaxMetaspaceSize=2G -XX:+HeapDumpOnOutOfMemoryError -Xmx4G -Dfile.encoding=UTF-8 -Duser.country=ID -Duser.language=en -Duser.variant -javaagent:C:\Users\ASUS\.gradle\wrapper\dists\gradle-8.14-all\c2qonpi39x1mddn7hk5gh9iqj\gradle-8.14\lib\agents\gradle-instrumentation-agent-8.14.jar org.gradle.launcher.daemon.bootstrap.GradleDaemon 8.14

Host: AMD Ryzen 3 3250U with Radeon Graphics         , 4 cores, 5G,  Windows 11 , 64 bit Build 26100 (10.0.26100.9168)
Time: Thu Aug 20 14:45:41 2026 SE Asia Standard Time elapsed time: 65.357347 seconds (0d 0h 1m 5s)

---------------  T H R E A D  ---------------

Current thread (0x00000227d1e22bc0):  VMThread "VM Thread"          [id=7136, stack(0x00000029c6c00000,0x00000029c6d00000) (1024K)]

Stack: [0x00000029c6c00000,0x00000029c6d00000]
Native frames: (J=compiled Java code, j=interpreted, Vv=VM code, C=native code)
V  [jvm.dll+0x6ca6d9]
V  [jvm.dll+0x854f51]
V  [jvm.dll+0x85747e]
V  [jvm.dll+0x857b53]
V  [jvm.dll+0x27dcc6]
V  [jvm.dll+0x6c6e55]
V  [jvm.dll+0x6bb9da]
V  [jvm.dll+0x35393a]
V  [jvm.dll+0x35b596]
V  [jvm.dll+0x3adefe]
V  [jvm.dll+0x3ae1a8]
V  [jvm.dll+0x327cbc]
V  [jvm.dll+0x327d47]
V  [jvm.dll+0x36c60c]
V  [jvm.dll+0x36ae5e]
V  [jvm.dll+0x327481]
V  [jvm.dll+0x36a57a]
V  [jvm.dll+0x85d920]
V  [jvm.dll+0x85eca4]
V  [jvm.dll+0x85f1e0]
V  [jvm.dll+0x85f483]
V  [jvm.dll+0x7ff2fb]
V  [jvm.dll+0x6c8dbd]
C  [ucrtbase.dll+0x2cd30]
C  [KERNEL32.DLL+0x2ccb7]
C  [ntdll.dll+0xaad6c]

VM_Operation (0x00000029c86fea40): G1CollectForAllocation, mode: safepoint, requested by thread 0x00000227f87352d0


---------------  P R O C E S S  ---------------

Threads class SMR info:
_java_thread_list=0x00000227fc6db410, length=85, elements={
0x00000227d1e38430, 0x00000227f25e5060, 0x00000227f25e67d0, 0x00000227f25ed560,
0x00000227f260ec60, 0x00000227f26103d0, 0x00000227f2611c70, 0x00000227f2615330,
0x00000227f261d390, 0x00000227f2b643c0, 0x00000227f2c7e050, 0x00000227f861e4d0,
0x00000227f8692d70, 0x00000227f89c6850, 0x00000227f8798250, 0x00000227f8798c80,
0x00000227f89dac60, 0x00000227f89d1720, 0x00000227f84b97e0, 0x00000227f8733200,
0x00000227f8734c40, 0x00000227f8733f20, 0x00000227f87345b0, 0x00000227f87352d0,
0x00000227f8735960, 0x00000227f8735ff0, 0x00000227f8732b70, 0x00000227f8733890,
0x00000227f8dcf340, 0x00000227f8dd0060, 0x00000227f8dd0d80, 0x00000227f8dcecb0,
0x00000227f8dd06f0, 0x00000227f8dcdf90, 0x00000227f8dcd900, 0x00000227f8dd2e50,
0x00000227f8dcf9d0, 0x00000227f8dd1aa0, 0x00000227f8dd2130, 0x00000227f8dd4200,
0x00000227f8dd27c0, 0x00000227f8dd34e0, 0x00000227f8dd3b70, 0x00000227f8dd4890,
0x00000227f8e08ec0, 0x00000227f8e0c340, 0x00000227f8e09be0, 0x00000227f8e09550,
0x00000227f8e0c9d0, 0x00000227f8e0d060, 0x00000227f8e0a270, 0x00000227f8e0dd80,
0x00000227f8e0d6f0, 0x00000227f8e0a900, 0x00000227f8e0e410, 0x00000227f8e0f130,
0x00000227fb827ad0, 0x00000227fb824ce0, 0x00000227fb828e80, 0x00000227fb8287f0,
0x00000227fb825a00, 0x00000227fb829510, 0x00000227fb826090, 0x00000227fa74f790,
0x00000227fa751ef0, 0x00000227fa74fe20, 0x00000227fd540d60, 0x00000227fd541a80,
0x00000227fd5413f0, 0x00000227fd5406d0, 0x00000227fd53ec90, 0x00000227fd53e600,
0x00000227fd542110, 0x00000227fd5427a0, 0x00000227fd53f9b0, 0x00000227fd543b50,
0x00000227fd5441e0, 0x00000227fd544870, 0x00000227fd545590, 0x00000227fd545c20,
0x00000227fa752c10, 0x00000227fa7504b0, 0x00000227fa753fc0, 0x00000227fa7532a0,
0x00000227fa750b40
}

Java Threads: ( => current thread )
  0x00000227d1e38430 JavaThread "main"                              [_thread_blocked, id=12272, stack(0x00000029c6500000,0x00000029c6600000) (1024K)]
  0x00000227f25e5060 JavaThread "Reference Handler"          daemon [_thread_blocked, id=16116, stack(0x00000029c6d00000,0x00000029c6e00000) (1024K)]
  0x00000227f25e67d0 JavaThread "Finalizer"                  daemon [_thread_blocked, id=20276, stack(0x00000029c6e00000,0x00000029c6f00000) (1024K)]
  0x00000227f25ed560 JavaThread "Signal Dispatcher"          daemon [_thread_blocked, id=14088, stack(0x00000029c6f00000,0x00000029c7000000) (1024K)]
  0x00000227f260ec60 JavaThread "Attach Listener"            daemon [_thread_blocked, id=16212, stack(0x00000029c7000000,0x00000029c7100000) (1024K)]
  0x00000227f26103d0 JavaThread "Service Thread"             daemon [_thread_blocked, id=15096, stack(0x00000029c7100000,0x00000029c7200000) (1024K)]
  0x00000227f2611c70 JavaThread "Monitor Deflation Thread"   daemon [_thread_blocked, id=14644, stack(0x00000029c7200000,0x00000029c7300000) (1024K)]
  0x00000227f2615330 JavaThread "C2 CompilerThread0"         daemon [_thread_blocked, id=18732, stack(0x00000029c7300000,0x00000029c7400000) (1024K)]
  0x00000227f261d390 JavaThread "C1 CompilerThread0"         daemon [_thread_blocked, id=19416, stack(0x00000029c7400000,0x00000029c7500000) (1024K)]
  0x00000227f2b643c0 JavaThread "Common-Cleaner"             daemon [_thread_blocked, id=3260, stack(0x00000029c7500000,0x00000029c7600000) (1024K)]
  0x00000227f2c7e050 JavaThread "Notification Thread"        daemon [_thread_blocked, id=22068, stack(0x00000029c7600000,0x00000029c7700000) (1024K)]
  0x00000227f861e4d0 JavaThread "Daemon health stats"               [_thread_blocked, id=8176, stack(0x00000029c7b00000,0x00000029c7c00000) (1024K)]
  0x00000227f8692d70 JavaThread "Incoming local TCP Connector on port 59506"        [_thread_in_native, id=4732, stack(0x00000029c7c00000,0x00000029c7d00000) (1024K)]
  0x00000227f89c6850 JavaThread "Daemon periodic checks"            [_thread_blocked, id=17760, stack(0x00000029c7d00000,0x00000029c7e00000) (1024K)]
  0x00000227f8798250 JavaThread "Daemon"                            [_thread_blocked, id=10832, stack(0x00000029c7e00000,0x00000029c7f00000) (1024K)]
  0x00000227f8798c80 JavaThread "Handler for socket connection from /127.0.0.1:59506 to /127.0.0.1:59507"        [_thread_in_native, id=20892, stack(0x00000029c7f00000,0x00000029c8000000) (1024K)]
  0x00000227f89dac60 JavaThread "Cancel handler"                    [_thread_blocked, id=15404, stack(0x00000029c8000000,0x00000029c8100000) (1024K)]
  0x00000227f89d1720 JavaThread "Daemon worker"                     [_thread_blocked, id=10432, stack(0x00000029c8100000,0x00000029c8200000) (1024K)]
  0x00000227f84b97e0 JavaThread "Asynchronous log dispatcher for DefaultDaemonConnection: socket connection from /127.0.0.1:59506 to /127.0.0.1:59507"        [_thread_blocked, id=5724, stack(0x00000029c7700000,0x00000029c7800000) (1024K)]
  0x00000227f8733200 JavaThread "Stdin handler"                     [_thread_blocked, id=22412, stack(0x00000029c8200000,0x00000029c8300000) (1024K)]
  0x00000227f8734c40 JavaThread "Daemon client event forwarder"        [_thread_blocked, id=20928, stack(0x00000029c8300000,0x00000029c8400000) (1024K)]
  0x00000227f8733f20 JavaThread "Cache worker for journal cache (C:\Users\ASUS\.gradle\caches\journal-1)"        [_thread_blocked, id=19076, stack(0x00000029c8400000,0x00000029c8500000) (1024K)]
  0x00000227f87345b0 JavaThread "File lock request listener"        [_thread_in_native, id=3668, stack(0x00000029c8500000,0x00000029c8600000) (1024K)]
  0x00000227f87352d0 JavaThread "Cache worker for file hash cache (C:\Users\ASUS\.gradle\caches\8.14\fileHashes)"        [_thread_blocked, id=13640, stack(0x00000029c8600000,0x00000029c8700000) (1024K)]
  0x00000227f8735960 JavaThread "Cache worker for file hash cache (D:\SIMPEG\android\.gradle\8.14\fileHashes)"        [_thread_blocked, id=12256, stack(0x00000029c8800000,0x00000029c8900000) (1024K)]
  0x00000227f8735ff0 JavaThread "Cache worker for Build Output Cleanup Cache (D:\SIMPEG\android\.gradle\buildOutputCleanup)"        [_thread_blocked, id=13236, stack(0x00000029c8900000,0x00000029c8a00000) (1024K)]
  0x00000227f8732b70 JavaThread "File watcher server"        daemon [_thread_in_native, id=17656, stack(0x00000029c8a00000,0x00000029c8b00000) (1024K)]
  0x00000227f8733890 JavaThread "File watcher consumer"      daemon [_thread_blocked, id=16260, stack(0x00000029c8b00000,0x00000029c8c00000) (1024K)]
  0x00000227f8dcf340 JavaThread "jar transforms"                    [_thread_blocked, id=11976, stack(0x00000029c8700000,0x00000029c8800000) (1024K)]
  0x00000227f8dd0060 JavaThread "Cache worker for checksums cache (D:\SIMPEG\android\.gradle\8.14\checksums)"        [_thread_blocked, id=9816, stack(0x00000029c8c00000,0x00000029c8d00000) (1024K)]
  0x00000227f8dd0d80 JavaThread "Cache worker for file content cache (C:\Users\ASUS\.gradle\caches\8.14\fileContent)"        [_thread_blocked, id=20508, stack(0x00000029c8d00000,0x00000029c8e00000) (1024K)]
  0x00000227f8dcecb0 JavaThread "Cache worker for cache directory md-supplier (C:\Users\ASUS\.gradle\caches\8.14\md-supplier)"        [_thread_blocked, id=18864, stack(0x00000029c8e00000,0x00000029c8f00000) (1024K)]
  0x00000227f8dd06f0 JavaThread "Cache worker for cache directory md-rule (C:\Users\ASUS\.gradle\caches\8.14\md-rule)"        [_thread_blocked, id=19336, stack(0x00000029c8f00000,0x00000029c9000000) (1024K)]
  0x00000227f8dcdf90 JavaThread "Cache worker for Build Output Cleanup Cache (C:\flutter\packages\flutter_tools\gradle\.gradle\buildOutputCleanup)"        [_thread_blocked, id=22524, stack(0x00000029c9000000,0x00000029c9100000) (1024K)]
  0x00000227f8dcd900 JavaThread "Memory manager"                    [_thread_blocked, id=16316, stack(0x00000029c9100000,0x00000029c9200000) (1024K)]
  0x00000227f8dd2e50 JavaThread "included builds"                   [_thread_blocked, id=21888, stack(0x00000029c9200000,0x00000029c9300000) (1024K)]
  0x00000227f8dcf9d0 JavaThread "Execution worker"                  [_thread_blocked, id=17820, stack(0x00000029c9300000,0x00000029c9400000) (1024K)]
  0x00000227f8dd1aa0 JavaThread "Execution worker Thread 2"         [_thread_blocked, id=8692, stack(0x00000029c9400000,0x00000029c9500000) (1024K)]
  0x00000227f8dd2130 JavaThread "Execution worker Thread 3"         [_thread_blocked, id=18972, stack(0x00000029c9500000,0x00000029c9600000) (1024K)]
  0x00000227f8dd4200 JavaThread "Cache worker for execution history cache (C:\flutter\packages\flutter_tools\gradle\.gradle\8.14\executionHistory)"        [_thread_blocked, id=19368, stack(0x00000029c9600000,0x00000029c9700000) (1024K)]
  0x00000227f8dd27c0 JavaThread "Unconstrained build operations"        [_thread_blocked, id=3536, stack(0x00000029c9700000,0x00000029c9800000) (1024K)]
  0x00000227f8dd34e0 JavaThread "Unconstrained build operations Thread 2"        [_thread_blocked, id=16296, stack(0x00000029c9800000,0x00000029c9900000) (1024K)]
  0x00000227f8dd3b70 JavaThread "Unconstrained build operations Thread 3"        [_thread_blocked, id=21848, stack(0x00000029c9900000,0x00000029c9a00000) (1024K)]
  0x00000227f8dd4890 JavaThread "Unconstrained build operations Thread 4"        [_thread_blocked, id=21364, stack(0x00000029c9a00000,0x00000029c9b00000) (1024K)]
  0x00000227f8e08ec0 JavaThread "Unconstrained build operations Thread 5"        [_thread_blocked, id=6296, stack(0x00000029c9b00000,0x00000029c9c00000) (1024K)]
  0x00000227f8e0c340 JavaThread "Unconstrained build operations Thread 6"        [_thread_blocked, id=10128, stack(0x00000029c9c00000,0x00000029c9d00000) (1024K)]
  0x00000227f8e09be0 JavaThread "Unconstrained build operations Thread 7"        [_thread_blocked, id=6784, stack(0x00000029c9d00000,0x00000029c9e00000) (1024K)]
  0x00000227f8e09550 JavaThread "Unconstrained build operations Thread 8"        [_thread_blocked, id=19552, stack(0x00000029c9e00000,0x00000029c9f00000) (1024K)]
  0x00000227f8e0c9d0 JavaThread "Unconstrained build operations Thread 9"        [_thread_blocked, id=19420, stack(0x00000029c9f00000,0x00000029ca000000) (1024K)]
  0x00000227f8e0d060 JavaThread "Unconstrained build operations Thread 10"        [_thread_blocked, id=12324, stack(0x00000029ca000000,0x00000029ca100000) (1024K)]
  0x00000227f8e0a270 JavaThread "Unconstrained build operations Thread 11"        [_thread_blocked, id=14244, stack(0x00000029ca100000,0x00000029ca200000) (1024K)]
  0x00000227f8e0dd80 JavaThread "Unconstrained build operations Thread 12"        [_thread_blocked, id=19304, stack(0x00000029ca200000,0x00000029ca300000) (1024K)]
  0x00000227f8e0d6f0 JavaThread "jar transforms Thread 2"           [_thread_blocked, id=20676, stack(0x00000029ca300000,0x00000029ca400000) (1024K)]
  0x00000227f8e0a900 JavaThread "jar transforms Thread 3"           [_thread_blocked, id=6716, stack(0x00000029ca400000,0x00000029ca500000) (1024K)]
  0x00000227f8e0e410 JavaThread "jar transforms Thread 4"           [_thread_blocked, id=21512, stack(0x00000029ca500000,0x00000029ca600000) (1024K)]
  0x00000227f8e0f130 JavaThread "build event listener"              [_thread_blocked, id=10444, stack(0x00000029ca600000,0x00000029ca700000) (1024K)]
  0x00000227fb827ad0 JavaThread "Problems report writer"            [_thread_blocked, id=18292, stack(0x00000029ca700000,0x00000029ca800000) (1024K)]
  0x00000227fb824ce0 JavaThread "Unconstrained build operations Thread 13"        [_thread_blocked, id=7300, stack(0x00000029ca800000,0x00000029ca900000) (1024K)]
  0x00000227fb828e80 JavaThread "Unconstrained build operations Thread 14"        [_thread_blocked, id=12104, stack(0x00000029ca900000,0x00000029caa00000) (1024K)]
  0x00000227fb8287f0 JavaThread "Unconstrained build operations Thread 15"        [_thread_blocked, id=11364, stack(0x00000029caa00000,0x00000029cab00000) (1024K)]
  0x00000227fb825a00 JavaThread "Unconstrained build operations Thread 16"        [_thread_blocked, id=19496, stack(0x00000029cab00000,0x00000029cac00000) (1024K)]
  0x00000227fb829510 JavaThread "Unconstrained build operations Thread 17"        [_thread_blocked, id=15272, stack(0x00000029cac00000,0x00000029cad00000) (1024K)]
  0x00000227fb826090 JavaThread "Unconstrained build operations Thread 18"        [_thread_blocked, id=12972, stack(0x00000029cad00000,0x00000029cae00000) (1024K)]
  0x00000227fa74f790 JavaThread "Unconstrained build operations Thread 19"        [_thread_blocked, id=1772, stack(0x00000029cae00000,0x00000029caf00000) (1024K)]
  0x00000227fa751ef0 JavaThread "Unconstrained build operations Thread 20"        [_thread_blocked, id=14832, stack(0x00000029caf00000,0x00000029cb000000) (1024K)]
  0x00000227fa74fe20 JavaThread "Unconstrained build operations Thread 21"        [_thread_blocked, id=14400, stack(0x00000029cb000000,0x00000029cb100000) (1024K)]
  0x00000227fd540d60 JavaThread "Unconstrained build operations Thread 22"        [_thread_blocked, id=1276, stack(0x00000029cb100000,0x00000029cb200000) (1024K)]
  0x00000227fd541a80 JavaThread "Unconstrained build operations Thread 23"        [_thread_blocked, id=15656, stack(0x00000029cb200000,0x00000029cb300000) (1024K)]
  0x00000227fd5413f0 JavaThread "Unconstrained build operations Thread 24"        [_thread_blocked, id=9812, stack(0x00000029cb300000,0x00000029cb400000) (1024K)]
  0x00000227fd5406d0 JavaThread "Unconstrained build operations Thread 25"        [_thread_blocked, id=22280, stack(0x00000029cb400000,0x00000029cb500000) (1024K)]
  0x00000227fd53ec90 JavaThread "Unconstrained build operations Thread 26"        [_thread_blocked, id=9824, stack(0x00000029cb500000,0x00000029cb600000) (1024K)]
  0x00000227fd53e600 JavaThread "Unconstrained build operations Thread 27"        [_thread_blocked, id=408, stack(0x00000029cb600000,0x00000029cb700000) (1024K)]
  0x00000227fd542110 JavaThread "Unconstrained build operations Thread 28"        [_thread_blocked, id=21196, stack(0x00000029cb700000,0x00000029cb800000) (1024K)]
  0x00000227fd5427a0 JavaThread "Unconstrained build operations Thread 29"        [_thread_blocked, id=18472, stack(0x00000029cb800000,0x00000029cb900000) (1024K)]
  0x00000227fd53f9b0 JavaThread "Unconstrained build operations Thread 30"        [_thread_blocked, id=21048, stack(0x00000029cb900000,0x00000029cba00000) (1024K)]
  0x00000227fd543b50 JavaThread "Unconstrained build operations Thread 31"        [_thread_blocked, id=15964, stack(0x00000029cba00000,0x00000029cbb00000) (1024K)]
  0x00000227fd5441e0 JavaThread "Unconstrained build operations Thread 32"        [_thread_blocked, id=19140, stack(0x00000029cbb00000,0x00000029cbc00000) (1024K)]
  0x00000227fd544870 JavaThread "Unconstrained build operations Thread 33"        [_thread_blocked, id=20660, stack(0x00000029cbc00000,0x00000029cbd00000) (1024K)]
  0x00000227fd545590 JavaThread "Unconstrained build operations Thread 34"        [_thread_blocked, id=19068, stack(0x00000029cbd00000,0x00000029cbe00000) (1024K)]
  0x00000227fd545c20 JavaThread "Unconstrained build operations Thread 35"        [_thread_blocked, id=16344, stack(0x00000029cbe00000,0x00000029cbf00000) (1024K)]
  0x00000227fa752c10 JavaThread "Unconstrained build operations Thread 36"        [_thread_blocked, id=8956, stack(0x00000029cbf00000,0x00000029cc000000) (1024K)]
  0x00000227fa7504b0 JavaThread "Unconstrained build operations Thread 37"        [_thread_blocked, id=17940, stack(0x00000029cc000000,0x00000029cc100000) (1024K)]
  0x00000227fa753fc0 JavaThread "Unconstrained build operations Thread 38"        [_thread_blocked, id=2996, stack(0x00000029cc100000,0x00000029cc200000) (1024K)]
  0x00000227fa7532a0 JavaThread "Unconstrained build operations Thread 39"        [_thread_blocked, id=17332, stack(0x00000029cc200000,0x00000029cc300000) (1024K)]
  0x00000227fa750b40 JavaThread "Unconstrained build operations Thread 40"        [_thread_blocked, id=19236, stack(0x00000029c6200000,0x00000029c6300000) (1024K)]
Total: 85

Other Threads:
=>0x00000227d1e22bc0 VMThread "VM Thread"                           [id=7136, stack(0x00000029c6c00000,0x00000029c6d00000) (1024K)]
  0x00000227f25b2000 WatcherThread "VM Periodic Task Thread"        [id=20720, stack(0x00000029c6b00000,0x00000029c6c00000) (1024K)]
  0x00000227d1e23300 WorkerThread "GC Thread#0"                     [id=12080, stack(0x00000029c6600000,0x00000029c6700000) (1024K)]
  0x00000227d1e24180 WorkerThread "GC Thread#1"                     [id=20640, stack(0x00000029c7800000,0x00000029c7900000) (1024K)]
  0x00000227d1e24520 WorkerThread "GC Thread#2"                     [id=18264, stack(0x00000029c7900000,0x00000029c7a00000) (1024K)]
  0x00000227d1e22f60 WorkerThread "GC Thread#3"                     [id=21136, stack(0x00000029c7a00000,0x00000029c7b00000) (1024K)]
  0x00000227d40479e0 ConcurrentGCThread "G1 Main Marker"            [id=18888, stack(0x00000029c6700000,0x00000029c6800000) (1024K)]
  0x00000227d1e236a0 WorkerThread "G1 Conc#0"                       [id=8248, stack(0x00000029c6800000,0x00000029c6900000) (1024K)]
  0x00000227d407fd00 ConcurrentGCThread "G1 Refine#0"               [id=9736, stack(0x00000029c6900000,0x00000029c6a00000) (1024K)]
  0x00000227d4081630 ConcurrentGCThread "G1 Service"                [id=3700, stack(0x00000029c6a00000,0x00000029c6b00000) (1024K)]
Total: 10

Threads with active compile tasks:
C2 CompilerThread0    65425 14281       4       org.gradle.api.internal.artifacts.transform.DefaultTransformInvocationFactory::createInvocation (273 bytes)
Total: 1

VM state: at safepoint (normal execution)

VM Mutex/Monitor currently owned by a thread:  ([mutex/lock_event])
[0x00007ffbc24bde98] Threads_lock - owner thread: 0x00000227d1e22bc0
[0x00007ffbc24bdf98] Heap_lock - owner thread: 0x00000227f87352d0

Heap address: 0x0000000700000000, size: 4096 MB, Compressed Oops mode: Zero based, Oop shift amount: 3

CDS archive(s) mapped at: [0x0000022780000000-0x0000022780c90000-0x0000022780c90000), size 13172736, SharedBaseAddress: 0x0000022780000000, ArchiveRelocationMode: 1.
Compressed class space mapped at: 0x0000022781000000-0x00000227c1000000, reserved size: 1073741824
Narrow klass base: 0x0000022780000000, Narrow klass shift: 0, Narrow klass range: 0x100000000

GC Precious Log:
 CardTable entry size: 512
 Card Set container configuration: InlinePtr #cards 4 size 8 Array Of Cards #cards 16 size 48 Howl #buckets 8 coarsen threshold 3686 Howl Bitmap #cards 512 size 80 coarsen threshold 460 Card regions per heap region 1 cards per card region 4096
 CPUs: 4 total, 4 available
 Memory: 6094M
 Large Page Support: Disabled
 NUMA Support: Disabled
 Compressed Oops: Enabled (Zero based)
 Heap Region Size: 2M
 Heap Min Capacity: 8M
 Heap Initial Capacity: 96M
 Heap Max Capacity: 4G
 Pre-touch: Disabled
 Parallel Workers: 4
 Concurrent Workers: 1
 Concurrent Refinement Workers: 4
 Periodic GC: Disabled

Heap:
 garbage-first heap   total 315392K, used 173130K [0x0000000700000000, 0x0000000800000000)
  region size 2048K, 7 young (14336K), 7 survivors (14336K)
 Metaspace       used 103111K, committed 105728K, reserved 1179648K
  class space    used 14279K, committed 15552K, reserved 1048576K

Heap Regions: E=young(eden), S=young(survivor), O=old, HS=humongous(starts), HC=humongous(continues), CS=collection set, F=free, TAMS=top-at-mark-start, PB=parsable bottom
|   0|0x0000000700000000, 0x0000000700200000, 0x0000000700200000|100%|HS|  |TAMS 0x0000000700000000| PB 0x0000000700000000| Complete 
|   1|0x0000000700200000, 0x0000000700400000, 0x0000000700400000|100%|HC|  |TAMS 0x0000000700200000| PB 0x0000000700200000| Complete 
|   2|0x0000000700400000, 0x0000000700600000, 0x0000000700600000|100%| O|  |TAMS 0x0000000700400000| PB 0x0000000700400000| Untracked 
|   3|0x0000000700600000, 0x0000000700800000, 0x0000000700800000|100%| O|  |TAMS 0x0000000700600000| PB 0x0000000700600000| Untracked 
|   4|0x0000000700800000, 0x0000000700a00000, 0x0000000700a00000|100%| O|  |TAMS 0x0000000700800000| PB 0x0000000700800000| Untracked 
|   5|0x0000000700a00000, 0x0000000700c00000, 0x0000000700c00000|100%| O|  |TAMS 0x0000000700a00000| PB 0x0000000700a00000| Untracked 
|   6|0x0000000700c00000, 0x0000000700e00000, 0x0000000700e00000|100%| O|  |TAMS 0x0000000700c00000| PB 0x0000000700c00000| Untracked 
|   7|0x0000000700e00000, 0x0000000701000000, 0x0000000701000000|100%| O|  |TAMS 0x0000000700e00000| PB 0x0000000700e00000| Untracked 
|   8|0x0000000701000000, 0x0000000701200000, 0x0000000701200000|100%| O|  |TAMS 0x0000000701000000| PB 0x0000000701000000| Untracked 
|   9|0x0000000701200000, 0x0000000701400000, 0x0000000701400000|100%| O|  |TAMS 0x0000000701200000| PB 0x0000000701200000| Untracked 
|  10|0x0000000701400000, 0x0000000701600000, 0x0000000701600000|100%| O|  |TAMS 0x0000000701400000| PB 0x0000000701400000| Untracked 
|  11|0x0000000701600000, 0x0000000701800000, 0x0000000701800000|100%| O|  |TAMS 0x0000000701600000| PB 0x0000000701600000| Untracked 
|  12|0x0000000701800000, 0x0000000701a00000, 0x0000000701a00000|100%| O|  |TAMS 0x0000000701800000| PB 0x0000000701800000| Untracked 
|  13|0x0000000701a00000, 0x0000000701c00000, 0x0000000701c00000|100%| O|  |TAMS 0x0000000701a00000| PB 0x0000000701a00000| Untracked 
|  14|0x0000000701c00000, 0x0000000701e00000, 0x0000000701e00000|100%| O|  |TAMS 0x0000000701c00000| PB 0x0000000701c00000| Untracked 
|  15|0x0000000701e00000, 0x0000000702000000, 0x0000000702000000|100%| O|  |TAMS 0x0000000701e00000| PB 0x0000000701e00000| Untracked 
|  16|0x0000000702000000, 0x0000000702200000, 0x0000000702200000|100%| O|  |TAMS 0x0000000702000000| PB 0x0000000702000000| Untracked 
|  17|0x0000000702200000, 0x0000000702400000, 0x0000000702400000|100%| O|  |TAMS 0x0000000702200000| PB 0x0000000702200000| Untracked 
|  18|0x0000000702400000, 0x0000000702600000, 0x0000000702600000|100%| O|  |TAMS 0x0000000702400000| PB 0x0000000702400000| Untracked 
|  19|0x0000000702600000, 0x0000000702800000, 0x0000000702800000|100%| O|  |TAMS 0x0000000702600000| PB 0x0000000702600000| Untracked 
|  20|0x0000000702800000, 0x0000000702a00000, 0x0000000702a00000|100%| O|  |TAMS 0x0000000702800000| PB 0x0000000702800000| Untracked 
|  21|0x0000000702a00000, 0x0000000702c00000, 0x0000000702c00000|100%| O|  |TAMS 0x0000000702a00000| PB 0x0000000702a00000| Untracked 
|  22|0x0000000702c00000, 0x0000000702e00000, 0x0000000702e00000|100%| O|  |TAMS 0x0000000702c00000| PB 0x0000000702c00000| Untracked 
|  23|0x0000000702e00000, 0x0000000703000000, 0x0000000703000000|100%| O|  |TAMS 0x0000000702e00000| PB 0x0000000702e00000| Untracked 
|  24|0x0000000703000000, 0x0000000703200000, 0x0000000703200000|100%|HS|  |TAMS 0x0000000703000000| PB 0x0000000703000000| Complete 
|  25|0x0000000703200000, 0x0000000703400000, 0x0000000703400000|100%| O|  |TAMS 0x0000000703200000| PB 0x0000000703200000| Untracked 
|  26|0x0000000703400000, 0x0000000703600000, 0x0000000703600000|100%| O|  |TAMS 0x0000000703400000| PB 0x0000000703400000| Untracked 
|  27|0x0000000703600000, 0x0000000703800000, 0x0000000703800000|100%| O|  |TAMS 0x0000000703600000| PB 0x0000000703600000| Untracked 
|  28|0x0000000703800000, 0x0000000703a00000, 0x0000000703a00000|100%| O|  |TAMS 0x0000000703800000| PB 0x0000000703800000| Untracked 
|  29|0x0000000703a00000, 0x0000000703c00000, 0x0000000703c00000|100%| O|  |TAMS 0x0000000703a00000| PB 0x0000000703a00000| Untracked 
|  30|0x0000000703c00000, 0x0000000703e00000, 0x0000000703e00000|100%| O|  |TAMS 0x0000000703c00000| PB 0x0000000703c00000| Untracked 
|  31|0x0000000703e00000, 0x0000000704000000, 0x0000000704000000|100%| O|  |TAMS 0x0000000703e00000| PB 0x0000000703e00000| Untracked 
|  32|0x0000000704000000, 0x0000000704000000, 0x0000000704200000|  0%| F|  |TAMS 0x0000000704000000| PB 0x0000000704000000| Untracked 
|  33|0x0000000704200000, 0x0000000704400000, 0x0000000704400000|100%| O|  |TAMS 0x0000000704200000| PB 0x0000000704200000| Untracked 
|  34|0x0000000704400000, 0x0000000704600000, 0x0000000704600000|100%|HS|  |TAMS 0x0000000704400000| PB 0x0000000704400000| Complete 
|  35|0x0000000704600000, 0x0000000704800000, 0x0000000704800000|100%| O|  |TAMS 0x0000000704600000| PB 0x0000000704600000| Untracked 
|  36|0x0000000704800000, 0x0000000704a00000, 0x0000000704a00000|100%| O|  |TAMS 0x0000000704800000| PB 0x0000000704800000| Untracked 
|  37|0x0000000704a00000, 0x0000000704c00000, 0x0000000704c00000|100%| O|  |TAMS 0x0000000704a00000| PB 0x0000000704a00000| Untracked 
|  38|0x0000000704c00000, 0x0000000704e00000, 0x0000000704e00000|100%| O|  |TAMS 0x0000000704c00000| PB 0x0000000704c00000| Untracked 
|  39|0x0000000704e00000, 0x0000000705000000, 0x0000000705000000|100%| O|  |TAMS 0x0000000704e00000| PB 0x0000000704e00000| Untracked 
|  40|0x0000000705000000, 0x0000000705200000, 0x0000000705200000|100%| O|  |TAMS 0x0000000705000000| PB 0x0000000705000000| Untracked 
|  41|0x0000000705200000, 0x0000000705400000, 0x0000000705400000|100%| O|  |TAMS 0x0000000705200000| PB 0x0000000705200000| Untracked 
|  42|0x0000000705400000, 0x0000000705600000, 0x0000000705600000|100%| O|  |TAMS 0x0000000705400000| PB 0x0000000705400000| Untracked 
|  43|0x0000000705600000, 0x0000000705800000, 0x0000000705800000|100%| O|  |TAMS 0x0000000705600000| PB 0x0000000705600000| Untracked 
|  44|0x0000000705800000, 0x0000000705a00000, 0x0000000705a00000|100%| O|  |TAMS 0x0000000705800000| PB 0x0000000705800000| Untracked 
|  45|0x0000000705a00000, 0x0000000705c00000, 0x0000000705c00000|100%| O|  |TAMS 0x0000000705a00000| PB 0x0000000705a00000| Untracked 
|  46|0x0000000705c00000, 0x0000000705e00000, 0x0000000705e00000|100%| O|  |TAMS 0x0000000705c00000| PB 0x0000000705c00000| Untracked 
|  47|0x0000000705e00000, 0x0000000706000000, 0x0000000706000000|100%| O|  |TAMS 0x0000000705e00000| PB 0x0000000705e00000| Untracked 
|  48|0x0000000706000000, 0x0000000706200000, 0x0000000706200000|100%| O|  |TAMS 0x0000000706000000| PB 0x0000000706000000| Untracked 
|  49|0x0000000706200000, 0x0000000706400000, 0x0000000706400000|100%|HS|  |TAMS 0x0000000706200000| PB 0x0000000706200000| Complete 
|  50|0x0000000706400000, 0x0000000706600000, 0x0000000706600000|100%|HC|  |TAMS 0x0000000706400000| PB 0x0000000706400000| Complete 
|  51|0x0000000706600000, 0x0000000706800000, 0x0000000706800000|100%|HS|  |TAMS 0x0000000706600000| PB 0x0000000706600000| Complete 
|  52|0x0000000706800000, 0x0000000706a00000, 0x0000000706a00000|100%| O|  |TAMS 0x0000000706800000| PB 0x0000000706800000| Untracked 
|  53|0x0000000706a00000, 0x0000000706c00000, 0x0000000706c00000|100%| O|  |TAMS 0x0000000706a00000| PB 0x0000000706a00000| Untracked 
|  54|0x0000000706c00000, 0x0000000706e00000, 0x0000000706e00000|100%| O|  |TAMS 0x0000000706c00000| PB 0x0000000706c00000| Untracked 
|  55|0x0000000706e00000, 0x0000000707000000, 0x0000000707000000|100%| O|  |TAMS 0x0000000706e00000| PB 0x0000000706e00000| Untracked 
|  56|0x0000000707000000, 0x0000000707200000, 0x0000000707200000|100%| O|  |TAMS 0x0000000707000000| PB 0x0000000707000000| Untracked 
|  57|0x0000000707200000, 0x0000000707400000, 0x0000000707400000|100%| O|  |TAMS 0x0000000707200000| PB 0x0000000707200000| Untracked 
|  58|0x0000000707400000, 0x0000000707600000, 0x0000000707600000|100%| O|  |TAMS 0x0000000707400000| PB 0x0000000707400000| Untracked 
|  59|0x0000000707600000, 0x0000000707800000, 0x0000000707800000|100%| O|  |TAMS 0x0000000707600000| PB 0x0000000707600000| Untracked 
|  60|0x0000000707800000, 0x0000000707a00000, 0x0000000707a00000|100%| O|  |TAMS 0x0000000707800000| PB 0x0000000707800000| Untracked 
|  61|0x0000000707a00000, 0x0000000707c00000, 0x0000000707c00000|100%| O|  |TAMS 0x0000000707a00000| PB 0x0000000707a00000| Untracked 
|  62|0x0000000707c00000, 0x0000000707e00000, 0x0000000707e00000|100%| O|  |TAMS 0x0000000707c00000| PB 0x0000000707c00000| Untracked 
|  63|0x0000000707e00000, 0x0000000707e00000, 0x0000000708000000|  0%| F|  |TAMS 0x0000000707e00000| PB 0x0000000707e00000| Untracked 
|  64|0x0000000708000000, 0x0000000708200000, 0x0000000708200000|100%| O|  |TAMS 0x0000000708000000| PB 0x0000000708000000| Untracked 
|  65|0x0000000708200000, 0x0000000708400000, 0x0000000708400000|100%| O|  |TAMS 0x0000000708200000| PB 0x0000000708200000| Untracked 
|  66|0x0000000708400000, 0x0000000708600000, 0x0000000708600000|100%| O|  |TAMS 0x0000000708400000| PB 0x0000000708400000| Untracked 
|  67|0x0000000708600000, 0x0000000708800000, 0x0000000708800000|100%| O|  |TAMS 0x0000000708600000| PB 0x0000000708600000| Untracked 
|  68|0x0000000708800000, 0x0000000708a00000, 0x0000000708a00000|100%| O|  |TAMS 0x0000000708800000| PB 0x0000000708800000| Untracked 
|  69|0x0000000708a00000, 0x0000000708c00000, 0x0000000708c00000|100%| O|  |TAMS 0x0000000708a00000| PB 0x0000000708a00000| Untracked 
|  70|0x0000000708c00000, 0x0000000708e00000, 0x0000000708e00000|100%| O|  |TAMS 0x0000000708c00000| PB 0x0000000708c00000| Untracked 
|  71|0x0000000708e00000, 0x0000000708e00000, 0x0000000709000000|  0%| F|  |TAMS 0x0000000708e00000| PB 0x0000000708e00000| Untracked 
|  72|0x0000000709000000, 0x0000000709200000, 0x0000000709200000|100%| O|  |TAMS 0x0000000709000000| PB 0x0000000709000000| Untracked 
|  73|0x0000000709200000, 0x0000000709400000, 0x0000000709400000|100%| O|  |TAMS 0x0000000709200000| PB 0x0000000709200000| Untracked 
|  74|0x0000000709400000, 0x0000000709600000, 0x0000000709600000|100%| O|  |TAMS 0x0000000709400000| PB 0x0000000709400000| Untracked 
|  75|0x0000000709600000, 0x0000000709800000, 0x0000000709800000|100%| O|  |TAMS 0x0000000709600000| PB 0x0000000709600000| Untracked 
|  76|0x0000000709800000, 0x0000000709a00000, 0x0000000709a00000|100%| O|  |TAMS 0x0000000709800000| PB 0x0000000709800000| Untracked 
|  77|0x0000000709a00000, 0x0000000709c00000, 0x0000000709c00000|100%| O|  |TAMS 0x0000000709a00000| PB 0x0000000709a00000| Untracked 
|  78|0x0000000709c00000, 0x0000000709d12bf0, 0x0000000709e00000| 53%| O|  |TAMS 0x0000000709c00000| PB 0x0000000709c00000| Untracked 
|  79|0x0000000709e00000, 0x000000070a000000, 0x000000070a000000|100%| O|  |TAMS 0x0000000709e00000| PB 0x0000000709e00000| Untracked 
|  80|0x000000070a000000, 0x000000070a200000, 0x000000070a200000|100%| O|  |TAMS 0x000000070a000000| PB 0x000000070a000000| Untracked 
|  81|0x000000070a200000, 0x000000070a200000, 0x000000070a400000|  0%| F|  |TAMS 0x000000070a200000| PB 0x000000070a200000| Untracked 
|  82|0x000000070a400000, 0x000000070a400000, 0x000000070a600000|  0%| F|  |TAMS 0x000000070a400000| PB 0x000000070a400000| Untracked 
|  83|0x000000070a600000, 0x000000070a600000, 0x000000070a800000|  0%| F|  |TAMS 0x000000070a600000| PB 0x000000070a600000| Untracked 
|  84|0x000000070a800000, 0x000000070a800000, 0x000000070aa00000|  0%| F|  |TAMS 0x000000070a800000| PB 0x000000070a800000| Untracked 
|  85|0x000000070aa00000, 0x000000070aa00000, 0x000000070ac00000|  0%| F|  |TAMS 0x000000070aa00000| PB 0x000000070aa00000| Untracked 
|  86|0x000000070ac00000, 0x000000070ac00000, 0x000000070ae00000|  0%| F|  |TAMS 0x000000070ac00000| PB 0x000000070ac00000| Untracked 
|  87|0x000000070ae00000, 0x000000070ae00000, 0x000000070b000000|  0%| F|  |TAMS 0x000000070ae00000| PB 0x000000070ae00000| Untracked 
|  88|0x000000070b000000, 0x000000070b000000, 0x000000070b200000|  0%| F|  |TAMS 0x000000070b000000| PB 0x000000070b000000| Untracked 
|  89|0x000000070b200000, 0x000000070b200000, 0x000000070b400000|  0%| F|  |TAMS 0x000000070b200000| PB 0x000000070b200000| Untracked 
|  90|0x000000070b400000, 0x000000070b400000, 0x000000070b600000|  0%| F|  |TAMS 0x000000070b400000| PB 0x000000070b400000| Untracked 
|  91|0x000000070b600000, 0x000000070b600000, 0x000000070b800000|  0%| F|  |TAMS 0x000000070b600000| PB 0x000000070b600000| Untracked 
|  92|0x000000070b800000, 0x000000070ba00000, 0x000000070ba00000|100%| S|CS|TAMS 0x000000070b800000| PB 0x000000070b800000| Complete 
|  93|0x000000070ba00000, 0x000000070bc00000, 0x000000070bc00000|100%| S|CS|TAMS 0x000000070ba00000| PB 0x000000070ba00000| Complete 
|  94|0x000000070bc00000, 0x000000070be00000, 0x000000070be00000|100%| S|CS|TAMS 0x000000070bc00000| PB 0x000000070bc00000| Complete 
|  95|0x000000070be00000, 0x000000070c000000, 0x000000070c000000|100%| S|CS|TAMS 0x000000070be00000| PB 0x000000070be00000| Complete 
|  96|0x000000070c000000, 0x000000070c200000, 0x000000070c200000|100%| S|CS|TAMS 0x000000070c000000| PB 0x000000070c000000| Complete 
|  97|0x000000070c200000, 0x000000070c400000, 0x000000070c400000|100%| S|CS|TAMS 0x000000070c200000| PB 0x000000070c200000| Complete 
|  98|0x000000070c400000, 0x000000070c600000, 0x000000070c600000|100%| S|CS|TAMS 0x000000070c400000| PB 0x000000070c400000| Complete 
|  99|0x000000070c600000, 0x000000070c600000, 0x000000070c800000|  0%| F|  |TAMS 0x000000070c600000| PB 0x000000070c600000| Untracked 
| 100|0x000000070c800000, 0x000000070c800000, 0x000000070ca00000|  0%| F|  |TAMS 0x000000070c800000| PB 0x000000070c800000| Untracked 
| 101|0x000000070ca00000, 0x000000070ca00000, 0x000000070cc00000|  0%| F|  |TAMS 0x000000070ca00000| PB 0x000000070ca00000| Untracked 
| 102|0x000000070cc00000, 0x000000070cc00000, 0x000000070ce00000|  0%| F|  |TAMS 0x000000070cc00000| PB 0x000000070cc00000| Untracked 
| 103|0x000000070ce00000, 0x000000070ce00000, 0x000000070d000000|  0%| F|  |TAMS 0x000000070ce00000| PB 0x000000070ce00000| Untracked 
| 104|0x000000070d000000, 0x000000070d000000, 0x000000070d200000|  0%| F|  |TAMS 0x000000070d000000| PB 0x000000070d000000| Untracked 
| 105|0x000000070d200000, 0x000000070d200000, 0x000000070d400000|  0%| F|  |TAMS 0x000000070d200000| PB 0x000000070d200000| Untracked 
| 106|0x000000070d400000, 0x000000070d400000, 0x000000070d600000|  0%| F|  |TAMS 0x000000070d400000| PB 0x000000070d400000| Untracked 
| 107|0x000000070d600000, 0x000000070d600000, 0x000000070d800000|  0%| F|  |TAMS 0x000000070d600000| PB 0x000000070d600000| Untracked 
| 108|0x000000070d800000, 0x000000070d800000, 0x000000070da00000|  0%| F|  |TAMS 0x000000070d800000| PB 0x000000070d800000| Untracked 
| 109|0x000000070da00000, 0x000000070da00000, 0x000000070dc00000|  0%| F|  |TAMS 0x000000070da00000| PB 0x000000070da00000| Untracked 
| 110|0x000000070dc00000, 0x000000070dc00000, 0x000000070de00000|  0%| F|  |TAMS 0x000000070dc00000| PB 0x000000070dc00000| Untracked 
| 111|0x000000070de00000, 0x000000070de00000, 0x000000070e000000|  0%| F|  |TAMS 0x000000070de00000| PB 0x000000070de00000| Untracked 
| 112|0x000000070e000000, 0x000000070e000000, 0x000000070e200000|  0%| F|  |TAMS 0x000000070e000000| PB 0x000000070e000000| Untracked 
| 113|0x000000070e200000, 0x000000070e200000, 0x000000070e400000|  0%| F|  |TAMS 0x000000070e200000| PB 0x000000070e200000| Untracked 
| 114|0x000000070e400000, 0x000000070e400000, 0x000000070e600000|  0%| F|  |TAMS 0x000000070e400000| PB 0x000000070e400000| Untracked 
| 115|0x000000070e600000, 0x000000070e600000, 0x000000070e800000|  0%| F|  |TAMS 0x000000070e600000| PB 0x000000070e600000| Untracked 
| 116|0x000000070e800000, 0x000000070e800000, 0x000000070ea00000|  0%| F|  |TAMS 0x000000070e800000| PB 0x000000070e800000| Untracked 
| 117|0x000000070ea00000, 0x000000070ea00000, 0x000000070ec00000|  0%| F|  |TAMS 0x000000070ea00000| PB 0x000000070ea00000| Untracked 
| 118|0x000000070ec00000, 0x000000070ec00000, 0x000000070ee00000|  0%| F|  |TAMS 0x000000070ec00000| PB 0x000000070ec00000| Untracked 
| 119|0x000000070ee00000, 0x000000070ee00000, 0x000000070f000000|  0%| F|  |TAMS 0x000000070ee00000| PB 0x000000070ee00000| Untracked 
| 120|0x000000070f000000, 0x000000070f000000, 0x000000070f200000|  0%| F|  |TAMS 0x000000070f000000| PB 0x000000070f000000| Untracked 
| 121|0x000000070f200000, 0x000000070f200000, 0x000000070f400000|  0%| F|  |TAMS 0x000000070f200000| PB 0x000000070f200000| Untracked 
| 122|0x000000070f400000, 0x000000070f400000, 0x000000070f600000|  0%| F|  |TAMS 0x000000070f400000| PB 0x000000070f400000| Untracked 
| 123|0x000000070f600000, 0x000000070f600000, 0x000000070f800000|  0%| F|  |TAMS 0x000000070f600000| PB 0x000000070f600000| Untracked 
| 124|0x000000070f800000, 0x000000070f800000, 0x000000070fa00000|  0%| F|  |TAMS 0x000000070f800000| PB 0x000000070f800000| Untracked 
| 125|0x000000070fa00000, 0x000000070fa00000, 0x000000070fc00000|  0%| F|  |TAMS 0x000000070fa00000| PB 0x000000070fa00000| Untracked 
| 126|0x000000070fc00000, 0x000000070fc00000, 0x000000070fe00000|  0%| F|  |TAMS 0x000000070fc00000| PB 0x000000070fc00000| Untracked 
| 127|0x000000070fe00000, 0x000000070fe00000, 0x0000000710000000|  0%| F|  |TAMS 0x000000070fe00000| PB 0x000000070fe00000| Untracked 
| 128|0x0000000710000000, 0x0000000710000000, 0x0000000710200000|  0%| F|  |TAMS 0x0000000710000000| PB 0x0000000710000000| Untracked 
| 129|0x0000000710200000, 0x0000000710200000, 0x0000000710400000|  0%| F|  |TAMS 0x0000000710200000| PB 0x0000000710200000| Untracked 
| 130|0x0000000710400000, 0x0000000710400000, 0x0000000710600000|  0%| F|  |TAMS 0x0000000710400000| PB 0x0000000710400000| Untracked 
| 131|0x0000000710600000, 0x0000000710600000, 0x0000000710800000|  0%| F|  |TAMS 0x0000000710600000| PB 0x0000000710600000| Untracked 
| 132|0x0000000710800000, 0x0000000710800000, 0x0000000710a00000|  0%| F|  |TAMS 0x0000000710800000| PB 0x0000000710800000| Untracked 
| 133|0x0000000710a00000, 0x0000000710a00000, 0x0000000710c00000|  0%| F|  |TAMS 0x0000000710a00000| PB 0x0000000710a00000| Untracked 
| 134|0x0000000710c00000, 0x0000000710c00000, 0x0000000710e00000|  0%| F|  |TAMS 0x0000000710c00000| PB 0x0000000710c00000| Untracked 
| 135|0x0000000710e00000, 0x0000000710e00000, 0x0000000711000000|  0%| F|  |TAMS 0x0000000710e00000| PB 0x0000000710e00000| Untracked 
| 136|0x0000000711000000, 0x0000000711000000, 0x0000000711200000|  0%| F|  |TAMS 0x0000000711000000| PB 0x0000000711000000| Untracked 
| 137|0x0000000711200000, 0x0000000711200000, 0x0000000711400000|  0%| F|  |TAMS 0x0000000711200000| PB 0x0000000711200000| Untracked 
| 138|0x0000000711400000, 0x0000000711400000, 0x0000000711600000|  0%| F|  |TAMS 0x0000000711400000| PB 0x0000000711400000| Untracked 
| 139|0x0000000711600000, 0x0000000711600000, 0x0000000711800000|  0%| F|  |TAMS 0x0000000711600000| PB 0x0000000711600000| Untracked 
| 140|0x0000000711800000, 0x0000000711800000, 0x0000000711a00000|  0%| F|  |TAMS 0x0000000711800000| PB 0x0000000711800000| Untracked 
| 141|0x0000000711a00000, 0x0000000711a00000, 0x0000000711c00000|  0%| F|  |TAMS 0x0000000711a00000| PB 0x0000000711a00000| Untracked 
| 142|0x0000000711c00000, 0x0000000711c00000, 0x0000000711e00000|  0%| F|  |TAMS 0x0000000711c00000| PB 0x0000000711c00000| Untracked 
| 143|0x0000000711e00000, 0x0000000711e00000, 0x0000000712000000|  0%| F|  |TAMS 0x0000000711e00000| PB 0x0000000711e00000| Untracked 
| 144|0x0000000712000000, 0x0000000712000000, 0x0000000712200000|  0%| F|  |TAMS 0x0000000712000000| PB 0x0000000712000000| Untracked 
| 145|0x0000000712200000, 0x0000000712200000, 0x0000000712400000|  0%| F|  |TAMS 0x0000000712200000| PB 0x0000000712200000| Untracked 
| 146|0x0000000712400000, 0x0000000712400000, 0x0000000712600000|  0%| F|  |TAMS 0x0000000712400000| PB 0x0000000712400000| Untracked 
| 147|0x0000000712600000, 0x0000000712600000, 0x0000000712800000|  0%| F|  |TAMS 0x0000000712600000| PB 0x0000000712600000| Untracked 
| 148|0x0000000712800000, 0x0000000712800000, 0x0000000712a00000|  0%| F|  |TAMS 0x0000000712800000| PB 0x0000000712800000| Untracked 
| 149|0x0000000712a00000, 0x0000000712a00000, 0x0000000712c00000|  0%| F|  |TAMS 0x0000000712a00000| PB 0x0000000712a00000| Untracked 
| 150|0x0000000712c00000, 0x0000000712c00000, 0x0000000712e00000|  0%| F|  |TAMS 0x0000000712c00000| PB 0x0000000712c00000| Untracked 
| 151|0x0000000712e00000, 0x0000000712e00000, 0x0000000713000000|  0%| F|  |TAMS 0x0000000712e00000| PB 0x0000000712e00000| Untracked 
| 152|0x0000000713000000, 0x0000000713000000, 0x0000000713200000|  0%| F|  |TAMS 0x0000000713000000| PB 0x0000000713000000| Untracked 
| 153|0x0000000713200000, 0x0000000713200000, 0x0000000713400000|  0%| F|  |TAMS 0x0000000713200000| PB 0x0000000713200000| Untracked 

Card table byte_map: [0x00000227ebc50000,0x00000227ec450000] _byte_map_base: 0x00000227e8450000

Marking Bits: (CMBitMap*) 0x00000227d4036280
 Bits: [0x00000227ec450000, 0x00000227f0450000)

Polling page: 0x00000227d1f70000

Metaspace:

Usage:
  Non-class:     86.75 MB used.
      Class:     13.95 MB used.
       Both:    100.69 MB used.

Virtual space:
  Non-class space:      128.00 MB reserved,      88.06 MB ( 69%) committed,  2 nodes.
      Class space:        1.00 GB reserved,      15.19 MB (  1%) committed,  1 nodes.
             Both:        1.12 GB reserved,     103.25 MB (  9%) committed. 

Chunk freelists:
   Non-Class:  7.89 MB
       Class:  733.00 KB
        Both:  8.61 MB

MaxMetaspaceSize: 2.00 GB
CompressedClassSpaceSize: 1.00 GB
Initial GC threshold: 21.00 MB
Current GC threshold: 171.38 MB
CDS: on
 - commit_granule_bytes: 65536.
 - commit_granule_words: 8192.
 - virtual_space_node_default_size: 8388608.
 - enlarge_chunks_in_place: 1.
 - use_allocation_guard: 0.


Internal statistics:

num_allocs_failed_limit: 9.
num_arena_births: 4350.
num_arena_deaths: 0.
num_vsnodes_births: 3.
num_vsnodes_deaths: 0.
num_space_committed: 1652.
num_space_uncommitted: 0.
num_chunks_returned_to_freelist: 9.
num_chunks_taken_from_freelist: 9229.
num_chunk_merges: 9.
num_chunk_splits: 6020.
num_chunks_enlarged: 3798.
num_inconsistent_stats: 0.

CodeHeap 'non-profiled nmethods': size=120000Kb used=7684Kb max_used=7684Kb free=112315Kb
 bounds [0x00000227e3f20000, 0x00000227e46b0000, 0x00000227eb450000]
CodeHeap 'profiled nmethods': size=120000Kb used=23093Kb max_used=23093Kb free=96906Kb
 bounds [0x00000227dc450000, 0x00000227ddae0000, 0x00000227e3980000]
CodeHeap 'non-nmethods': size=5760Kb used=2919Kb max_used=2972Kb free=2840Kb
 bounds [0x00000227e3980000, 0x00000227e3c80000, 0x00000227e3f20000]
 total_blobs=13039 nmethods=12030 adapters=913
 compilation: enabled
              stopped_count=0, restarted_count=0
 full_count=0

Compilation events (20 events):
Event: 65.025 Thread 0x00000227f2615330 nmethod 14269 0x00000227e4696290 code [0x00000227e4696520, 0x00000227e4697440]
Event: 65.026 Thread 0x00000227f2615330 14272       4       org.gradle.internal.component.model.DefaultIvyArtifactName::forFileName (22 bytes)
Event: 65.038 Thread 0x00000227f261d390 14275       1       org.gradle.internal.logging.events.ProgressCompleteEvent::getStatus (5 bytes)
Event: 65.039 Thread 0x00000227f261d390 nmethod 14275 0x00000227e4697c10 code [0x00000227e4697da0, 0x00000227e4697e70]
Event: 65.107 Thread 0x00000227f2615330 nmethod 14272 0x00000227e4697f10 code [0x00000227e4698240, 0x00000227e4699970]
Event: 65.107 Thread 0x00000227f2615330 14271       4       org.gradle.api.internal.artifacts.DefaultResolvableArtifact::transformedTo (100 bytes)
Event: 65.208 Thread 0x00000227f261d390 14278       3       org.gradle.cache.internal.btree.BTreePersistentIndexedCache$IndexBlock::find (18 bytes)
Event: 65.208 Thread 0x00000227f261d390 nmethod 14278 0x00000227ddadd410 code [0x00000227ddadd600, 0x00000227ddadd9c0]
Event: 65.219 Thread 0x00000227f2615330 nmethod 14271 0x00000227e469ab90 code [0x00000227e469aee0, 0x00000227e469d3f0]
Event: 65.219 Thread 0x00000227f2615330 14273       4       org.gradle.api.internal.artifacts.PreResolvedResolvableArtifact::<init> (73 bytes)
Event: 65.241 Thread 0x00000227f2615330 nmethod 14273 0x00000227e469e590 code [0x00000227e469e780, 0x00000227e469f6a0]
Event: 65.241 Thread 0x00000227f2615330 14276       4       org.gradle.internal.execution.impl.DefaultFileNormalizationSpec::equals (71 bytes)
Event: 65.244 Thread 0x00000227f2615330 nmethod 14276 0x00000227e469f990 code [0x00000227e469fb40, 0x00000227e469fce8]
Event: 65.244 Thread 0x00000227f2615330 14277       4       org.gradle.internal.execution.impl.DefaultFileNormalizationSpec::from (11 bytes)
Event: 65.245 Thread 0x00000227f2615330 nmethod 14277 0x00000227e469fe90 code [0x00000227e46a0020, 0x00000227e46a0118]
Event: 65.246 Thread 0x00000227f2615330 14279       4       org.gradle.cache.Cache::get (14 bytes)
Event: 65.259 Thread 0x00000227f2615330 nmethod 14279 0x00000227e46a0210 code [0x00000227e46a0460, 0x00000227e46a0d18]
Event: 65.265 Thread 0x00000227f261d390 14280       3       com.google.common.cache.LocalCache$Segment::cleanUp (21 bytes)
Event: 65.266 Thread 0x00000227f261d390 nmethod 14280 0x00000227ddaddc10 code [0x00000227ddadde00, 0x00000227ddade2f0]
Event: 65.274 Thread 0x00000227f2615330 14281       4       org.gradle.api.internal.artifacts.transform.DefaultTransformInvocationFactory::createInvocation (273 bytes)

GC Heap History (20 events):
Event: 50.494 GC heap after
{Heap after GC invocations=43 (full 0):
 garbage-first heap   total 174080K, used 107774K [0x0000000700000000, 0x0000000800000000)
  region size 2048K, 4 young (8192K), 4 survivors (8192K)
 Metaspace       used 86544K, committed 88768K, reserved 1179648K
  class space    used 11826K, committed 12928K, reserved 1048576K
}
Event: 51.374 GC heap before
{Heap before GC invocations=44 (full 0):
 garbage-first heap   total 204800K, used 158974K [0x0000000700000000, 0x0000000800000000)
  region size 2048K, 27 young (55296K), 4 survivors (8192K)
 Metaspace       used 88737K, committed 90944K, reserved 1179648K
  class space    used 12113K, committed 13184K, reserved 1048576K
}
Event: 51.384 GC heap after
{Heap after GC invocations=45 (full 0):
 garbage-first heap   total 204800K, used 119449K [0x0000000700000000, 0x0000000800000000)
  region size 2048K, 3 young (6144K), 3 survivors (6144K)
 Metaspace       used 88737K, committed 90944K, reserved 1179648K
  class space    used 12113K, committed 13184K, reserved 1048576K
}
Event: 52.368 GC heap before
{Heap before GC invocations=45 (full 0):
 garbage-first heap   total 204800K, used 174745K [0x0000000700000000, 0x0000000800000000)
  region size 2048K, 31 young (63488K), 3 survivors (6144K)
 Metaspace       used 91130K, committed 93440K, reserved 1179648K
  class space    used 12435K, committed 13568K, reserved 1048576K
}
Event: 52.382 GC heap after
{Heap after GC invocations=46 (full 0):
 garbage-first heap   total 204800K, used 121741K [0x0000000700000000, 0x0000000800000000)
  region size 2048K, 2 young (4096K), 2 survivors (4096K)
 Metaspace       used 91130K, committed 93440K, reserved 1179648K
  class space    used 12435K, committed 13568K, reserved 1048576K
}
Event: 53.462 GC heap before
{Heap before GC invocations=46 (full 0):
 garbage-first heap   total 204800K, used 181133K [0x0000000700000000, 0x0000000800000000)
  region size 2048K, 31 young (63488K), 2 survivors (4096K)
 Metaspace       used 95499K, committed 97792K, reserved 1179648K
  class space    used 13161K, committed 14272K, reserved 1048576K
}
Event: 53.471 GC heap after
{Heap after GC invocations=47 (full 0):
 garbage-first heap   total 204800K, used 123310K [0x0000000700000000, 0x0000000800000000)
  region size 2048K, 3 young (6144K), 3 survivors (6144K)
 Metaspace       used 95499K, committed 97792K, reserved 1179648K
  class space    used 13161K, committed 14272K, reserved 1048576K
}
Event: 54.675 GC heap before
{Heap before GC invocations=48 (full 0):
 garbage-first heap   total 225280K, used 184750K [0x0000000700000000, 0x0000000800000000)
  region size 2048K, 33 young (67584K), 3 survivors (6144K)
 Metaspace       used 98917K, committed 101312K, reserved 1179648K
  class space    used 13686K, committed 14848K, reserved 1048576K
}
Event: 54.692 GC heap after
{Heap after GC invocations=49 (full 0):
 garbage-first heap   total 225280K, used 128054K [0x0000000700000000, 0x0000000800000000)
  region size 2048K, 5 young (10240K), 5 survivors (10240K)
 Metaspace       used 98917K, committed 101312K, reserved 1179648K
  class space    used 13686K, committed 14848K, reserved 1048576K
}
Event: 56.241 GC heap before
{Heap before GC invocations=49 (full 0):
 garbage-first heap   total 225280K, used 201782K [0x0000000700000000, 0x0000000800000000)
  region size 2048K, 41 young (83968K), 5 survivors (10240K)
 Metaspace       used 100952K, committed 103488K, reserved 1179648K
  class space    used 13965K, committed 15232K, reserved 1048576K
}
Event: 56.268 GC heap after
{Heap after GC invocations=50 (full 0):
 garbage-first heap   total 270336K, used 133876K [0x0000000700000000, 0x0000000800000000)
  region size 2048K, 6 young (12288K), 6 survivors (12288K)
 Metaspace       used 100952K, committed 103488K, reserved 1179648K
  class space    used 13965K, committed 15232K, reserved 1048576K
}
Event: 57.563 GC heap before
{Heap before GC invocations=50 (full 0):
 garbage-first heap   total 270336K, used 228084K [0x0000000700000000, 0x0000000800000000)
  region size 2048K, 53 young (108544K), 6 survivors (12288K)
 Metaspace       used 101409K, committed 103872K, reserved 1179648K
  class space    used 14025K, committed 15232K, reserved 1048576K
}
Event: 57.586 GC heap after
{Heap after GC invocations=51 (full 0):
 garbage-first heap   total 270336K, used 140013K [0x0000000700000000, 0x0000000800000000)
  region size 2048K, 3 young (6144K), 3 survivors (6144K)
 Metaspace       used 101409K, committed 103872K, reserved 1179648K
  class space    used 14025K, committed 15232K, reserved 1048576K
}
Event: 60.358 GC heap before
{Heap before GC invocations=51 (full 0):
 garbage-first heap   total 270336K, used 240365K [0x0000000700000000, 0x0000000800000000)
  region size 2048K, 53 young (108544K), 3 survivors (6144K)
 Metaspace       used 102485K, committed 105024K, reserved 1179648K
  class space    used 14205K, committed 15488K, reserved 1048576K
}
Event: 60.388 GC heap after
{Heap after GC invocations=52 (full 0):
 garbage-first heap   total 270336K, used 151415K [0x0000000700000000, 0x0000000800000000)
  region size 2048K, 7 young (14336K), 7 survivors (14336K)
 Metaspace       used 102485K, committed 105024K, reserved 1179648K
  class space    used 14205K, committed 15488K, reserved 1048576K
}
Event: 62.249 GC heap before
{Heap before GC invocations=52 (full 0):
 garbage-first heap   total 270336K, used 239479K [0x0000000700000000, 0x0000000800000000)
  region size 2048K, 50 young (102400K), 7 survivors (14336K)
 Metaspace       used 102700K, committed 105280K, reserved 1179648K
  class space    used 14227K, committed 15488K, reserved 1048576K
}
Event: 62.273 GC heap after
{Heap after GC invocations=53 (full 0):
 garbage-first heap   total 270336K, used 162443K [0x0000000700000000, 0x0000000800000000)
  region size 2048K, 6 young (12288K), 6 survivors (12288K)
 Metaspace       used 102700K, committed 105280K, reserved 1179648K
  class space    used 14227K, committed 15488K, reserved 1048576K
}
Event: 63.507 GC heap before
{Heap before GC invocations=54 (full 0):
 garbage-first heap   total 315392K, used 236171K [0x0000000700000000, 0x0000000800000000)
  region size 2048K, 43 young (88064K), 6 survivors (12288K)
 Metaspace       used 102877K, committed 105408K, reserved 1179648K
  class space    used 14249K, committed 15488K, reserved 1048576K
}
Event: 63.526 GC heap after
{Heap after GC invocations=55 (full 0):
 garbage-first heap   total 315392K, used 167926K [0x0000000700000000, 0x0000000800000000)
  region size 2048K, 4 young (8192K), 4 survivors (8192K)
 Metaspace       used 102877K, committed 105408K, reserved 1179648K
  class space    used 14249K, committed 15488K, reserved 1048576K
}
Event: 65.314 GC heap before
{Heap before GC invocations=55 (full 0):
 garbage-first heap   total 315392K, used 270326K [0x0000000700000000, 0x0000000800000000)
  region size 2048K, 55 young (112640K), 4 survivors (8192K)
 Metaspace       used 103111K, committed 105728K, reserved 1179648K
  class space    used 14279K, committed 15552K, reserved 1048576K
}

Dll operation events (15 events):
Event: 0.016 Loaded shared library C:\Program Files\Java\jdk-21\bin\java.dll
Event: 0.057 Loaded shared library C:\Program Files\Java\jdk-21\bin\jsvml.dll
Event: 0.131 Loaded shared library C:\Program Files\Java\jdk-21\bin\zip.dll
Event: 0.138 Loaded shared library C:\Program Files\Java\jdk-21\bin\instrument.dll
Event: 0.145 Loaded shared library C:\Program Files\Java\jdk-21\bin\net.dll
Event: 0.148 Loaded shared library C:\Program Files\Java\jdk-21\bin\nio.dll
Event: 0.154 Loaded shared library C:\Program Files\Java\jdk-21\bin\zip.dll
Event: 0.650 Loaded shared library C:\Program Files\Java\jdk-21\bin\jimage.dll
Event: 0.938 Loaded shared library C:\Program Files\Java\jdk-21\bin\verify.dll
Event: 1.180 Loaded shared library C:\Users\ASUS\.gradle\native\1def1411415f61bf3af743bc5b6707747c0891f09f0c88961ee8f79bc544acac\windows-amd64\native-platform.dll
Event: 1.199 Loaded shared library C:\Users\ASUS\.gradle\native\0.2.7\x86_64-windows-gnu\gradle-fileevents.dll
Event: 3.212 Loaded shared library C:\Program Files\Java\jdk-21\bin\management.dll
Event: 3.215 Loaded shared library C:\Program Files\Java\jdk-21\bin\management_ext.dll
Event: 3.496 Loaded shared library C:\Program Files\Java\jdk-21\bin\extnet.dll
Event: 3.869 Loaded shared library C:\Program Files\Java\jdk-21\bin\sunmscapi.dll

Deoptimization events (20 events):
Event: 63.132 Thread 0x00000227f84b97e0 DEOPT PACKING pc=0x00000227e459ddc0 sp=0x00000029c77fec80
Event: 63.132 Thread 0x00000227f84b97e0 DEOPT UNPACKING pc=0x00000227e39d46a2 sp=0x00000029c77fec50 mode 2
Event: 63.551 Thread 0x00000227fb825a00 DEOPT PACKING pc=0x00000227dd1ae150 sp=0x00000029cabfcfc0
Event: 63.551 Thread 0x00000227fb825a00 DEOPT UNPACKING pc=0x00000227e39d4e42 sp=0x00000029cabfc628 mode 0
Event: 64.039 Thread 0x00000227f89d1720 Uncommon trap: trap_request=0xffffffde fr.pc=0x00000227e4494f0c relative=0x0000000000000f6c
Event: 64.039 Thread 0x00000227f89d1720 Uncommon trap: reason=class_check action=maybe_recompile pc=0x00000227e4494f0c method=java.util.concurrent.ConcurrentHashMap.putVal(Ljava/lang/Object;Ljava/lang/Object;Z)Ljava/lang/Object; @ 159 c2
Event: 64.039 Thread 0x00000227f89d1720 DEOPT PACKING pc=0x00000227e4494f0c sp=0x00000029c81f8200
Event: 64.040 Thread 0x00000227f89d1720 DEOPT UNPACKING pc=0x00000227e39d46a2 sp=0x00000029c81f81b0 mode 2
Event: 64.743 Thread 0x00000227f89d1720 Uncommon trap: trap_request=0xffffff45 fr.pc=0x00000227e46187f4 relative=0x0000000000000534
Event: 64.743 Thread 0x00000227f89d1720 Uncommon trap: reason=unstable_if action=reinterpret pc=0x00000227e46187f4 method=com.esotericsoftware.kryo.io.Output.writeString(Ljava/lang/String;)V @ 39 c2
Event: 64.743 Thread 0x00000227f89d1720 DEOPT PACKING pc=0x00000227e46187f4 sp=0x00000029c81f8220
Event: 64.744 Thread 0x00000227f89d1720 DEOPT UNPACKING pc=0x00000227e39d46a2 sp=0x00000029c81f81c8 mode 2
Event: 65.006 Thread 0x00000227f89d1720 Uncommon trap: trap_request=0xffffff76 fr.pc=0x00000227e467370c relative=0x000000000000144c
Event: 65.006 Thread 0x00000227f89d1720 Uncommon trap: reason=predicate action=maybe_recompile pc=0x00000227e467370c method=java.util.ComparableTimSort.binarySort([Ljava/lang/Object;III)V @ 34 c2
Event: 65.006 Thread 0x00000227f89d1720 DEOPT PACKING pc=0x00000227e467370c sp=0x00000029c81f7e60
Event: 65.006 Thread 0x00000227f89d1720 DEOPT UNPACKING pc=0x00000227e39d46a2 sp=0x00000029c81f7e48 mode 2
Event: 65.185 Thread 0x00000227f87352d0 Uncommon trap: trap_request=0xffffff45 fr.pc=0x00000227e41aa604 relative=0x0000000000001244
Event: 65.185 Thread 0x00000227f87352d0 Uncommon trap: reason=unstable_if action=reinterpret pc=0x00000227e41aa604 method=java.math.BigInteger.makePositive([BII)[I @ 40 c2
Event: 65.185 Thread 0x00000227f87352d0 DEOPT PACKING pc=0x00000227e41aa604 sp=0x00000029c86febd0
Event: 65.185 Thread 0x00000227f87352d0 DEOPT UNPACKING pc=0x00000227e39d46a2 sp=0x00000029c86fe940 mode 2

Classes loaded (20 events):
Event: 55.605 Loading class java/util/AbstractList$SubList$1
Event: 55.605 Loading class java/util/AbstractList$SubList$1 done
Event: 55.639 Loading class java/lang/IntegerBeanInfo
Event: 55.639 Loading class java/lang/IntegerBeanInfo done
Event: 55.640 Loading class java/lang/IntegerBeanInfo
Event: 55.640 Loading class java/lang/IntegerBeanInfo done
Event: 55.640 Loading class java/lang/NumberBeanInfo
Event: 55.640 Loading class java/lang/NumberBeanInfo done
Event: 55.640 Loading class java/lang/NumberBeanInfo
Event: 55.640 Loading class java/lang/NumberBeanInfo done
Event: 55.641 Loading class java/lang/NumberCustomizer
Event: 55.641 Loading class java/lang/NumberCustomizer done
Event: 55.641 Loading class java/lang/NumberCustomizer
Event: 55.641 Loading class java/lang/NumberCustomizer done
Event: 55.642 Loading class java/lang/IntegerCustomizer
Event: 55.642 Loading class java/lang/IntegerCustomizer done
Event: 55.642 Loading class java/lang/IntegerCustomizer
Event: 55.642 Loading class java/lang/IntegerCustomizer done
Event: 55.642 Loading class jdk/internal/ValueBased
Event: 55.643 Loading class jdk/internal/ValueBased done

Classes unloaded (0 events):
No events

Classes redefined (0 events):
No events

Internal exceptions (20 events):
Event: 61.280 Thread 0x00000227f89d1720 Exception <a 'java/lang/ClassNotFoundException'{0x000000070f216828}: com/android/build/gradle/internal/dsl/LintOptionsCustomizer> (0x000000070f216828) 
thrown [s\open\src\hotspot\share\classfile\systemDictionary.cpp, line 312]
Event: 61.282 Thread 0x00000227f89d1720 Exception <a 'java/lang/ClassNotFoundException'{0x000000070f2613a0}: com/android/build/gradle/internal/dsl/LintOptions_DecoratedCustomizer> (0x000000070f2613a0) 
thrown [s\open\src\hotspot\share\classfile\systemDictionary.cpp, line 312]
Event: 61.447 Thread 0x00000227f89d1720 Exception <a 'java/lang/ClassNotFoundException'{0x000000070ef6ae60}: build_vyyte73iy1d6kxn423qto62xBeanInfo> (0x000000070ef6ae60) 
thrown [s\open\src\hotspot\share\classfile\systemDictionary.cpp, line 312]
Event: 61.448 Thread 0x00000227f89d1720 Exception <a 'java/lang/ClassNotFoundException'{0x000000070ef71c10}: build_vyyte73iy1d6kxn423qto62xCustomizer> (0x000000070ef71c10) 
thrown [s\open\src\hotspot\share\classfile\systemDictionary.cpp, line 312]
Event: 62.595 Thread 0x00000227f89d1720 Exception <a 'java/lang/ClassNotFoundException'{0x000000070f3a1c18}: build_vyyte73iy1d6kxn423qto62xBeanInfo> (0x000000070f3a1c18) 
thrown [s\open\src\hotspot\share\classfile\systemDictionary.cpp, line 312]
Event: 62.596 Thread 0x00000227f89d1720 Exception <a 'java/lang/ClassNotFoundException'{0x000000070f3a8958}: build_vyyte73iy1d6kxn423qto62xCustomizer> (0x000000070f3a8958) 
thrown [s\open\src\hotspot\share\classfile\systemDictionary.cpp, line 312]
Event: 62.923 Thread 0x00000227f89d1720 Exception <a 'java/lang/ClassNotFoundException'{0x0000000712ec1cd0}: build_ahgzc18218i8r8abwy8u6yny9BeanInfo> (0x0000000712ec1cd0) 
thrown [s\open\src\hotspot\share\classfile\systemDictionary.cpp, line 312]
Event: 62.924 Thread 0x00000227f89d1720 Exception <a 'java/lang/ClassNotFoundException'{0x0000000712ec8aa0}: build_ahgzc18218i8r8abwy8u6yny9Customizer> (0x0000000712ec8aa0) 
thrown [s\open\src\hotspot\share\classfile\systemDictionary.cpp, line 312]
Event: 64.022 Thread 0x00000227f89d1720 Exception <a 'java/lang/ClassNotFoundException'{0x0000000710d2a0e0}: build_ahgzc18218i8r8abwy8u6yny9BeanInfo> (0x0000000710d2a0e0) 
thrown [s\open\src\hotspot\share\classfile\systemDictionary.cpp, line 312]
Event: 64.023 Thread 0x00000227f89d1720 Exception <a 'java/lang/ClassNotFoundException'{0x0000000710d30e50}: build_ahgzc18218i8r8abwy8u6yny9Customizer> (0x0000000710d30e50) 
thrown [s\open\src\hotspot\share\classfile\systemDictionary.cpp, line 312]
Event: 64.300 Thread 0x00000227f89d1720 Exception <a 'java/lang/ClassNotFoundException'{0x000000071057e9e0}: com/android/build/gradle/internal/dsl/TestOptions_DecoratedBeanInfo> (0x000000071057e9e0) 
thrown [s\open\src\hotspot\share\classfile\systemDictionary.cpp, line 312]
Event: 64.302 Thread 0x00000227f89d1720 Exception <a 'java/lang/ClassNotFoundException'{0x0000000710590090}: com/android/build/gradle/internal/dsl/TestOptionsBeanInfo> (0x0000000710590090) 
thrown [s\open\src\hotspot\share\classfile\systemDictionary.cpp, line 312]
Event: 64.304 Thread 0x00000227f89d1720 Exception <a 'java/lang/ClassNotFoundException'{0x000000071059e2d8}: com/android/build/gradle/internal/dsl/TestOptionsCustomizer> (0x000000071059e2d8) 
thrown [s\open\src\hotspot\share\classfile\systemDictionary.cpp, line 312]
Event: 64.308 Thread 0x00000227f89d1720 Exception <a 'java/lang/ClassNotFoundException'{0x00000007105caa00}: com/android/build/gradle/internal/dsl/TestOptions_DecoratedCustomizer> (0x00000007105caa00) 
thrown [s\open\src\hotspot\share\classfile\systemDictionary.cpp, line 312]
Event: 64.317 Thread 0x00000227f89d1720 Exception <a 'java/lang/ClassNotFoundException'{0x00000007102ea598}: com/android/build/gradle/internal/dsl/TestOptions$UnitTestOptions_DecoratedBeanInfo> (0x00000007102ea598) 
thrown [s\open\src\hotspot\share\classfile\systemDictionary.cpp, line 312]
Event: 64.319 Thread 0x00000227f89d1720 Exception <a 'java/lang/ClassNotFoundException'{0x00000007102f8920}: com/android/build/gradle/internal/dsl/TestOptions$UnitTestOptionsBeanInfo> (0x00000007102f8920) 
thrown [s\open\src\hotspot\share\classfile\systemDictionary.cpp, line 312]
Event: 64.322 Thread 0x00000227f89d1720 Exception <a 'java/lang/ClassNotFoundException'{0x0000000710306f40}: com/android/build/gradle/internal/dsl/TestOptions$UnitTestOptionsCustomizer> (0x0000000710306f40) 
thrown [s\open\src\hotspot\share\classfile\systemDictionary.cpp, line 312]
Event: 64.325 Thread 0x00000227f89d1720 Exception <a 'java/lang/ClassNotFoundException'{0x000000071031c218}: com/android/build/gradle/internal/dsl/TestOptions$UnitTestOptions_DecoratedCustomizer> (0x000000071031c218) 
thrown [s\open\src\hotspot\share\classfile\systemDictionary.cpp, line 312]
Event: 64.510 Thread 0x00000227f89d1720 Exception <a 'java/lang/ClassNotFoundException'{0x000000070fc85838}: build_a4o1spxut6vqbj09dgtbtpdriBeanInfo> (0x000000070fc85838) 
thrown [s\open\src\hotspot\share\classfile\systemDictionary.cpp, line 312]
Event: 64.510 Thread 0x00000227f89d1720 Exception <a 'java/lang/ClassNotFoundException'{0x000000070fc8c608}: build_a4o1spxut6vqbj09dgtbtpdriCustomizer> (0x000000070fc8c608) 
thrown [s\open\src\hotspot\share\classfile\systemDictionary.cpp, line 312]

ZGC Phase Switch (0 events):
No events

VM Operations (20 events):
Event: 58.589 Executing VM operation: Cleanup done
Event: 59.592 Executing VM operation: Cleanup
Event: 59.592 Executing VM operation: Cleanup done
Event: 60.313 Executing VM operation: HandshakeAllThreads (HandshakeForDeflation)
Event: 60.358 Executing VM operation: HandshakeAllThreads (HandshakeForDeflation) done
Event: 60.358 Executing VM operation: RendezvousGCThreads
Event: 60.358 Executing VM operation: RendezvousGCThreads done
Event: 60.358 Executing VM operation: G1CollectForAllocation (G1 Evacuation Pause)
Event: 60.389 Executing VM operation: G1CollectForAllocation (G1 Evacuation Pause) done
Event: 61.402 Executing VM operation: Cleanup
Event: 61.403 Executing VM operation: Cleanup done
Event: 62.249 Executing VM operation: G1CollectForAllocation (G1 Evacuation Pause)
Event: 62.285 Executing VM operation: G1CollectForAllocation (G1 Evacuation Pause) done
Event: 62.628 Executing VM operation: G1PauseRemark
Event: 62.640 Executing VM operation: G1PauseRemark done
Event: 62.800 Executing VM operation: G1PauseCleanup
Event: 62.813 Executing VM operation: G1PauseCleanup done
Event: 63.507 Executing VM operation: G1CollectForAllocation (G1 Evacuation Pause)
Event: 63.527 Executing VM operation: G1CollectForAllocation (G1 Evacuation Pause) done
Event: 65.314 Executing VM operation: G1CollectForAllocation (G1 Evacuation Pause)

Events (20 events):
Event: 62.638 Thread 0x00000227d1e22bc0 flushing nmethod 0x00000227dc99d710
Event: 62.638 Thread 0x00000227d1e22bc0 flushing nmethod 0x00000227dcaac390
Event: 62.638 Thread 0x00000227d1e22bc0 flushing nmethod 0x00000227dcb02d90
Event: 62.638 Thread 0x00000227d1e22bc0 flushing nmethod 0x00000227dcb04a90
Event: 62.638 Thread 0x00000227d1e22bc0 flushing nmethod 0x00000227dcbcc410
Event: 62.638 Thread 0x00000227d1e22bc0 flushing nmethod 0x00000227dcbcfe90
Event: 62.638 Thread 0x00000227d1e22bc0 flushing nmethod 0x00000227dcbd2d90
Event: 62.638 Thread 0x00000227d1e22bc0 flushing nmethod 0x00000227dcc9b310
Event: 62.638 Thread 0x00000227d1e22bc0 flushing nmethod 0x00000227dcc9b990
Event: 62.638 Thread 0x00000227d1e22bc0 flushing nmethod 0x00000227dcc9c110
Event: 62.638 Thread 0x00000227d1e22bc0 flushing nmethod 0x00000227dcdbb690
Event: 62.638 Thread 0x00000227d1e22bc0 flushing nmethod 0x00000227dd12d610
Event: 62.638 Thread 0x00000227d1e22bc0 flushing nmethod 0x00000227dd14d190
Event: 62.638 Thread 0x00000227d1e22bc0 flushing nmethod 0x00000227dd326890
Event: 62.638 Thread 0x00000227d1e22bc0 flushing nmethod 0x00000227dd36d310
Event: 62.638 Thread 0x00000227d1e22bc0 flushing nmethod 0x00000227dd487f10
Event: 62.638 Thread 0x00000227d1e22bc0 flushing nmethod 0x00000227dd4ab590
Event: 62.638 Thread 0x00000227d1e22bc0 flushing nmethod 0x00000227dd58c590
Event: 62.638 Thread 0x00000227d1e22bc0 flushing nmethod 0x00000227dd58d190
Event: 62.638 Thread 0x00000227d1e22bc0 flushing nmethod 0x00000227dd70ae90


Dynamic libraries:
0x00007ff6344c0000 - 0x00007ff6344d0000 	C:\Program Files\Java\jdk-21\bin\java.exe
0x00007ffc63140000 - 0x00007ffc633a6000 	C:\WINDOWS\SYSTEM32\ntdll.dll
0x00007ffc61e40000 - 0x00007ffc61f09000 	C:\WINDOWS\System32\KERNEL32.DLL
0x00007ffc60780000 - 0x00007ffc60b7f000 	C:\WINDOWS\System32\KERNELBASE.dll
0x00007ffc60c80000 - 0x00007ffc60dcc000 	C:\WINDOWS\System32\ucrtbase.dll
0x00007ffc47760000 - 0x00007ffc4777b000 	C:\Program Files\Java\jdk-21\bin\VCRUNTIME140.dll
0x00007ffc55050000 - 0x00007ffc55069000 	C:\Program Files\Java\jdk-21\bin\jli.dll
0x00007ffc61a80000 - 0x00007ffc61b3c000 	C:\WINDOWS\System32\ADVAPI32.dll
0x00007ffc62280000 - 0x00007ffc62329000 	C:\WINDOWS\System32\msvcrt.dll
0x00007ffc61d30000 - 0x00007ffc61dda000 	C:\WINDOWS\System32\sechost.dll
0x00007ffc618f0000 - 0x00007ffc61a08000 	C:\WINDOWS\System32\RPCRT4.dll
0x00007ffc61f20000 - 0x00007ffc620e6000 	C:\WINDOWS\System32\USER32.dll
0x00007ffc60b90000 - 0x00007ffc60bb7000 	C:\WINDOWS\System32\win32u.dll
0x00007ffc4d4b0000 - 0x00007ffc4d741000 	C:\WINDOWS\WinSxS\amd64_microsoft.windows.common-controls_6595b64144ccf1df_6.0.26100.8972_none_3e0da176e32f9d4b\COMCTL32.dll
0x00007ffc62b50000 - 0x00007ffc62b7b000 	C:\WINDOWS\System32\GDI32.dll
0x00007ffc60650000 - 0x00007ffc60779000 	C:\WINDOWS\System32\gdi32full.dll
0x00007ffc605a0000 - 0x00007ffc60643000 	C:\WINDOWS\System32\msvcp_win.dll
0x00007ffc58000000 - 0x00007ffc5800b000 	C:\WINDOWS\SYSTEM32\VERSION.dll
0x00007ffc61070000 - 0x00007ffc610a2000 	C:\WINDOWS\System32\IMM32.DLL
0x00007ffc555c0000 - 0x00007ffc555cc000 	C:\Program Files\Java\jdk-21\bin\vcruntime140_1.dll
0x00007ffc470e0000 - 0x00007ffc4716e000 	C:\Program Files\Java\jdk-21\bin\msvcp140.dll
0x00007ffbc1880000 - 0x00007ffbc259a000 	C:\Program Files\Java\jdk-21\bin\server\jvm.dll
0x00007ffc62b80000 - 0x00007ffc62c02000 	C:\WINDOWS\System32\WS2_32.dll
0x00007ffc601b0000 - 0x00007ffc6020e000 	C:\WINDOWS\SYSTEM32\POWRPROF.dll
0x00007ffc57fc0000 - 0x00007ffc57ff6000 	C:\WINDOWS\SYSTEM32\WINMM.dll
0x00007ffc60190000 - 0x00007ffc601a5000 	C:\WINDOWS\SYSTEM32\UMPDC.dll
0x00007ffc5f040000 - 0x00007ffc5f05b000 	C:\WINDOWS\SYSTEM32\kernel.appcore.dll
0x00007ffc47750000 - 0x00007ffc4775a000 	C:\Program Files\Java\jdk-21\bin\jimage.dll
0x00007ffc5d7f0000 - 0x00007ffc5da32000 	C:\WINDOWS\SYSTEM32\DBGHELP.DLL
0x00007ffc610b0000 - 0x00007ffc61435000 	C:\WINDOWS\System32\combase.dll
0x00007ffc62cc0000 - 0x00007ffc62d99000 	C:\WINDOWS\System32\OLEAUT32.dll
0x00007ffc43af0000 - 0x00007ffc43b2b000 	C:\WINDOWS\SYSTEM32\dbgcore.DLL
0x00007ffc60bc0000 - 0x00007ffc60c6c000 	C:\WINDOWS\System32\bcryptPrimitives.dll
0x00007ffc47350000 - 0x00007ffc4735f000 	C:\Program Files\Java\jdk-21\bin\instrument.dll
0x00007ffc470c0000 - 0x00007ffc470df000 	C:\Program Files\Java\jdk-21\bin\java.dll
0x00007ffc62330000 - 0x00007ffc62ab8000 	C:\WINDOWS\System32\SHELL32.dll
0x00007ffc5de40000 - 0x00007ffc5e6db000 	C:\WINDOWS\SYSTEM32\windows.storage.dll
0x00007ffc62da0000 - 0x00007ffc62e99000 	C:\WINDOWS\System32\SHCORE.dll
0x00007ffc61a10000 - 0x00007ffc61a76000 	C:\WINDOWS\System32\shlwapi.dll
0x00007ffc60270000 - 0x00007ffc60299000 	C:\WINDOWS\SYSTEM32\profapi.dll
0x00007ffc46fe0000 - 0x00007ffc470b7000 	C:\Program Files\Java\jdk-21\bin\jsvml.dll
0x00007ffc46fa0000 - 0x00007ffc46fb8000 	C:\Program Files\Java\jdk-21\bin\zip.dll
0x00007ffc47740000 - 0x00007ffc47750000 	C:\Program Files\Java\jdk-21\bin\net.dll
0x00007ffc54590000 - 0x00007ffc546b8000 	C:\WINDOWS\SYSTEM32\WINHTTP.dll
0x00007ffc5f5f0000 - 0x00007ffc5f65c000 	C:\WINDOWS\system32\mswsock.dll
0x00007ffc46fc0000 - 0x00007ffc46fd6000 	C:\Program Files\Java\jdk-21\bin\nio.dll
0x00007ffc46f90000 - 0x00007ffc46fa0000 	C:\Program Files\Java\jdk-21\bin\verify.dll
0x00007ffc43f20000 - 0x00007ffc43f47000 	C:\Users\ASUS\.gradle\native\1def1411415f61bf3af743bc5b6707747c0891f09f0c88961ee8f79bc544acac\windows-amd64\native-platform.dll
0x00007ffbfe4b0000 - 0x00007ffbfe528000 	C:\Users\ASUS\.gradle\native\0.2.7\x86_64-windows-gnu\gradle-fileevents.dll
0x00007ffc550c0000 - 0x00007ffc550ca000 	C:\Program Files\Java\jdk-21\bin\management.dll
0x00007ffc550b0000 - 0x00007ffc550bb000 	C:\Program Files\Java\jdk-21\bin\management_ext.dll
0x00007ffc618d0000 - 0x00007ffc618d8000 	C:\WINDOWS\System32\PSAPI.DLL
0x00007ffc5ea10000 - 0x00007ffc5ea43000 	C:\WINDOWS\SYSTEM32\IPHLPAPI.DLL
0x00007ffc618e0000 - 0x00007ffc618ea000 	C:\WINDOWS\System32\NSI.dll
0x00007ffc47390000 - 0x00007ffc47399000 	C:\Program Files\Java\jdk-21\bin\extnet.dll
0x00007ffc5f8e0000 - 0x00007ffc5f8fb000 	C:\WINDOWS\SYSTEM32\CRYPTSP.dll
0x00007ffc5efa0000 - 0x00007ffc5efd9000 	C:\WINDOWS\system32\rsaenh.dll
0x00007ffc5f6a0000 - 0x00007ffc5f6d2000 	C:\WINDOWS\SYSTEM32\USERENV.dll
0x00007ffc60240000 - 0x00007ffc6026a000 	C:\WINDOWS\SYSTEM32\bcrypt.dll
0x00007ffc5f900000 - 0x00007ffc5f90c000 	C:\WINDOWS\SYSTEM32\CRYPTBASE.dll
0x00007ffc555f0000 - 0x00007ffc555fe000 	C:\Program Files\Java\jdk-21\bin\sunmscapi.dll
0x00007ffc60410000 - 0x00007ffc6058e000 	C:\WINDOWS\System32\CRYPT32.dll
0x00007ffc5fb20000 - 0x00007ffc5fb50000 	C:\WINDOWS\SYSTEM32\ncrypt.dll
0x00007ffc5fad0000 - 0x00007ffc5fb0f000 	C:\WINDOWS\SYSTEM32\NTASN1.dll
0x00007ffc551f0000 - 0x00007ffc551f8000 	C:\WINDOWS\system32\wshunix.dll

dbghelp: loaded successfully - version: 4.0.5 - missing functions: none
symbol engine: initialized successfully - sym options: 0x614 - pdb path: .;C:\Program Files\Java\jdk-21\bin;C:\WINDOWS\SYSTEM32;C:\WINDOWS\WinSxS\amd64_microsoft.windows.common-controls_6595b64144ccf1df_6.0.26100.8972_none_3e0da176e32f9d4b;C:\Program Files\Java\jdk-21\bin\server;C:\Users\ASUS\.gradle\native\1def1411415f61bf3af743bc5b6707747c0891f09f0c88961ee8f79bc544acac\windows-amd64;C:\Users\ASUS\.gradle\native\0.2.7\x86_64-windows-gnu

VM Arguments:
jvm_args: --add-opens=java.base/java.lang=ALL-UNNAMED --add-opens=java.base/java.lang.invoke=ALL-UNNAMED --add-opens=java.base/java.util=ALL-UNNAMED --add-opens=java.prefs/java.util.prefs=ALL-UNNAMED --add-exports=jdk.compiler/com.sun.tools.javac.api=ALL-UNNAMED --add-exports=jdk.compiler/com.sun.tools.javac.util=ALL-UNNAMED --add-opens=java.base/java.util=ALL-UNNAMED --add-opens=java.prefs/java.util.prefs=ALL-UNNAMED --add-opens=java.base/java.nio.charset=ALL-UNNAMED --add-opens=java.base/java.net=ALL-UNNAMED --add-opens=java.base/java.util.concurrent.atomic=ALL-UNNAMED --add-opens=java.xml/javax.xml.namespace=ALL-UNNAMED -XX:MaxMetaspaceSize=2G -XX:+HeapDumpOnOutOfMemoryError -Xmx4G -Dfile.encoding=UTF-8 -Duser.country=ID -Duser.language=en -Duser.variant -javaagent:C:\Users\ASUS\.gradle\wrapper\dists\gradle-8.14-all\c2qonpi39x1mddn7hk5gh9iqj\gradle-8.14\lib\agents\gradle-instrumentation-agent-8.14.jar 
java_command: org.gradle.launcher.daemon.bootstrap.GradleDaemon 8.14
java_class_path (initial): C:\Users\ASUS\.gradle\wrapper\dists\gradle-8.14-all\c2qonpi39x1mddn7hk5gh9iqj\gradle-8.14\lib\gradle-daemon-main-8.14.jar
Launcher Type: SUN_STANDARD

[Global flags]
     intx CICompilerCount                          = 3                                         {product} {ergonomic}
     uint ConcGCThreads                            = 1                                         {product} {ergonomic}
     uint G1ConcRefinementThreads                  = 4                                         {product} {ergonomic}
   size_t G1HeapRegionSize                         = 2097152                                   {product} {ergonomic}
    uintx GCDrainStackTargetSize                   = 64                                        {product} {ergonomic}
     bool HeapDumpOnOutOfMemoryError               = true                                   {manageable} {command line}
   size_t InitialHeapSize                          = 100663296                                 {product} {ergonomic}
   size_t MarkStackSize                            = 4194304                                   {product} {ergonomic}
   size_t MaxHeapSize                              = 4294967296                                {product} {command line}
   size_t MaxMetaspaceSize                         = 2147483648                                {product} {command line}
   size_t MaxNewSize                               = 2575302656                                {product} {ergonomic}
   size_t MinHeapDeltaBytes                        = 2097152                                   {product} {ergonomic}
   size_t MinHeapSize                              = 8388608                                   {product} {ergonomic}
    uintx NonNMethodCodeHeapSize                   = 5832780                                {pd product} {ergonomic}
    uintx NonProfiledCodeHeapSize                  = 122912730                              {pd product} {ergonomic}
    uintx ProfiledCodeHeapSize                     = 122912730                              {pd product} {ergonomic}
    uintx ReservedCodeCacheSize                    = 251658240                              {pd product} {ergonomic}
     bool SegmentedCodeCache                       = true                                      {product} {ergonomic}
   size_t SoftMaxHeapSize                          = 4294967296                             {manageable} {ergonomic}
     bool UseCompressedOops                        = true                           {product lp64_product} {ergonomic}
     bool UseG1GC                                  = true                                      {product} {ergonomic}
     bool UseLargePagesIndividualAllocation        = false                                  {pd product} {ergonomic}

Logging:
Log output configuration:
 #0: stdout all=warning uptime,level,tags foldmultilines=false
 #1: stderr all=off uptime,level,tags foldmultilines=false

Environment Variables:
CLASSPATH=D:\SIMPEG\android\\gradle\wrapper\gradle-wrapper.jar
PATH=C:\Program Files\Common Files\Oracle\Java\javapath;C:\Program Files (x86)\Common Files\Intel\Shared Files\cpp\bin\Intel64;C:\WINDOWS\system32;C:\WINDOWS;C:\WINDOWS\System32\Wbem;C:\WINDOWS\System32\WindowsPowerShell\v1.0\;C:\WINDOWS\System32\OpenSSH\;C:\MinGW\bin;C:\xampp\php;C:\ProgramData\ComposerSetup\bin;C:\Program Files (x86)\PuTTY\;C:\flutter\bin;C:\Program Files\Java\jdk-21\bin;C:\Users\ASUS\AppData\Local\Android\Sdk\platforms;C:\Users\ASUS\AppData\Local\Android\Sdk\cmdline-tools\latest;C:\laragon\;C:\Users\ASUS\AppData\Local\Pub\Cache\bin\flutterfire;C:\Users\ASUS\AppData\Local\Pub\Cache\bin;C:\Program Files\Git\cmd;C:\Program Files (x86)\Microsoft SQL Server\170\Tools\Binn\;C:\Program Files\Microsoft SQL Server\170\Tools\Binn\;C:\Program Files\Microsoft SQL Server\Client SDK\ODBC\180\Tools\Binn\;C:\Program Files\Microsoft SQL Server\170\DTS\Binn\;C:\Users\ASUS\AppData\Local\Microsoft\WindowsApps;C:\Users\ASUS\AppData\Local\Programs\Microsoft VS Code\bin;C:\Users\ASUS\AppData\Roaming\Composer\vendor\bin;C:\Users\ASUS\AppData\Roaming\npm;C:\Program Files\Git\cmd;C:\Program Files\Git\bin;C:\Users\ASUS\AppData\Local\Pub\Cache\bin;C:\Users\ASUS\AppData\Local\Pub\Cache\bin\flutterfire;C:\Users\ASUS\AppData\Local\Programs\Antigravity\bin
USERNAME=ASUS
LANG=en_US.UTF-8
OS=Windows_NT
PROCESSOR_IDENTIFIER=AMD64 Family 23 Model 24 Stepping 1, AuthenticAMD
TMP=C:\Users\ASUS\AppData\Local\Temp
TEMP=C:\Users\ASUS\AppData\Local\Temp




Periodic native trim disabled

---------------  S Y S T E M  ---------------

OS:
 Windows 11 , 64 bit Build 26100 (10.0.26100.9168)
OS uptime: 0 days 6:00 hours

CPU: total 4 (initial active 4) (4 cores per cpu, 2 threads per core) family 23 model 24 stepping 1 microcode 0x8108109, cx8, cmov, fxsr, ht, mmx, 3dnowpref, sse, sse2, sse3, ssse3, sse4a, sse4.1, sse4.2, popcnt, lzcnt, tsc, tscinvbit, avx, avx2, aes, clmul, bmi1, bmi2, adx, sha, fma, vzeroupper, clflush, clflushopt, rdtscp, f16c
Processor Information for all 4 processors :
  Max Mhz: 2600, Current Mhz: 2600, Mhz Limit: 2600

Memory: 4k page, system-wide physical 6094M (358M free)
TotalPageFile size 24526M (AvailPageFile size 9M)
current process WorkingSet (physical memory assigned to process): 563M, peak: 563M
current process commit charge ("private bytes"): 640M, peak: 702M

vm_info: Java HotSpot(TM) 64-Bit Server VM (21.0.6+8-LTS-188) for windows-amd64 JRE (21.0.6+8-LTS-188), built on 2024-12-03T10:50:54Z by "mach5one" with MS VC++ 17.6 (VS2022)

END.
