#
# There is insufficient memory for the Java Runtime Environment to continue.
# Native memory allocation (mmap) failed to map 29360128 bytes for G1 virtual space
# Possible reasons:
#   The system is out of physical RAM or swap space
#   The process is running with CompressedOops enabled, and the Java Heap may be blocking the growth of the native heap
# Possible solutions:
#   Reduce memory load on the system
#   Increase physical memory or swap space
#   Check if swap backing store is full
#   Decrease Java heap size (-Xmx/-Xms)
#   Decrease number of Java threads
#   Decrease Java thread stack sizes (-Xss)
#   Set larger code cache with -XX:ReservedCodeCacheSize=
#   JVM is running with Zero Based Compressed Oops mode in which the Java heap is
#     placed in the first 32GB address space. The Java Heap base address is the
#     maximum limit for the native heap growth. Please use -XX:HeapBaseMinAddress
#     to set the Java Heap base and to place the Java Heap above 32GB virtual address.
# This output file may be truncated or incomplete.
#
#  Out of Memory Error (os_windows.cpp:3603), pid=20856, tid=1912
#
# JRE version: Java(TM) SE Runtime Environment (21.0.6+8) (build 21.0.6+8-LTS-188)
# Java VM: Java HotSpot(TM) 64-Bit Server VM (21.0.6+8-LTS-188, mixed mode, sharing, tiered, compressed oops, compressed class ptrs, g1 gc, windows-amd64)
# No core dump will be written. Minidumps are not enabled by default on client versions of Windows
#

---------------  S U M M A R Y ------------

Command Line: --add-opens=java.base/java.lang=ALL-UNNAMED --add-opens=java.base/java.lang.invoke=ALL-UNNAMED --add-opens=java.base/java.util=ALL-UNNAMED --add-opens=java.prefs/java.util.prefs=ALL-UNNAMED --add-exports=jdk.compiler/com.sun.tools.javac.api=ALL-UNNAMED --add-exports=jdk.compiler/com.sun.tools.javac.util=ALL-UNNAMED --add-opens=java.base/java.util=ALL-UNNAMED --add-opens=java.prefs/java.util.prefs=ALL-UNNAMED --add-opens=java.base/java.nio.charset=ALL-UNNAMED --add-opens=java.base/java.net=ALL-UNNAMED --add-opens=java.base/java.util.concurrent.atomic=ALL-UNNAMED --add-opens=java.xml/javax.xml.namespace=ALL-UNNAMED -XX:MaxMetaspaceSize=2G -XX:+HeapDumpOnOutOfMemoryError -Xmx4G -Dfile.encoding=UTF-8 -Duser.country=ID -Duser.language=en -Duser.variant -javaagent:C:\Users\ASUS\.gradle\wrapper\dists\gradle-8.14-all\c2qonpi39x1mddn7hk5gh9iqj\gradle-8.14\lib\agents\gradle-instrumentation-agent-8.14.jar org.gradle.launcher.daemon.bootstrap.GradleDaemon 8.14

Host: AMD Ryzen 3 3250U with Radeon Graphics         , 4 cores, 5G,  Windows 11 , 64 bit Build 26100 (10.0.26100.9168)
Time: Thu Aug 20 14:42:08 2026 SE Asia Standard Time elapsed time: 68.130707 seconds (0d 0h 1m 8s)

---------------  T H R E A D  ---------------

Current thread (0x000001d27ce322e0):  VMThread "VM Thread"          [id=1912, stack(0x000000b253600000,0x000000b253700000) (1024K)]

Stack: [0x000000b253600000,0x000000b253700000]
Native frames: (J=compiled Java code, j=interpreted, Vv=VM code, C=native code)
V  [jvm.dll+0x6ca6d9]
V  [jvm.dll+0x854f51]
V  [jvm.dll+0x85747e]
V  [jvm.dll+0x857b53]
V  [jvm.dll+0x27dcc6]
V  [jvm.dll+0x6c6e55]
V  [jvm.dll+0x6bb9da]
V  [jvm.dll+0x35393a]
V  [jvm.dll+0x35b596]
V  [jvm.dll+0x3adefe]
V  [jvm.dll+0x3ae1a8]
V  [jvm.dll+0x327cbc]
V  [jvm.dll+0x32a516]
V  [jvm.dll+0x3344c8]
V  [jvm.dll+0x36a795]
V  [jvm.dll+0x85d920]
V  [jvm.dll+0x85eca4]
V  [jvm.dll+0x85f1e0]
V  [jvm.dll+0x85f483]
V  [jvm.dll+0x7ff2fb]
V  [jvm.dll+0x6c8dbd]
C  [ucrtbase.dll+0x2cd30]
C  [KERNEL32.DLL+0x2ccb7]
C  [ntdll.dll+0xaad6c]

VM_Operation (0x000000b2531ff7c0): G1PauseRemark, mode: safepoint, requested by thread 0x000001d26d5b4750


---------------  P R O C E S S  ---------------

Threads class SMR info:
_java_thread_list=0x000001d256efcd70, length=85, elements={
0x000001d26b3880e0, 0x000001d27ce55890, 0x000001d27ce56e50, 0x000001d27ce5beb0,
0x000001d27ce5c900, 0x000001d27ce5dec0, 0x000001d27ce5f480, 0x000001d27ce64900,
0x000001d27ce747a0, 0x000001d27d09b1c0, 0x000001d27d2973a0, 0x000001d27eceba40,
0x000001d27d07d530, 0x000001d27df099f0, 0x000001d27dd1d170, 0x000001d27cee7000,
0x000001d27dbf65e0, 0x000001d27dcbe2e0, 0x000001d27d230de0, 0x000001d27d22dff0,
0x000001d27d22d960, 0x000001d27d22f3a0, 0x000001d27d22e680, 0x000001d27d230750,
0x000001d27d22ed10, 0x000001d27d22fa30, 0x000001d27d2300c0, 0x000001d27d338940,
0x000001d27d337c20, 0x000001d27d336f00, 0x000001d27d3361e0, 0x000001d27d335b50,
0x000001d27d33cae0, 0x000001d27d33b730, 0x000001d27d33b0a0, 0x000001d255b49200,
0x000001d255b49890, 0x000001d255b49f20, 0x000001d255b4ac40, 0x000001d255b477c0,
0x000001d255b4da30, 0x000001d255b4a5b0, 0x000001d255b4bff0, 0x000001d255b47130,
0x000001d255b48b70, 0x000001d255b4b960, 0x000001d255b4c680, 0x000001d255b4cd10,
0x000001d255b4d3a0, 0x000001d27d336870, 0x000001d27efdc680, 0x000001d27efdfb00,
0x000001d27efdf470, 0x000001d27efdda30, 0x000001d27efdcd10, 0x000001d27efe2260,
0x000001d2547fc820, 0x000001d2547fa0c0, 0x000001d2547fc190, 0x000001d2547f8d10,
0x000001d2547f93a0, 0x000001d2547fa750, 0x000001d2547fceb0, 0x000001d2547f9a30,
0x000001d2547fe260, 0x000001d2547fd540, 0x000001d257914b40, 0x000001d2579151d0,
0x000001d257915ef0, 0x000001d257915860, 0x000001d257916580, 0x000001d257913100,
0x000001d257916c10, 0x000001d257913790, 0x000001d2579172a0, 0x000001d255abc330,
0x000001d255aba260, 0x000001d255abc9c0, 0x000001d255abd050, 0x000001d255ab9bd0,
0x000001d255abea90, 0x000001d255abf7b0, 0x000001d255abf120, 0x000001d255abdd70,
0x000001d255ab8190
}

Java Threads: ( => current thread )
  0x000001d26b3880e0 JavaThread "main"                              [_thread_blocked, id=16352, stack(0x000000b252f00000,0x000000b253000000) (1024K)]
  0x000001d27ce55890 JavaThread "Reference Handler"          daemon [_thread_blocked, id=21776, stack(0x000000b253700000,0x000000b253800000) (1024K)]
  0x000001d27ce56e50 JavaThread "Finalizer"                  daemon [_thread_blocked, id=4856, stack(0x000000b253800000,0x000000b253900000) (1024K)]
  0x000001d27ce5beb0 JavaThread "Signal Dispatcher"          daemon [_thread_blocked, id=5972, stack(0x000000b253900000,0x000000b253a00000) (1024K)]
  0x000001d27ce5c900 JavaThread "Attach Listener"            daemon [_thread_blocked, id=20892, stack(0x000000b253a00000,0x000000b253b00000) (1024K)]
  0x000001d27ce5dec0 JavaThread "Service Thread"             daemon [_thread_blocked, id=9536, stack(0x000000b253b00000,0x000000b253c00000) (1024K)]
  0x000001d27ce5f480 JavaThread "Monitor Deflation Thread"   daemon [_thread_blocked, id=388, stack(0x000000b253c00000,0x000000b253d00000) (1024K)]
  0x000001d27ce64900 JavaThread "C2 CompilerThread0"         daemon [_thread_blocked, id=10832, stack(0x000000b253d00000,0x000000b253e00000) (1024K)]
  0x000001d27ce747a0 JavaThread "C1 CompilerThread0"         daemon [_thread_blocked, id=20412, stack(0x000000b253e00000,0x000000b253f00000) (1024K)]
  0x000001d27d09b1c0 JavaThread "Common-Cleaner"             daemon [_thread_blocked, id=5724, stack(0x000000b253f00000,0x000000b254000000) (1024K)]
  0x000001d27d2973a0 JavaThread "Notification Thread"        daemon [_thread_blocked, id=17760, stack(0x000000b254000000,0x000000b254100000) (1024K)]
  0x000001d27eceba40 JavaThread "Daemon health stats"               [_thread_blocked, id=10432, stack(0x000000b254500000,0x000000b254600000) (1024K)]
  0x000001d27d07d530 JavaThread "Incoming local TCP Connector on port 50249"        [_thread_in_native, id=18244, stack(0x000000b254400000,0x000000b254500000) (1024K)]
  0x000001d27df099f0 JavaThread "Daemon periodic checks"            [_thread_blocked, id=17976, stack(0x000000b254600000,0x000000b254700000) (1024K)]
  0x000001d27dd1d170 JavaThread "Daemon"                            [_thread_blocked, id=21696, stack(0x000000b254800000,0x000000b254900000) (1024K)]
  0x000001d27cee7000 JavaThread "Handler for socket connection from /127.0.0.1:50249 to /127.0.0.1:50250"        [_thread_in_native, id=20436, stack(0x000000b254900000,0x000000b254a00000) (1024K)]
  0x000001d27dbf65e0 JavaThread "Cancel handler"                    [_thread_blocked, id=8552, stack(0x000000b254700000,0x000000b254800000) (1024K)]
  0x000001d27dcbe2e0 JavaThread "Daemon worker"                     [_thread_blocked, id=13236, stack(0x000000b254a00000,0x000000b254b00000) (1024K)]
  0x000001d27d230de0 JavaThread "Asynchronous log dispatcher for DefaultDaemonConnection: socket connection from /127.0.0.1:50249 to /127.0.0.1:50250"        [_thread_blocked, id=19548, stack(0x000000b254b00000,0x000000b254c00000) (1024K)]
  0x000001d27d22dff0 JavaThread "Stdin handler"                     [_thread_blocked, id=12256, stack(0x000000b254c00000,0x000000b254d00000) (1024K)]
  0x000001d27d22d960 JavaThread "Daemon client event forwarder"        [_thread_blocked, id=22144, stack(0x000000b254d00000,0x000000b254e00000) (1024K)]
  0x000001d27d22f3a0 JavaThread "Cache worker for journal cache (C:\Users\ASUS\.gradle\caches\journal-1)"        [_thread_blocked, id=4484, stack(0x000000b254e00000,0x000000b254f00000) (1024K)]
  0x000001d27d22e680 JavaThread "File lock request listener"        [_thread_in_native, id=16368, stack(0x000000b254f00000,0x000000b255000000) (1024K)]
  0x000001d27d230750 JavaThread "Cache worker for file hash cache (C:\Users\ASUS\.gradle\caches\8.14\fileHashes)"        [_thread_blocked, id=22412, stack(0x000000b255000000,0x000000b255100000) (1024K)]
  0x000001d27d22ed10 JavaThread "Cache worker for file hash cache (D:\SIMPEG\android\.gradle\8.14\fileHashes)"        [_thread_blocked, id=16328, stack(0x000000b255200000,0x000000b255300000) (1024K)]
  0x000001d27d22fa30 JavaThread "Cache worker for Build Output Cleanup Cache (D:\SIMPEG\android\.gradle\buildOutputCleanup)"        [_thread_blocked, id=20656, stack(0x000000b255300000,0x000000b255400000) (1024K)]
  0x000001d27d2300c0 JavaThread "File watcher server"        daemon [_thread_in_native, id=14476, stack(0x000000b255100000,0x000000b255200000) (1024K)]
  0x000001d27d338940 JavaThread "File watcher consumer"      daemon [_thread_blocked, id=16992, stack(0x000000b255400000,0x000000b255500000) (1024K)]
  0x000001d27d337c20 JavaThread "jar transforms"                    [_thread_blocked, id=9336, stack(0x000000b255600000,0x000000b255700000) (1024K)]
  0x000001d27d336f00 JavaThread "Cache worker for checksums cache (D:\SIMPEG\android\.gradle\8.14\checksums)"        [_thread_blocked, id=16284, stack(0x000000b255700000,0x000000b255800000) (1024K)]
  0x000001d27d3361e0 JavaThread "Cache worker for file content cache (C:\Users\ASUS\.gradle\caches\8.14\fileContent)"        [_thread_blocked, id=21240, stack(0x000000b255800000,0x000000b255900000) (1024K)]
  0x000001d27d335b50 JavaThread "Cache worker for cache directory md-supplier (C:\Users\ASUS\.gradle\caches\8.14\md-supplier)"        [_thread_blocked, id=17484, stack(0x000000b255900000,0x000000b255a00000) (1024K)]
  0x000001d27d33cae0 JavaThread "Cache worker for cache directory md-rule (C:\Users\ASUS\.gradle\caches\8.14\md-rule)"        [_thread_blocked, id=6860, stack(0x000000b255a00000,0x000000b255b00000) (1024K)]
  0x000001d27d33b730 JavaThread "Cache worker for Build Output Cleanup Cache (C:\flutter\packages\flutter_tools\gradle\.gradle\buildOutputCleanup)"        [_thread_blocked, id=18920, stack(0x000000b255b00000,0x000000b255c00000) (1024K)]
  0x000001d27d33b0a0 JavaThread "Memory manager"                    [_thread_blocked, id=19644, stack(0x000000b255c00000,0x000000b255d00000) (1024K)]
  0x000001d255b49200 JavaThread "included builds"                   [_thread_blocked, id=17928, stack(0x000000b255500000,0x000000b255600000) (1024K)]
  0x000001d255b49890 JavaThread "Execution worker"                  [_thread_blocked, id=11428, stack(0x000000b255d00000,0x000000b255e00000) (1024K)]
  0x000001d255b49f20 JavaThread "Execution worker Thread 2"         [_thread_blocked, id=18940, stack(0x000000b255e00000,0x000000b255f00000) (1024K)]
  0x000001d255b4ac40 JavaThread "Execution worker Thread 3"         [_thread_blocked, id=20636, stack(0x000000b255f00000,0x000000b256000000) (1024K)]
  0x000001d255b477c0 JavaThread "Cache worker for execution history cache (C:\flutter\packages\flutter_tools\gradle\.gradle\8.14\executionHistory)"        [_thread_blocked, id=20836, stack(0x000000b256000000,0x000000b256100000) (1024K)]
  0x000001d255b4da30 JavaThread "Unconstrained build operations"        [_thread_blocked, id=16316, stack(0x000000b256100000,0x000000b256200000) (1024K)]
  0x000001d255b4a5b0 JavaThread "Unconstrained build operations Thread 2"        [_thread_blocked, id=3444, stack(0x000000b256200000,0x000000b256300000) (1024K)]
  0x000001d255b4bff0 JavaThread "Unconstrained build operations Thread 3"        [_thread_blocked, id=12080, stack(0x000000b256300000,0x000000b256400000) (1024K)]
  0x000001d255b47130 JavaThread "Unconstrained build operations Thread 4"        [_thread_blocked, id=15284, stack(0x000000b252d00000,0x000000b252e00000) (1024K)]
  0x000001d255b48b70 JavaThread "Unconstrained build operations Thread 5"        [_thread_blocked, id=11008, stack(0x000000b256400000,0x000000b256500000) (1024K)]
  0x000001d255b4b960 JavaThread "Unconstrained build operations Thread 6"        [_thread_blocked, id=7596, stack(0x000000b256500000,0x000000b256600000) (1024K)]
  0x000001d255b4c680 JavaThread "Unconstrained build operations Thread 7"        [_thread_blocked, id=19076, stack(0x000000b256600000,0x000000b256700000) (1024K)]
  0x000001d255b4cd10 JavaThread "Unconstrained build operations Thread 8"        [_thread_blocked, id=20060, stack(0x000000b256700000,0x000000b256800000) (1024K)]
  0x000001d255b4d3a0 JavaThread "Unconstrained build operations Thread 9"        [_thread_blocked, id=14340, stack(0x000000b256800000,0x000000b256900000) (1024K)]
  0x000001d27d336870 JavaThread "Unconstrained build operations Thread 10"        [_thread_blocked, id=9752, stack(0x000000b256a00000,0x000000b256b00000) (1024K)]
  0x000001d27efdc680 JavaThread "Unconstrained build operations Thread 11"        [_thread_blocked, id=13872, stack(0x000000b256b00000,0x000000b256c00000) (1024K)]
  0x000001d27efdfb00 JavaThread "Unconstrained build operations Thread 12"        [_thread_blocked, id=17292, stack(0x000000b256c00000,0x000000b256d00000) (1024K)]
  0x000001d27efdf470 JavaThread "jar transforms Thread 2"           [_thread_blocked, id=22112, stack(0x000000b256d00000,0x000000b256e00000) (1024K)]
  0x000001d27efdda30 JavaThread "jar transforms Thread 3"           [_thread_blocked, id=15136, stack(0x000000b256e00000,0x000000b256f00000) (1024K)]
  0x000001d27efdcd10 JavaThread "jar transforms Thread 4"           [_thread_blocked, id=5852, stack(0x000000b256f00000,0x000000b257000000) (1024K)]
  0x000001d27efe2260 JavaThread "build event listener"              [_thread_blocked, id=14888, stack(0x000000b256900000,0x000000b256a00000) (1024K)]
  0x000001d2547fc820 JavaThread "Problems report writer"            [_thread_blocked, id=7992, stack(0x000000b257000000,0x000000b257100000) (1024K)]
  0x000001d2547fa0c0 JavaThread "Unconstrained build operations Thread 13"        [_thread_blocked, id=21732, stack(0x000000b257100000,0x000000b257200000) (1024K)]
  0x000001d2547fc190 JavaThread "Unconstrained build operations Thread 14"        [_thread_blocked, id=17952, stack(0x000000b257200000,0x000000b257300000) (1024K)]
  0x000001d2547f8d10 JavaThread "Unconstrained build operations Thread 15"        [_thread_blocked, id=2204, stack(0x000000b257300000,0x000000b257400000) (1024K)]
  0x000001d2547f93a0 JavaThread "Unconstrained build operations Thread 16"        [_thread_blocked, id=18340, stack(0x000000b257400000,0x000000b257500000) (1024K)]
  0x000001d2547fa750 JavaThread "Unconstrained build operations Thread 17"        [_thread_blocked, id=13580, stack(0x000000b257500000,0x000000b257600000) (1024K)]
  0x000001d2547fceb0 JavaThread "Unconstrained build operations Thread 18"        [_thread_blocked, id=5936, stack(0x000000b257600000,0x000000b257700000) (1024K)]
  0x000001d2547f9a30 JavaThread "Unconstrained build operations Thread 19"        [_thread_blocked, id=7368, stack(0x000000b257700000,0x000000b257800000) (1024K)]
  0x000001d2547fe260 JavaThread "Unconstrained build operations Thread 20"        [_thread_blocked, id=15704, stack(0x000000b257800000,0x000000b257900000) (1024K)]
  0x000001d2547fd540 JavaThread "Unconstrained build operations Thread 21"        [_thread_blocked, id=15020, stack(0x000000b257900000,0x000000b257a00000) (1024K)]
  0x000001d257914b40 JavaThread "Unconstrained build operations Thread 22"        [_thread_blocked, id=7708, stack(0x000000b257a00000,0x000000b257b00000) (1024K)]
  0x000001d2579151d0 JavaThread "Unconstrained build operations Thread 23"        [_thread_blocked, id=21316, stack(0x000000b257b00000,0x000000b257c00000) (1024K)]
  0x000001d257915ef0 JavaThread "Unconstrained build operations Thread 24"        [_thread_blocked, id=6928, stack(0x000000b257c00000,0x000000b257d00000) (1024K)]
  0x000001d257915860 JavaThread "Unconstrained build operations Thread 25"        [_thread_blocked, id=3092, stack(0x000000b257d00000,0x000000b257e00000) (1024K)]
  0x000001d257916580 JavaThread "Unconstrained build operations Thread 26"        [_thread_blocked, id=20284, stack(0x000000b257e00000,0x000000b257f00000) (1024K)]
  0x000001d257913100 JavaThread "Unconstrained build operations Thread 27"        [_thread_blocked, id=20028, stack(0x000000b257f00000,0x000000b258000000) (1024K)]
  0x000001d257916c10 JavaThread "Unconstrained build operations Thread 28"        [_thread_blocked, id=9908, stack(0x000000b258000000,0x000000b258100000) (1024K)]
  0x000001d257913790 JavaThread "Unconstrained build operations Thread 29"        [_thread_blocked, id=14116, stack(0x000000b258100000,0x000000b258200000) (1024K)]
  0x000001d2579172a0 JavaThread "Unconstrained build operations Thread 30"        [_thread_blocked, id=20440, stack(0x000000b258200000,0x000000b258300000) (1024K)]
  0x000001d255abc330 JavaThread "Unconstrained build operations Thread 31"        [_thread_blocked, id=8640, stack(0x000000b258300000,0x000000b258400000) (1024K)]
  0x000001d255aba260 JavaThread "Unconstrained build operations Thread 32"        [_thread_blocked, id=20400, stack(0x000000b258400000,0x000000b258500000) (1024K)]
  0x000001d255abc9c0 JavaThread "Unconstrained build operations Thread 33"        [_thread_blocked, id=21752, stack(0x000000b258500000,0x000000b258600000) (1024K)]
  0x000001d255abd050 JavaThread "Unconstrained build operations Thread 34"        [_thread_blocked, id=8896, stack(0x000000b258600000,0x000000b258700000) (1024K)]
  0x000001d255ab9bd0 JavaThread "Unconstrained build operations Thread 35"        [_thread_blocked, id=2952, stack(0x000000b258700000,0x000000b258800000) (1024K)]
  0x000001d255abea90 JavaThread "Unconstrained build operations Thread 36"        [_thread_blocked, id=9816, stack(0x000000b258800000,0x000000b258900000) (1024K)]
  0x000001d255abf7b0 JavaThread "Unconstrained build operations Thread 37"        [_thread_blocked, id=2728, stack(0x000000b258900000,0x000000b258a00000) (1024K)]
  0x000001d255abf120 JavaThread "Unconstrained build operations Thread 38"        [_thread_blocked, id=8844, stack(0x000000b258a00000,0x000000b258b00000) (1024K)]
  0x000001d255abdd70 JavaThread "Unconstrained build operations Thread 39"        [_thread_blocked, id=15572, stack(0x000000b258b00000,0x000000b258c00000) (1024K)]
  0x000001d255ab8190 JavaThread "Unconstrained build operations Thread 40"        [_thread_blocked, id=5564, stack(0x000000b252c00000,0x000000b252d00000) (1024K)]
Total: 85

Other Threads:
=>0x000001d27ce322e0 VMThread "VM Thread"                           [id=1912, stack(0x000000b253600000,0x000000b253700000) (1024K)]
  0x000001d27ce21840 WatcherThread "VM Periodic Task Thread"        [id=16260, stack(0x000000b253500000,0x000000b253600000) (1024K)]
  0x000001d26d5a3860 WorkerThread "GC Thread#0"                     [id=15168, stack(0x000000b253000000,0x000000b253100000) (1024K)]
  0x000001d27d3243b0 WorkerThread "GC Thread#1"                     [id=10896, stack(0x000000b254100000,0x000000b254200000) (1024K)]
  0x000001d27d325780 WorkerThread "GC Thread#2"                     [id=17656, stack(0x000000b254200000,0x000000b254300000) (1024K)]
  0x000001d27d5f9640 WorkerThread "GC Thread#3"                     [id=5656, stack(0x000000b254300000,0x000000b254400000) (1024K)]
  0x000001d26d5b4750 ConcurrentGCThread "G1 Main Marker"            [id=8440, stack(0x000000b253100000,0x000000b253200000) (1024K)]
  0x000001d26d5b6780 WorkerThread "G1 Conc#0"                       [id=8260, stack(0x000000b253200000,0x000000b253300000) (1024K)]
  0x000001d26d5fe570 ConcurrentGCThread "G1 Refine#0"               [id=18788, stack(0x000000b253300000,0x000000b253400000) (1024K)]
  0x000001d27ccf4210 ConcurrentGCThread "G1 Service"                [id=10528, stack(0x000000b253400000,0x000000b253500000) (1024K)]
Total: 10

Threads with active compile tasks:
C2 CompilerThread0    68195 14435       4       org.gradle.internal.execution.steps.IdentifyStep::lambda$createIdentityContext$0 (34 bytes)
C1 CompilerThread0    68195 14474       3       com.android.build.gradle.internal.api.DefaultAndroidSourceDirectorySet::setSrcDirs (6 bytes)
Total: 2

VM state: at safepoint (normal execution)

VM Mutex/Monitor currently owned by a thread:  ([mutex/lock_event])
[0x00007ffbc24bde98] Threads_lock - owner thread: 0x000001d27ce322e0
[0x00007ffbc24bdf98] Heap_lock - owner thread: 0x000001d26d5b4750

Heap address: 0x0000000700000000, size: 4096 MB, Compressed Oops mode: Zero based, Oop shift amount: 3

CDS archive(s) mapped at: [0x000001d20f000000-0x000001d20fc90000-0x000001d20fc90000), size 13172736, SharedBaseAddress: 0x000001d20f000000, ArchiveRelocationMode: 1.
Compressed class space mapped at: 0x000001d210000000-0x000001d250000000, reserved size: 1073741824
Narrow klass base: 0x000001d20f000000, Narrow klass shift: 0, Narrow klass range: 0x100000000

GC Precious Log:
 CardTable entry size: 512
 Card Set container configuration: InlinePtr #cards 4 size 8 Array Of Cards #cards 16 size 48 Howl #buckets 8 coarsen threshold 3686 Howl Bitmap #cards 512 size 80 coarsen threshold 460 Card regions per heap region 1 cards per card region 4096
 CPUs: 4 total, 4 available
 Memory: 6094M
 Large Page Support: Disabled
 NUMA Support: Disabled
 Compressed Oops: Enabled (Zero based)
 Heap Region Size: 2M
 Heap Min Capacity: 8M
 Heap Initial Capacity: 96M
 Heap Max Capacity: 4G
 Pre-touch: Disabled
 Parallel Workers: 4
 Concurrent Workers: 1
 Concurrent Refinement Workers: 4
 Periodic GC: Disabled

Heap:
 garbage-first heap   total 319488K, used 204557K [0x0000000700000000, 0x0000000800000000)
  region size 2048K, 18 young (36864K), 6 survivors (12288K)
 Metaspace       used 103498K, committed 106176K, reserved 1179648K
  class space    used 14324K, committed 15616K, reserved 1048576K

Heap Regions: E=young(eden), S=young(survivor), O=old, HS=humongous(starts), HC=humongous(continues), CS=collection set, F=free, TAMS=top-at-mark-start, PB=parsable bottom
|   0|0x0000000700000000, 0x0000000700200000, 0x0000000700200000|100%|HS|  |TAMS 0x0000000700200000| PB 0x0000000700000000| Complete 
|   1|0x0000000700200000, 0x0000000700400000, 0x0000000700400000|100%|HC|  |TAMS 0x0000000700400000| PB 0x0000000700200000| Complete 
|   2|0x0000000700400000, 0x0000000700600000, 0x0000000700600000|100%| O|  |TAMS 0x0000000700600000| PB 0x0000000700600000| Untracked 
|   3|0x0000000700600000, 0x0000000700800000, 0x0000000700800000|100%| O|  |TAMS 0x0000000700800000| PB 0x0000000700800000| Untracked 
|   4|0x0000000700800000, 0x0000000700a00000, 0x0000000700a00000|100%| O|  |TAMS 0x0000000700a00000| PB 0x0000000700a00000| Untracked 
|   5|0x0000000700a00000, 0x0000000700c00000, 0x0000000700c00000|100%| O|  |TAMS 0x0000000700c00000| PB 0x0000000700c00000| Untracked 
|   6|0x0000000700c00000, 0x0000000700e00000, 0x0000000700e00000|100%| O|  |TAMS 0x0000000700e00000| PB 0x0000000700e00000| Untracked 
|   7|0x0000000700e00000, 0x0000000701000000, 0x0000000701000000|100%| O|  |TAMS 0x0000000701000000| PB 0x0000000701000000| Untracked 
|   8|0x0000000701000000, 0x0000000701200000, 0x0000000701200000|100%| O|  |TAMS 0x0000000701200000| PB 0x0000000701200000| Untracked 
|   9|0x0000000701200000, 0x0000000701400000, 0x0000000701400000|100%| O|  |TAMS 0x0000000701400000| PB 0x0000000701400000| Untracked 
|  10|0x0000000701400000, 0x0000000701600000, 0x0000000701600000|100%| O|  |TAMS 0x0000000701600000| PB 0x0000000701600000| Untracked 
|  11|0x0000000701600000, 0x0000000701800000, 0x0000000701800000|100%| O|  |TAMS 0x0000000701800000| PB 0x0000000701800000| Untracked 
|  12|0x0000000701800000, 0x0000000701a00000, 0x0000000701a00000|100%| O|  |TAMS 0x0000000701a00000| PB 0x0000000701a00000| Untracked 
|  13|0x0000000701a00000, 0x0000000701c00000, 0x0000000701c00000|100%| O|  |TAMS 0x0000000701c00000| PB 0x0000000701c00000| Untracked 
|  14|0x0000000701c00000, 0x0000000701e00000, 0x0000000701e00000|100%| O|  |TAMS 0x0000000701e00000| PB 0x0000000701e00000| Untracked 
|  15|0x0000000701e00000, 0x0000000702000000, 0x0000000702000000|100%| O|  |TAMS 0x0000000702000000| PB 0x0000000702000000| Untracked 
|  16|0x0000000702000000, 0x0000000702200000, 0x0000000702200000|100%| O|  |TAMS 0x0000000702200000| PB 0x0000000702200000| Untracked 
|  17|0x0000000702200000, 0x0000000702400000, 0x0000000702400000|100%| O|  |TAMS 0x0000000702400000| PB 0x0000000702400000| Updating 
|  18|0x0000000702400000, 0x0000000702600000, 0x0000000702600000|100%| O|  |TAMS 0x0000000702600000| PB 0x0000000702600000| Untracked 
|  19|0x0000000702600000, 0x0000000702800000, 0x0000000702800000|100%| O|  |TAMS 0x0000000702800000| PB 0x0000000702800000| Untracked 
|  20|0x0000000702800000, 0x0000000702a00000, 0x0000000702a00000|100%| O|  |TAMS 0x0000000702a00000| PB 0x0000000702a00000| Updating 
|  21|0x0000000702a00000, 0x0000000702c00000, 0x0000000702c00000|100%| O|  |TAMS 0x0000000702c00000| PB 0x0000000702c00000| Untracked 
|  22|0x0000000702c00000, 0x0000000702e00000, 0x0000000702e00000|100%| O|  |TAMS 0x0000000702e00000| PB 0x0000000702e00000| Untracked 
|  23|0x0000000702e00000, 0x0000000703000000, 0x0000000703000000|100%| O|  |TAMS 0x0000000703000000| PB 0x0000000703000000| Updating 
|  24|0x0000000703000000, 0x0000000703200000, 0x0000000703200000|100%| O|  |TAMS 0x0000000703200000| PB 0x0000000703200000| Untracked 
|  25|0x0000000703200000, 0x0000000703400000, 0x0000000703400000|100%| O|  |TAMS 0x0000000703400000| PB 0x0000000703400000| Updating 
|  26|0x0000000703400000, 0x0000000703600000, 0x0000000703600000|100%|HS|  |TAMS 0x0000000703600000| PB 0x0000000703400000| Complete 
|  27|0x0000000703600000, 0x0000000703800000, 0x0000000703800000|100%| O|  |TAMS 0x0000000703800000| PB 0x0000000703800000| Updating 
|  28|0x0000000703800000, 0x0000000703a00000, 0x0000000703a00000|100%| O|  |TAMS 0x0000000703a00000| PB 0x0000000703a00000| Untracked 
|  29|0x0000000703a00000, 0x0000000703c00000, 0x0000000703c00000|100%| O|  |TAMS 0x0000000703c00000| PB 0x0000000703c00000| Untracked 
|  30|0x0000000703c00000, 0x0000000703e00000, 0x0000000703e00000|100%|HS|  |TAMS 0x0000000703e00000| PB 0x0000000703c00000| Complete 
|  31|0x0000000703e00000, 0x0000000704000000, 0x0000000704000000|100%| O|  |TAMS 0x0000000704000000| PB 0x0000000704000000| Untracked 
|  32|0x0000000704000000, 0x0000000704200000, 0x0000000704200000|100%| O|  |TAMS 0x0000000704200000| PB 0x0000000704200000| Untracked 
|  33|0x0000000704200000, 0x0000000704400000, 0x0000000704400000|100%| O|  |TAMS 0x0000000704400000| PB 0x0000000704400000| Updating 
|  34|0x0000000704400000, 0x0000000704600000, 0x0000000704600000|100%| O|  |TAMS 0x0000000704600000| PB 0x0000000704600000| Untracked 
|  35|0x0000000704600000, 0x0000000704800000, 0x0000000704800000|100%| O|  |TAMS 0x0000000704800000| PB 0x0000000704800000| Untracked 
|  36|0x0000000704800000, 0x0000000704a00000, 0x0000000704a00000|100%| O|  |TAMS 0x0000000704a00000| PB 0x0000000704a00000| Updating 
|  37|0x0000000704a00000, 0x0000000704c00000, 0x0000000704c00000|100%| O|  |TAMS 0x0000000704c00000| PB 0x0000000704c00000| Untracked 
|  38|0x0000000704c00000, 0x0000000704e00000, 0x0000000704e00000|100%| O|  |TAMS 0x0000000704e00000| PB 0x0000000704e00000| Untracked 
|  39|0x0000000704e00000, 0x0000000705000000, 0x0000000705000000|100%| O|  |TAMS 0x0000000705000000| PB 0x0000000705000000| Untracked 
|  40|0x0000000705000000, 0x0000000705200000, 0x0000000705200000|100%| O|  |TAMS 0x0000000705200000| PB 0x0000000705200000| Updating 
|  41|0x0000000705200000, 0x0000000705400000, 0x0000000705400000|100%| O|  |TAMS 0x0000000705400000| PB 0x0000000705400000| Untracked 
|  42|0x0000000705400000, 0x0000000705600000, 0x0000000705600000|100%| O|  |TAMS 0x0000000705600000| PB 0x0000000705600000| Untracked 
|  43|0x0000000705600000, 0x0000000705800000, 0x0000000705800000|100%| O|  |TAMS 0x0000000705800000| PB 0x0000000705800000| Untracked 
|  44|0x0000000705800000, 0x0000000705a00000, 0x0000000705a00000|100%| O|  |TAMS 0x0000000705a00000| PB 0x0000000705a00000| Untracked 
|  45|0x0000000705a00000, 0x0000000705c00000, 0x0000000705c00000|100%| O|  |TAMS 0x0000000705c00000| PB 0x0000000705c00000| Untracked 
|  46|0x0000000705c00000, 0x0000000705e00000, 0x0000000705e00000|100%| O|  |TAMS 0x0000000705e00000| PB 0x0000000705e00000| Updating 
|  47|0x0000000705e00000, 0x0000000706000000, 0x0000000706000000|100%|HS|  |TAMS 0x0000000706000000| PB 0x0000000705e00000| Complete 
|  48|0x0000000706000000, 0x0000000706200000, 0x0000000706200000|100%|HC|  |TAMS 0x0000000706200000| PB 0x0000000706000000| Complete 
|  49|0x0000000706200000, 0x0000000706400000, 0x0000000706400000|100%|HS|  |TAMS 0x0000000706400000| PB 0x0000000706200000| Complete 
|  50|0x0000000706400000, 0x0000000706600000, 0x0000000706600000|100%| O|  |TAMS 0x0000000706600000| PB 0x0000000706600000| Untracked 
|  51|0x0000000706600000, 0x0000000706800000, 0x0000000706800000|100%| O|  |TAMS 0x0000000706800000| PB 0x0000000706800000| Untracked 
|  52|0x0000000706800000, 0x0000000706a00000, 0x0000000706a00000|100%| O|  |TAMS 0x0000000706a00000| PB 0x0000000706a00000| Updating 
|  53|0x0000000706a00000, 0x0000000706c00000, 0x0000000706c00000|100%| O|  |TAMS 0x0000000706c00000| PB 0x0000000706c00000| Updating 
|  54|0x0000000706c00000, 0x0000000706e00000, 0x0000000706e00000|100%| O|  |TAMS 0x0000000706e00000| PB 0x0000000706e00000| Untracked 
|  55|0x0000000706e00000, 0x0000000707000000, 0x0000000707000000|100%| O|  |TAMS 0x0000000707000000| PB 0x0000000707000000| Untracked 
|  56|0x0000000707000000, 0x0000000707200000, 0x0000000707200000|100%| O|  |TAMS 0x0000000707200000| PB 0x0000000707200000| Untracked 
|  57|0x0000000707200000, 0x0000000707200000, 0x0000000707400000|  0%| F|  |TAMS 0x0000000707200000| PB 0x0000000707200000| Untracked 
|  58|0x0000000707400000, 0x0000000707600000, 0x0000000707600000|100%| O|  |TAMS 0x0000000707600000| PB 0x0000000707600000| Untracked 
|  59|0x0000000707600000, 0x0000000707800000, 0x0000000707800000|100%| O|  |TAMS 0x0000000707800000| PB 0x0000000707800000| Updating 
|  60|0x0000000707800000, 0x0000000707a00000, 0x0000000707a00000|100%| O|  |TAMS 0x0000000707a00000| PB 0x0000000707a00000| Untracked 
|  61|0x0000000707a00000, 0x0000000707c00000, 0x0000000707c00000|100%| O|  |TAMS 0x0000000707c00000| PB 0x0000000707c00000| Updating 
|  62|0x0000000707c00000, 0x0000000707e00000, 0x0000000707e00000|100%| O|  |TAMS 0x0000000707e00000| PB 0x0000000707e00000| Untracked 
|  63|0x0000000707e00000, 0x0000000708000000, 0x0000000708000000|100%| O|  |TAMS 0x0000000708000000| PB 0x0000000708000000| Untracked 
|  64|0x0000000708000000, 0x0000000708000000, 0x0000000708200000|  0%| F|  |TAMS 0x0000000708000000| PB 0x0000000708000000| Untracked 
|  65|0x0000000708200000, 0x0000000708200000, 0x0000000708400000|  0%| F|  |TAMS 0x0000000708200000| PB 0x0000000708200000| Untracked 
|  66|0x0000000708400000, 0x0000000708600000, 0x0000000708600000|100%| O|  |TAMS 0x0000000708600000| PB 0x0000000708600000| Untracked 
|  67|0x0000000708600000, 0x0000000708800000, 0x0000000708800000|100%| O|  |TAMS 0x0000000708800000| PB 0x0000000708800000| Updating 
|  68|0x0000000708800000, 0x0000000708a00000, 0x0000000708a00000|100%| O|  |TAMS 0x0000000708a00000| PB 0x0000000708a00000| Updating 
|  69|0x0000000708a00000, 0x0000000708c00000, 0x0000000708c00000|100%| O|  |TAMS 0x0000000708c00000| PB 0x0000000708c00000| Updating 
|  70|0x0000000708c00000, 0x0000000708e00000, 0x0000000708e00000|100%| O|  |TAMS 0x0000000708e00000| PB 0x0000000708e00000| Untracked 
|  71|0x0000000708e00000, 0x0000000709000000, 0x0000000709000000|100%| O|  |TAMS 0x0000000709000000| PB 0x0000000709000000| Untracked 
|  72|0x0000000709000000, 0x0000000709200000, 0x0000000709200000|100%| O|  |TAMS 0x0000000709200000| PB 0x0000000709200000| Updating 
|  73|0x0000000709200000, 0x0000000709400000, 0x0000000709400000|100%| O|  |TAMS 0x0000000709400000| PB 0x0000000709400000| Updating 
|  74|0x0000000709400000, 0x0000000709600000, 0x0000000709600000|100%| O|  |TAMS 0x0000000709600000| PB 0x0000000709600000| Updating 
|  75|0x0000000709600000, 0x0000000709800000, 0x0000000709800000|100%| O|  |TAMS 0x0000000709800000| PB 0x0000000709800000| Updating 
|  76|0x0000000709800000, 0x0000000709a00000, 0x0000000709a00000|100%| O|  |TAMS 0x0000000709a00000| PB 0x0000000709a00000| Untracked 
|  77|0x0000000709a00000, 0x0000000709c00000, 0x0000000709c00000|100%| O|  |TAMS 0x0000000709c00000| PB 0x0000000709c00000| Untracked 
|  78|0x0000000709c00000, 0x0000000709e00000, 0x0000000709e00000|100%| O|  |TAMS 0x0000000709e00000| PB 0x0000000709e00000| Untracked 
|  79|0x0000000709e00000, 0x000000070a000000, 0x000000070a000000|100%| O|  |TAMS 0x000000070a000000| PB 0x000000070a000000| Untracked 
|  80|0x000000070a000000, 0x000000070a200000, 0x000000070a200000|100%| O|  |TAMS 0x000000070a200000| PB 0x000000070a200000| Untracked 
|  81|0x000000070a200000, 0x000000070a400000, 0x000000070a400000|100%| O|  |TAMS 0x000000070a400000| PB 0x000000070a400000| Updating 
|  82|0x000000070a400000, 0x000000070a600000, 0x000000070a600000|100%| O|  |TAMS 0x000000070a600000| PB 0x000000070a600000| Updating 
|  83|0x000000070a600000, 0x000000070a600000, 0x000000070a800000|  0%| F|  |TAMS 0x000000070a600000| PB 0x000000070a600000| Untracked 
|  84|0x000000070a800000, 0x000000070a800000, 0x000000070aa00000|  0%| F|  |TAMS 0x000000070a800000| PB 0x000000070a800000| Untracked 
|  85|0x000000070aa00000, 0x000000070aa00000, 0x000000070ac00000|  0%| F|  |TAMS 0x000000070aa00000| PB 0x000000070aa00000| Untracked 
|  86|0x000000070ac00000, 0x000000070ac00000, 0x000000070ae00000|  0%| F|  |TAMS 0x000000070ac00000| PB 0x000000070ac00000| Untracked 
|  87|0x000000070ae00000, 0x000000070ae00000, 0x000000070b000000|  0%| F|  |TAMS 0x000000070ae00000| PB 0x000000070ae00000| Untracked 
|  88|0x000000070b000000, 0x000000070b000000, 0x000000070b200000|  0%| F|  |TAMS 0x000000070b000000| PB 0x000000070b000000| Untracked 
|  89|0x000000070b200000, 0x000000070b400000, 0x000000070b400000|100%| S|CS|TAMS 0x000000070b200000| PB 0x000000070b200000| Complete 
|  90|0x000000070b400000, 0x000000070b600000, 0x000000070b600000|100%| O|  |TAMS 0x000000070b600000| PB 0x000000070b600000| Untracked 
|  91|0x000000070b600000, 0x000000070b7c3500, 0x000000070b800000| 88%| O|  |TAMS 0x000000070b7c3500| PB 0x000000070b7c3500| Updating 
|  92|0x000000070b800000, 0x000000070ba00000, 0x000000070ba00000|100%| S|CS|TAMS 0x000000070b800000| PB 0x000000070b800000| Complete 
|  93|0x000000070ba00000, 0x000000070bc00000, 0x000000070bc00000|100%| S|CS|TAMS 0x000000070ba00000| PB 0x000000070ba00000| Complete 
|  94|0x000000070bc00000, 0x000000070be00000, 0x000000070be00000|100%| S|CS|TAMS 0x000000070bc00000| PB 0x000000070bc00000| Complete 
|  95|0x000000070be00000, 0x000000070c000000, 0x000000070c000000|100%| S|CS|TAMS 0x000000070be00000| PB 0x000000070be00000| Complete 
|  96|0x000000070c000000, 0x000000070c200000, 0x000000070c200000|100%| S|CS|TAMS 0x000000070c000000| PB 0x000000070c000000| Complete 
|  97|0x000000070c200000, 0x000000070c200000, 0x000000070c400000|  0%| F|  |TAMS 0x000000070c200000| PB 0x000000070c200000| Untracked 
|  98|0x000000070c400000, 0x000000070c400000, 0x000000070c600000|  0%| F|  |TAMS 0x000000070c400000| PB 0x000000070c400000| Untracked 
|  99|0x000000070c600000, 0x000000070c600000, 0x000000070c800000|  0%| F|  |TAMS 0x000000070c600000| PB 0x000000070c600000| Untracked 
| 100|0x000000070c800000, 0x000000070c800000, 0x000000070ca00000|  0%| F|  |TAMS 0x000000070c800000| PB 0x000000070c800000| Untracked 
| 101|0x000000070ca00000, 0x000000070ca00000, 0x000000070cc00000|  0%| F|  |TAMS 0x000000070ca00000| PB 0x000000070ca00000| Untracked 
| 102|0x000000070cc00000, 0x000000070cc00000, 0x000000070ce00000|  0%| F|  |TAMS 0x000000070cc00000| PB 0x000000070cc00000| Untracked 
| 103|0x000000070ce00000, 0x000000070ce00000, 0x000000070d000000|  0%| F|  |TAMS 0x000000070ce00000| PB 0x000000070ce00000| Untracked 
| 104|0x000000070d000000, 0x000000070d000000, 0x000000070d200000|  0%| F|  |TAMS 0x000000070d000000| PB 0x000000070d000000| Untracked 
| 105|0x000000070d200000, 0x000000070d200000, 0x000000070d400000|  0%| F|  |TAMS 0x000000070d200000| PB 0x000000070d200000| Untracked 
| 106|0x000000070d400000, 0x000000070d400000, 0x000000070d600000|  0%| F|  |TAMS 0x000000070d400000| PB 0x000000070d400000| Untracked 
| 107|0x000000070d600000, 0x000000070d600000, 0x000000070d800000|  0%| F|  |TAMS 0x000000070d600000| PB 0x000000070d600000| Untracked 
| 108|0x000000070d800000, 0x000000070d800000, 0x000000070da00000|  0%| F|  |TAMS 0x000000070d800000| PB 0x000000070d800000| Untracked 
| 109|0x000000070da00000, 0x000000070da00000, 0x000000070dc00000|  0%| F|  |TAMS 0x000000070da00000| PB 0x000000070da00000| Untracked 
| 110|0x000000070dc00000, 0x000000070dc00000, 0x000000070de00000|  0%| F|  |TAMS 0x000000070dc00000| PB 0x000000070dc00000| Untracked 
| 111|0x000000070de00000, 0x000000070de00000, 0x000000070e000000|  0%| F|  |TAMS 0x000000070de00000| PB 0x000000070de00000| Untracked 
| 112|0x000000070e000000, 0x000000070e000000, 0x000000070e200000|  0%| F|  |TAMS 0x000000070e000000| PB 0x000000070e000000| Untracked 
| 113|0x000000070e200000, 0x000000070e200000, 0x000000070e400000|  0%| F|  |TAMS 0x000000070e200000| PB 0x000000070e200000| Untracked 
| 114|0x000000070e400000, 0x000000070e400000, 0x000000070e600000|  0%| F|  |TAMS 0x000000070e400000| PB 0x000000070e400000| Untracked 
| 115|0x000000070e600000, 0x000000070e600000, 0x000000070e800000|  0%| F|  |TAMS 0x000000070e600000| PB 0x000000070e600000| Untracked 
| 116|0x000000070e800000, 0x000000070e800000, 0x000000070ea00000|  0%| F|  |TAMS 0x000000070e800000| PB 0x000000070e800000| Untracked 
| 117|0x000000070ea00000, 0x000000070ea00000, 0x000000070ec00000|  0%| F|  |TAMS 0x000000070ea00000| PB 0x000000070ea00000| Untracked 
| 118|0x000000070ec00000, 0x000000070ec00000, 0x000000070ee00000|  0%| F|  |TAMS 0x000000070ec00000| PB 0x000000070ec00000| Untracked 
| 119|0x000000070ee00000, 0x000000070ee00000, 0x000000070f000000|  0%| F|  |TAMS 0x000000070ee00000| PB 0x000000070ee00000| Untracked 
| 120|0x000000070f000000, 0x000000070f000000, 0x000000070f200000|  0%| F|  |TAMS 0x000000070f000000| PB 0x000000070f000000| Untracked 
| 121|0x000000070f200000, 0x000000070f200000, 0x000000070f400000|  0%| F|  |TAMS 0x000000070f200000| PB 0x000000070f200000| Untracked 
| 122|0x000000070f400000, 0x000000070f400000, 0x000000070f600000|  0%| F|  |TAMS 0x000000070f400000| PB 0x000000070f400000| Untracked 
| 123|0x000000070f600000, 0x000000070f600000, 0x000000070f800000|  0%| F|  |TAMS 0x000000070f600000| PB 0x000000070f600000| Untracked 
| 124|0x000000070f800000, 0x000000070f800000, 0x000000070fa00000|  0%| F|  |TAMS 0x000000070f800000| PB 0x000000070f800000| Untracked 
| 125|0x000000070fa00000, 0x000000070fa00000, 0x000000070fc00000|  0%| F|  |TAMS 0x000000070fa00000| PB 0x000000070fa00000| Untracked 
| 126|0x000000070fc00000, 0x000000070fc00000, 0x000000070fe00000|  0%| F|  |TAMS 0x000000070fc00000| PB 0x000000070fc00000| Untracked 
| 127|0x000000070fe00000, 0x000000070fe00000, 0x0000000710000000|  0%| F|  |TAMS 0x000000070fe00000| PB 0x000000070fe00000| Untracked 
| 128|0x0000000710000000, 0x0000000710000000, 0x0000000710200000|  0%| F|  |TAMS 0x0000000710000000| PB 0x0000000710000000| Untracked 
| 129|0x0000000710200000, 0x0000000710200000, 0x0000000710400000|  0%| F|  |TAMS 0x0000000710200000| PB 0x0000000710200000| Untracked 
| 130|0x0000000710400000, 0x0000000710400000, 0x0000000710600000|  0%| F|  |TAMS 0x0000000710400000| PB 0x0000000710400000| Untracked 
| 131|0x0000000710600000, 0x0000000710600000, 0x0000000710800000|  0%| F|  |TAMS 0x0000000710600000| PB 0x0000000710600000| Untracked 
| 132|0x0000000710800000, 0x0000000710800000, 0x0000000710a00000|  0%| F|  |TAMS 0x0000000710800000| PB 0x0000000710800000| Untracked 
| 133|0x0000000710a00000, 0x0000000710a00000, 0x0000000710c00000|  0%| F|  |TAMS 0x0000000710a00000| PB 0x0000000710a00000| Untracked 
| 134|0x0000000710c00000, 0x0000000710c00000, 0x0000000710e00000|  0%| F|  |TAMS 0x0000000710c00000| PB 0x0000000710c00000| Untracked 
| 135|0x0000000710e00000, 0x0000000710e00000, 0x0000000711000000|  0%| F|  |TAMS 0x0000000710e00000| PB 0x0000000710e00000| Untracked 
| 136|0x0000000711000000, 0x0000000711000000, 0x0000000711200000|  0%| F|  |TAMS 0x0000000711000000| PB 0x0000000711000000| Untracked 
| 137|0x0000000711200000, 0x0000000711200000, 0x0000000711400000|  0%| F|  |TAMS 0x0000000711200000| PB 0x0000000711200000| Untracked 
| 138|0x0000000711400000, 0x0000000711400000, 0x0000000711600000|  0%| F|  |TAMS 0x0000000711400000| PB 0x0000000711400000| Untracked 
| 139|0x0000000711600000, 0x0000000711600000, 0x0000000711800000|  0%| F|  |TAMS 0x0000000711600000| PB 0x0000000711600000| Untracked 
| 140|0x0000000711800000, 0x0000000711800000, 0x0000000711a00000|  0%| F|  |TAMS 0x0000000711800000| PB 0x0000000711800000| Untracked 
| 141|0x0000000711a00000, 0x0000000711a00000, 0x0000000711c00000|  0%| F|  |TAMS 0x0000000711a00000| PB 0x0000000711a00000| Untracked 
| 142|0x0000000711c00000, 0x0000000711d51cb8, 0x0000000711e00000| 65%| E|  |TAMS 0x0000000711c00000| PB 0x0000000711c00000| Complete 
| 143|0x0000000711e00000, 0x0000000712000000, 0x0000000712000000|100%| E|CS|TAMS 0x0000000711e00000| PB 0x0000000711e00000| Complete 
| 144|0x0000000712000000, 0x0000000712200000, 0x0000000712200000|100%| E|CS|TAMS 0x0000000712000000| PB 0x0000000712000000| Complete 
| 145|0x0000000712200000, 0x0000000712400000, 0x0000000712400000|100%| E|  |TAMS 0x0000000712200000| PB 0x0000000712200000| Complete 
| 146|0x0000000712400000, 0x0000000712600000, 0x0000000712600000|100%| E|CS|TAMS 0x0000000712400000| PB 0x0000000712400000| Complete 
| 147|0x0000000712600000, 0x0000000712800000, 0x0000000712800000|100%| E|CS|TAMS 0x0000000712600000| PB 0x0000000712600000| Complete 
| 148|0x0000000712800000, 0x0000000712a00000, 0x0000000712a00000|100%| E|CS|TAMS 0x0000000712800000| PB 0x0000000712800000| Complete 
| 149|0x0000000712a00000, 0x0000000712c00000, 0x0000000712c00000|100%| E|CS|TAMS 0x0000000712a00000| PB 0x0000000712a00000| Complete 
| 150|0x0000000712c00000, 0x0000000712e00000, 0x0000000712e00000|100%| E|CS|TAMS 0x0000000712c00000| PB 0x0000000712c00000| Complete 
| 151|0x0000000712e00000, 0x0000000713000000, 0x0000000713000000|100%| E|CS|TAMS 0x0000000712e00000| PB 0x0000000712e00000| Complete 
|2044|0x00000007ff800000, 0x00000007ffa00000, 0x00000007ffa00000|100%| O|  |TAMS 0x00000007ffa00000| PB 0x00000007ffa00000| Updating 
|2045|0x00000007ffa00000, 0x00000007ffc00000, 0x00000007ffc00000|100%| E|CS|TAMS 0x00000007ffa00000| PB 0x00000007ffa00000| Complete 
|2046|0x00000007ffc00000, 0x00000007ffe00000, 0x00000007ffe00000|100%| E|CS|TAMS 0x00000007ffc00000| PB 0x00000007ffc00000| Complete 
|2047|0x00000007ffe00000, 0x0000000800000000, 0x0000000800000000|100%| O|  |TAMS 0x0000000800000000| PB 0x0000000800000000| Updating 

Card table byte_map: [0x000001d2761c0000,0x000001d2769c0000] _byte_map_base: 0x000001d2729c0000

Marking Bits: (CMBitMap*) 0x000001d26d5a3e70
 Bits: [0x000001d2769c0000, 0x000001d27a9c0000)

Polling page: 0x000001d26cd00000

Metaspace:

Usage:
  Non-class:     87.08 MB used.
      Class:     13.99 MB used.
       Both:    101.07 MB used.

Virtual space:
  Non-class space:      128.00 MB reserved,      88.44 MB ( 69%) committed,  2 nodes.
      Class space:        1.00 GB reserved,      15.25 MB (  1%) committed,  1 nodes.
             Both:        1.12 GB reserved,     103.69 MB (  9%) committed. 

Chunk freelists:
   Non-Class:  7.56 MB
       Class:  682.00 KB
        Both:  8.22 MB

MaxMetaspaceSize: 2.00 GB
CompressedClassSpaceSize: 1.00 GB
Initial GC threshold: 21.00 MB
Current GC threshold: 171.56 MB
CDS: on
 - commit_granule_bytes: 65536.
 - commit_granule_words: 8192.
 - virtual_space_node_default_size: 8388608.
 - enlarge_chunks_in_place: 1.
 - use_allocation_guard: 0.


Internal statistics:

num_allocs_failed_limit: 12.
num_arena_births: 4426.
num_arena_deaths: 0.
num_vsnodes_births: 3.
num_vsnodes_deaths: 0.
num_space_committed: 1659.
num_space_uncommitted: 0.
num_chunks_returned_to_freelist: 12.
num_chunks_taken_from_freelist: 9365.
num_chunk_merges: 12.
num_chunk_splits: 6093.
num_chunks_enlarged: 3817.
num_inconsistent_stats: 0.

CodeHeap 'non-profiled nmethods': size=120000Kb used=7884Kb max_used=7903Kb free=112115Kb
 bounds [0x000001d207ad0000, 0x000001d208290000, 0x000001d20f000000]
CodeHeap 'profiled nmethods': size=120000Kb used=22928Kb max_used=23209Kb free=97071Kb
 bounds [0x000001d200000000, 0x000001d2016b0000, 0x000001d207530000]
CodeHeap 'non-nmethods': size=5760Kb used=2923Kb max_used=2991Kb free=2836Kb
 bounds [0x000001d207530000, 0x000001d207830000, 0x000001d207ad0000]
 total_blobs=13023 nmethods=12014 adapters=913
 compilation: enabled
              stopped_count=0, restarted_count=0
 full_count=0

Compilation events (20 events):
Event: 67.918 Thread 0x000001d27ce747a0 nmethod 14464 0x000001d2016a5010 code [0x000001d2016a51c0, 0x000001d2016a5330]
Event: 67.918 Thread 0x000001d27ce747a0 14465       3       org.gradle.internal.model.StateTransitionController::assertInStateOrLater (58 bytes)
Event: 67.919 Thread 0x000001d27ce747a0 nmethod 14465 0x000001d2016a5410 code [0x000001d2016a56c0, 0x000001d2016a61a8]
Event: 67.919 Thread 0x000001d27ce747a0 14466       3       org.gradle.api.internal.artifacts.repositories.DefaultBaseRepositoryFactory$NamedMavenRepositoryDescriber::<init> (6 bytes)
Event: 67.919 Thread 0x000001d27ce747a0 nmethod 14466 0x000001d2016a6610 code [0x000001d2016a67c0, 0x000001d2016a69e8]
Event: 67.921 Thread 0x000001d27ce747a0 14467       3       java.lang.reflect.Constructor::getGenericInfo (28 bytes)
Event: 67.922 Thread 0x000001d27ce747a0 nmethod 14467 0x000001d2016a6b10 code [0x000001d2016a6da0, 0x000001d2016a7b70]
Event: 67.947 Thread 0x000001d27ce747a0 14468       3       com.google.common.base.Ascii::toLowerCase (74 bytes)
Event: 67.948 Thread 0x000001d27ce747a0 nmethod 14468 0x000001d2016a8010 code [0x000001d2016a82c0, 0x000001d2016a9038]
Event: 67.949 Thread 0x000001d27ce747a0 14469       3       com.google.common.cache.LocalCache$Segment::recordRead (29 bytes)
Event: 67.949 Thread 0x000001d27ce747a0 nmethod 14469 0x000001d2016a9590 code [0x000001d2016a9780, 0x000001d2016a9ce0]
Event: 67.949 Thread 0x000001d27ce747a0 14470       3       com.google.common.cache.CacheBuilder$1::recordHits (1 bytes)
Event: 67.949 Thread 0x000001d27ce747a0 nmethod 14470 0x000001d200ab7f90 code [0x000001d200ab8120, 0x000001d200ab8228]
Event: 67.949 Thread 0x000001d27ce747a0 14471       3       com.google.common.cache.LocalCache$Segment::scheduleRefresh (66 bytes)
Event: 67.950 Thread 0x000001d27ce747a0 nmethod 14471 0x000001d2016a9f10 code [0x000001d2016aa0e0, 0x000001d2016aa538]
Event: 67.950 Thread 0x000001d27ce747a0 14472       3       com.google.common.collect.ImmutableSet$RegularSetBuilderImpl::ensureTableCapacity (89 bytes)
Event: 67.950 Thread 0x000001d27ce747a0 nmethod 14472 0x000001d2016aa790 code [0x000001d2016aa9a0, 0x000001d2016aae88]
Event: 67.950 Thread 0x000001d27ce747a0 14473       1       com.android.build.gradle.internal.core.Abi::getTag (5 bytes)
Event: 67.950 Thread 0x000001d27ce747a0 nmethod 14473 0x000001d208287b10 code [0x000001d208287ca0, 0x000001d208287d70]
Event: 67.954 Thread 0x000001d27ce747a0 14474       3       com.android.build.gradle.internal.api.DefaultAndroidSourceDirectorySet::setSrcDirs (6 bytes)

GC Heap History (20 events):
Event: 52.939 GC heap before
{Heap before GC invocations=38 (full 0):
 garbage-first heap   total 210944K, used 186541K [0x0000000700000000, 0x0000000800000000)
  region size 2048K, 33 young (67584K), 2 survivors (4096K)
 Metaspace       used 96179K, committed 98560K, reserved 1179648K
  class space    used 13263K, committed 14400K, reserved 1048576K
}
Event: 52.948 GC heap after
{Heap after GC invocations=39 (full 0):
 garbage-first heap   total 210944K, used 125213K [0x0000000700000000, 0x0000000800000000)
  region size 2048K, 3 young (6144K), 3 survivors (6144K)
 Metaspace       used 96179K, committed 98560K, reserved 1179648K
  class space    used 13263K, committed 14400K, reserved 1048576K
}
Event: 54.607 GC heap before
{Heap before GC invocations=40 (full 0):
 garbage-first heap   total 229376K, used 186653K [0x0000000700000000, 0x0000000800000000)
  region size 2048K, 34 young (69632K), 3 survivors (6144K)
 Metaspace       used 99156K, committed 101568K, reserved 1179648K
  class space    used 13723K, committed 14912K, reserved 1048576K
}
Event: 54.626 GC heap after
{Heap after GC invocations=41 (full 0):
 garbage-first heap   total 229376K, used 130045K [0x0000000700000000, 0x0000000800000000)
  region size 2048K, 4 young (8192K), 4 survivors (8192K)
 Metaspace       used 99156K, committed 101568K, reserved 1179648K
  class space    used 13723K, committed 14912K, reserved 1048576K
}
Event: 56.520 GC heap before
{Heap before GC invocations=41 (full 0):
 garbage-first heap   total 229376K, used 205821K [0x0000000700000000, 0x0000000800000000)
  region size 2048K, 41 young (83968K), 4 survivors (8192K)
 Metaspace       used 100984K, committed 103552K, reserved 1179648K
  class space    used 13970K, committed 15232K, reserved 1048576K
}
Event: 56.544 GC heap after
{Heap after GC invocations=42 (full 0):
 garbage-first heap   total 229376K, used 136241K [0x0000000700000000, 0x0000000800000000)
  region size 2048K, 6 young (12288K), 6 survivors (12288K)
 Metaspace       used 100984K, committed 103552K, reserved 1179648K
  class space    used 13970K, committed 15232K, reserved 1048576K
}
Event: 57.280 GC heap before
{Heap before GC invocations=42 (full 0):
 garbage-first heap   total 229376K, used 201777K [0x0000000700000000, 0x0000000800000000)
  region size 2048K, 38 young (77824K), 6 survivors (12288K)
 Metaspace       used 100984K, committed 103552K, reserved 1179648K
  class space    used 13970K, committed 15232K, reserved 1048576K
}
Event: 57.299 GC heap after
{Heap after GC invocations=43 (full 0):
 garbage-first heap   total 229376K, used 140123K [0x0000000700000000, 0x0000000800000000)
  region size 2048K, 3 young (6144K), 3 survivors (6144K)
 Metaspace       used 100984K, committed 103552K, reserved 1179648K
  class space    used 13970K, committed 15232K, reserved 1048576K
}
Event: 59.408 GC heap before
{Heap before GC invocations=44 (full 0):
 garbage-first heap   total 266240K, used 205659K [0x0000000700000000, 0x0000000800000000)
  region size 2048K, 36 young (73728K), 3 survivors (6144K)
 Metaspace       used 102469K, committed 105024K, reserved 1179648K
  class space    used 14213K, committed 15488K, reserved 1048576K
}
Event: 59.425 GC heap after
{Heap after GC invocations=45 (full 0):
 garbage-first heap   total 266240K, used 150819K [0x0000000700000000, 0x0000000800000000)
  region size 2048K, 5 young (10240K), 5 survivors (10240K)
 Metaspace       used 102469K, committed 105024K, reserved 1179648K
  class space    used 14213K, committed 15488K, reserved 1048576K
}
Event: 61.064 GC heap before
{Heap before GC invocations=45 (full 0):
 garbage-first heap   total 266240K, used 236835K [0x0000000700000000, 0x0000000800000000)
  region size 2048K, 48 young (98304K), 5 survivors (10240K)
 Metaspace       used 102674K, committed 105216K, reserved 1179648K
  class space    used 14234K, committed 15488K, reserved 1048576K
}
Event: 61.087 GC heap after
{Heap after GC invocations=46 (full 0):
 garbage-first heap   total 266240K, used 161491K [0x0000000700000000, 0x0000000800000000)
  region size 2048K, 6 young (12288K), 6 survivors (12288K)
 Metaspace       used 102674K, committed 105216K, reserved 1179648K
  class space    used 14234K, committed 15488K, reserved 1048576K
}
Event: 61.822 GC heap before
{Heap before GC invocations=46 (full 0):
 garbage-first heap   total 266240K, used 235219K [0x0000000700000000, 0x0000000800000000)
  region size 2048K, 42 young (86016K), 6 survivors (12288K)
 Metaspace       used 102681K, committed 105216K, reserved 1179648K
  class space    used 14234K, committed 15488K, reserved 1048576K
}
Event: 61.836 GC heap after
{Heap after GC invocations=47 (full 0):
 garbage-first heap   total 319488K, used 163840K [0x0000000700000000, 0x0000000800000000)
  region size 2048K, 2 young (4096K), 2 survivors (4096K)
 Metaspace       used 102681K, committed 105216K, reserved 1179648K
  class space    used 14234K, committed 15488K, reserved 1048576K
}
Event: 64.716 GC heap before
{Heap before GC invocations=48 (full 0):
 garbage-first heap   total 319488K, used 286720K [0x0000000700000000, 0x0000000800000000)
  region size 2048K, 63 young (129024K), 2 survivors (4096K)
 Metaspace       used 103128K, committed 105728K, reserved 1179648K
  class space    used 14285K, committed 15552K, reserved 1048576K
}
Event: 64.748 GC heap after
{Heap after GC invocations=49 (full 0):
 garbage-first heap   total 319488K, used 176920K [0x0000000700000000, 0x0000000800000000)
  region size 2048K, 8 young (16384K), 8 survivors (16384K)
 Metaspace       used 103128K, committed 105728K, reserved 1179648K
  class space    used 14285K, committed 15552K, reserved 1048576K
}
Event: 66.138 GC heap before
{Heap before GC invocations=49 (full 0):
 garbage-first heap   total 319488K, used 281368K [0x0000000700000000, 0x0000000800000000)
  region size 2048K, 60 young (122880K), 8 survivors (16384K)
 Metaspace       used 103278K, committed 105856K, reserved 1179648K
  class space    used 14301K, committed 15552K, reserved 1048576K
}
Event: 66.168 GC heap after
{Heap after GC invocations=50 (full 0):
 garbage-first heap   total 319488K, used 178991K [0x0000000700000000, 0x0000000800000000)
  region size 2048K, 4 young (8192K), 4 survivors (8192K)
 Metaspace       used 103278K, committed 105856K, reserved 1179648K
  class space    used 14301K, committed 15552K, reserved 1048576K
}
Event: 67.471 GC heap before
{Heap before GC invocations=50 (full 0):
 garbage-first heap   total 319488K, used 285487K [0x0000000700000000, 0x0000000800000000)
  region size 2048K, 57 young (116736K), 4 survivors (8192K)
 Metaspace       used 103451K, committed 106112K, reserved 1179648K
  class space    used 14319K, committed 15616K, reserved 1048576K
}
Event: 67.490 GC heap after
{Heap after GC invocations=51 (full 0):
 garbage-first heap   total 319488K, used 184077K [0x0000000700000000, 0x0000000800000000)
  region size 2048K, 6 young (12288K), 6 survivors (12288K)
 Metaspace       used 103451K, committed 106112K, reserved 1179648K
  class space    used 14319K, committed 15616K, reserved 1048576K
}

Dll operation events (15 events):
Event: 0.021 Loaded shared library C:\Program Files\Java\jdk-21\bin\java.dll
Event: 0.083 Loaded shared library C:\Program Files\Java\jdk-21\bin\jsvml.dll
Event: 0.334 Loaded shared library C:\Program Files\Java\jdk-21\bin\zip.dll
Event: 0.347 Loaded shared library C:\Program Files\Java\jdk-21\bin\instrument.dll
Event: 0.362 Loaded shared library C:\Program Files\Java\jdk-21\bin\net.dll
Event: 0.366 Loaded shared library C:\Program Files\Java\jdk-21\bin\nio.dll
Event: 0.374 Loaded shared library C:\Program Files\Java\jdk-21\bin\zip.dll
Event: 0.921 Loaded shared library C:\Program Files\Java\jdk-21\bin\jimage.dll
Event: 1.295 Loaded shared library C:\Program Files\Java\jdk-21\bin\verify.dll
Event: 1.600 Loaded shared library C:\Users\ASUS\.gradle\native\1def1411415f61bf3af743bc5b6707747c0891f09f0c88961ee8f79bc544acac\windows-amd64\native-platform.dll
Event: 1.628 Loaded shared library C:\Users\ASUS\.gradle\native\0.2.7\x86_64-windows-gnu\gradle-fileevents.dll
Event: 16.149 Loaded shared library C:\Program Files\Java\jdk-21\bin\management.dll
Event: 16.156 Loaded shared library C:\Program Files\Java\jdk-21\bin\management_ext.dll
Event: 16.537 Loaded shared library C:\Program Files\Java\jdk-21\bin\extnet.dll
Event: 16.988 Loaded shared library C:\Program Files\Java\jdk-21\bin\sunmscapi.dll

Deoptimization events (20 events):
Event: 66.185 Thread 0x000001d27dcbe2e0 DEOPT PACKING pc=0x000001d208230da4 sp=0x000000b254af9670
Event: 66.185 Thread 0x000001d27dcbe2e0 DEOPT UNPACKING pc=0x000001d2075846a2 sp=0x000000b254af9618 mode 2
Event: 66.185 Thread 0x000001d27dcbe2e0 Uncommon trap: trap_request=0xffffffc6 fr.pc=0x000001d208230da4 relative=0x00000000000005c4
Event: 66.185 Thread 0x000001d27dcbe2e0 Uncommon trap: reason=bimorphic_or_optimized_type_check action=maybe_recompile pc=0x000001d208230da4 method=com.google.common.collect.ImmutableMapEntrySet.contains(Ljava/lang/Object;)Z @ 37 c2
Event: 66.185 Thread 0x000001d27dcbe2e0 DEOPT PACKING pc=0x000001d208230da4 sp=0x000000b254af9670
Event: 66.185 Thread 0x000001d27dcbe2e0 DEOPT UNPACKING pc=0x000001d2075846a2 sp=0x000000b254af9618 mode 2
Event: 66.229 Thread 0x000001d27dcbe2e0 Uncommon trap: trap_request=0xffffffd6 fr.pc=0x000001d208214428 relative=0x0000000000000d28
Event: 66.229 Thread 0x000001d27dcbe2e0 Uncommon trap: reason=array_check action=maybe_recompile pc=0x000001d208214428 method=com.google.common.collect.ImmutableMap$Builder.put(Ljava/lang/Object;Ljava/lang/Object;)Lcom/google/common/collect/ImmutableMap$Builder; @ 32 c2
Event: 66.229 Thread 0x000001d27dcbe2e0 DEOPT PACKING pc=0x000001d208214428 sp=0x000000b254af8230
Event: 66.229 Thread 0x000001d27dcbe2e0 DEOPT UNPACKING pc=0x000001d2075846a2 sp=0x000000b254af8168 mode 2
Event: 66.229 Thread 0x000001d27dcbe2e0 Uncommon trap: trap_request=0xffffffd6 fr.pc=0x000001d208214428 relative=0x0000000000000d28
Event: 66.229 Thread 0x000001d27dcbe2e0 Uncommon trap: reason=array_check action=maybe_recompile pc=0x000001d208214428 method=com.google.common.collect.ImmutableMap$Builder.put(Ljava/lang/Object;Ljava/lang/Object;)Lcom/google/common/collect/ImmutableMap$Builder; @ 32 c2
Event: 66.229 Thread 0x000001d27dcbe2e0 DEOPT PACKING pc=0x000001d208214428 sp=0x000000b254af7f10
Event: 66.229 Thread 0x000001d27dcbe2e0 DEOPT UNPACKING pc=0x000001d2075846a2 sp=0x000000b254af7e48 mode 2
Event: 66.416 Thread 0x000001d27dcbe2e0 DEOPT PACKING pc=0x000001d20006ddac sp=0x000000b254af94a0
Event: 66.416 Thread 0x000001d27dcbe2e0 DEOPT UNPACKING pc=0x000001d207584e42 sp=0x000000b254af8950 mode 0
Event: 66.780 Thread 0x000001d27dcbe2e0 Uncommon trap: trap_request=0xffffffd6 fr.pc=0x000001d20823f318 relative=0x00000000000010d8
Event: 66.780 Thread 0x000001d27dcbe2e0 Uncommon trap: reason=array_check action=maybe_recompile pc=0x000001d20823f318 method=java.util.ComparableTimSort.binarySort([Ljava/lang/Object;III)V @ 215 c2
Event: 66.780 Thread 0x000001d27dcbe2e0 DEOPT PACKING pc=0x000001d20823f318 sp=0x000000b254af7e30
Event: 66.780 Thread 0x000001d27dcbe2e0 DEOPT UNPACKING pc=0x000001d2075846a2 sp=0x000000b254af7e10 mode 2

Classes loaded (20 events):
Event: 55.587 Loading class java/lang/IntegerBeanInfo
Event: 55.587 Loading class java/lang/IntegerBeanInfo done
Event: 55.588 Loading class java/lang/IntegerBeanInfo
Event: 55.588 Loading class java/lang/IntegerBeanInfo done
Event: 55.588 Loading class java/lang/NumberBeanInfo
Event: 55.588 Loading class java/lang/NumberBeanInfo done
Event: 55.588 Loading class java/lang/NumberBeanInfo
Event: 55.588 Loading class java/lang/NumberBeanInfo done
Event: 55.589 Loading class java/lang/NumberCustomizer
Event: 55.589 Loading class java/lang/NumberCustomizer done
Event: 55.589 Loading class java/lang/NumberCustomizer
Event: 55.589 Loading class java/lang/NumberCustomizer done
Event: 55.589 Loading class java/lang/IntegerCustomizer
Event: 55.589 Loading class java/lang/IntegerCustomizer done
Event: 55.590 Loading class java/lang/IntegerCustomizer
Event: 55.590 Loading class java/lang/IntegerCustomizer done
Event: 55.590 Loading class jdk/internal/ValueBased
Event: 55.590 Loading class jdk/internal/ValueBased done
Event: 63.966 Loading class java/beans/ParameterDescriptor
Event: 63.966 Loading class java/beans/ParameterDescriptor done

Classes unloaded (0 events):
No events

Classes redefined (0 events):
No events

Internal exceptions (20 events):
Event: 63.952 Thread 0x000001d27dcbe2e0 Exception <a 'java/lang/ClassNotFoundException'{0x000000070c910588}: com/android/build/gradle/internal/dsl/TestOptions_DecoratedBeanInfo> (0x000000070c910588) 
thrown [s\open\src\hotspot\share\classfile\systemDictionary.cpp, line 312]
Event: 63.953 Thread 0x000001d27dcbe2e0 Exception <a 'java/lang/ClassNotFoundException'{0x000000070c91e548}: com/android/build/gradle/internal/dsl/TestOptionsBeanInfo> (0x000000070c91e548) 
thrown [s\open\src\hotspot\share\classfile\systemDictionary.cpp, line 312]
Event: 63.954 Thread 0x000001d27dcbe2e0 Exception <a 'java/lang/ClassNotFoundException'{0x000000070c92c790}: com/android/build/gradle/internal/dsl/TestOptionsCustomizer> (0x000000070c92c790) 
thrown [s\open\src\hotspot\share\classfile\systemDictionary.cpp, line 312]
Event: 63.955 Thread 0x000001d27dcbe2e0 Exception <a 'java/lang/ClassNotFoundException'{0x000000070c959778}: com/android/build/gradle/internal/dsl/TestOptions_DecoratedCustomizer> (0x000000070c959778) 
thrown [s\open\src\hotspot\share\classfile\systemDictionary.cpp, line 312]
Event: 63.963 Thread 0x000001d27dcbe2e0 Exception <a 'java/lang/ClassNotFoundException'{0x000000070c9c3df0}: com/android/build/gradle/internal/dsl/TestOptions$UnitTestOptions_DecoratedBeanInfo> (0x000000070c9c3df0) 
thrown [s\open\src\hotspot\share\classfile\systemDictionary.cpp, line 312]
Event: 63.964 Thread 0x000001d27dcbe2e0 Exception <a 'java/lang/ClassNotFoundException'{0x000000070c9d2178}: com/android/build/gradle/internal/dsl/TestOptions$UnitTestOptionsBeanInfo> (0x000000070c9d2178) 
thrown [s\open\src\hotspot\share\classfile\systemDictionary.cpp, line 312]
Event: 63.965 Thread 0x000001d27dcbe2e0 Exception <a 'java/lang/ClassNotFoundException'{0x000000070c9e0798}: com/android/build/gradle/internal/dsl/TestOptions$UnitTestOptionsCustomizer> (0x000000070c9e0798) 
thrown [s\open\src\hotspot\share\classfile\systemDictionary.cpp, line 312]
Event: 63.967 Thread 0x000001d27dcbe2e0 Exception <a 'java/lang/ClassNotFoundException'{0x000000070c9f5fc0}: com/android/build/gradle/internal/dsl/TestOptions$UnitTestOptions_DecoratedCustomizer> (0x000000070c9f5fc0) 
thrown [s\open\src\hotspot\share\classfile\systemDictionary.cpp, line 312]
Event: 64.175 Thread 0x000001d27dcbe2e0 Exception <a 'java/lang/ClassNotFoundException'{0x000000070c3657f8}: build_a4o1spxut6vqbj09dgtbtpdriBeanInfo> (0x000000070c3657f8) 
thrown [s\open\src\hotspot\share\classfile\systemDictionary.cpp, line 312]
Event: 64.176 Thread 0x000001d27dcbe2e0 Exception <a 'java/lang/ClassNotFoundException'{0x000000070c36c5c8}: build_a4o1spxut6vqbj09dgtbtpdriCustomizer> (0x000000070c36c5c8) 
thrown [s\open\src\hotspot\share\classfile\systemDictionary.cpp, line 312]
Event: 65.867 Thread 0x000001d27dcbe2e0 Exception <a 'java/lang/ClassNotFoundException'{0x000000070d612cc0}: build_a4o1spxut6vqbj09dgtbtpdriBeanInfo> (0x000000070d612cc0) 
thrown [s\open\src\hotspot\share\classfile\systemDictionary.cpp, line 312]
Event: 65.867 Thread 0x000001d27dcbe2e0 Exception <a 'java/lang/ClassNotFoundException'{0x000000070d619a30}: build_a4o1spxut6vqbj09dgtbtpdriCustomizer> (0x000000070d619a30) 
thrown [s\open\src\hotspot\share\classfile\systemDictionary.cpp, line 312]
Event: 66.058 Thread 0x000001d27dcbe2e0 Exception <a 'java/lang/ClassNotFoundException'{0x000000070d058020}: build_3xsvtw4zqimg8lyq7qw7gla9yBeanInfo> (0x000000070d058020) 
thrown [s\open\src\hotspot\share\classfile\systemDictionary.cpp, line 312]
Event: 66.058 Thread 0x000001d27dcbe2e0 Exception <a 'java/lang/ClassNotFoundException'{0x000000070d05edf0}: build_3xsvtw4zqimg8lyq7qw7gla9yCustomizer> (0x000000070d05edf0) 
thrown [s\open\src\hotspot\share\classfile\systemDictionary.cpp, line 312]
Event: 66.206 Thread 0x000001d27dcbe2e0 Exception <a 'java/lang/ClassNotFoundException'{0x0000000712f809e0}: build_3xsvtw4zqimg8lyq7qw7gla9yBeanInfo> (0x0000000712f809e0) 
thrown [s\open\src\hotspot\share\classfile\systemDictionary.cpp, line 312]
Event: 66.207 Thread 0x000001d27dcbe2e0 Exception <a 'java/lang/ClassNotFoundException'{0x0000000712f87750}: build_3xsvtw4zqimg8lyq7qw7gla9yCustomizer> (0x0000000712f87750) 
thrown [s\open\src\hotspot\share\classfile\systemDictionary.cpp, line 312]
Event: 66.417 Thread 0x000001d27dcbe2e0 Exception <a 'java/lang/ClassNotFoundException'{0x0000000712627ee0}: build_2h7ckvwtbpdm85yw05rcx2ynpBeanInfo> (0x0000000712627ee0) 
thrown [s\open\src\hotspot\share\classfile\systemDictionary.cpp, line 312]
Event: 66.417 Thread 0x000001d27dcbe2e0 Exception <a 'java/lang/ClassNotFoundException'{0x000000071262ecb0}: build_2h7ckvwtbpdm85yw05rcx2ynpCustomizer> (0x000000071262ecb0) 
thrown [s\open\src\hotspot\share\classfile\systemDictionary.cpp, line 312]
Event: 67.899 Thread 0x000001d27dcbe2e0 Exception <a 'java/lang/ClassNotFoundException'{0x0000000711c30600}: build_2h7ckvwtbpdm85yw05rcx2ynpBeanInfo> (0x0000000711c30600) 
thrown [s\open\src\hotspot\share\classfile\systemDictionary.cpp, line 312]
Event: 67.900 Thread 0x000001d27dcbe2e0 Exception <a 'java/lang/ClassNotFoundException'{0x0000000711c37370}: build_2h7ckvwtbpdm85yw05rcx2ynpCustomizer> (0x0000000711c37370) 
thrown [s\open\src\hotspot\share\classfile\systemDictionary.cpp, line 312]

ZGC Phase Switch (0 events):
No events

VM Operations (20 events):
Event: 61.088 Executing VM operation: G1CollectForAllocation (G1 Evacuation Pause) done
Event: 61.822 Executing VM operation: G1CollectForAllocation (G1 Evacuation Pause)
Event: 61.836 Executing VM operation: G1CollectForAllocation (G1 Evacuation Pause) done
Event: 62.208 Executing VM operation: G1PauseRemark
Event: 62.223 Executing VM operation: G1PauseRemark done
Event: 62.371 Executing VM operation: G1PauseCleanup
Event: 62.371 Executing VM operation: G1PauseCleanup done
Event: 63.374 Executing VM operation: Cleanup
Event: 63.391 Executing VM operation: Cleanup done
Event: 64.398 Executing VM operation: Cleanup
Event: 64.398 Executing VM operation: Cleanup done
Event: 64.716 Executing VM operation: G1CollectForAllocation (G1 Evacuation Pause)
Event: 64.783 Executing VM operation: G1CollectForAllocation (G1 Evacuation Pause) done
Event: 66.138 Executing VM operation: G1CollectForAllocation (G1 Evacuation Pause)
Event: 66.170 Executing VM operation: G1CollectForAllocation (G1 Evacuation Pause) done
Event: 67.185 Executing VM operation: Cleanup
Event: 67.185 Executing VM operation: Cleanup done
Event: 67.471 Executing VM operation: G1CollectForAllocation (G1 Evacuation Pause)
Event: 67.493 Executing VM operation: G1CollectForAllocation (G1 Evacuation Pause) done
Event: 67.955 Executing VM operation: G1PauseRemark

Events (20 events):
Event: 67.965 Thread 0x000001d27ce322e0 flushing nmethod 0x000001d200354790
Event: 67.965 Thread 0x000001d27ce322e0 flushing nmethod 0x000001d2003df390
Event: 67.965 Thread 0x000001d27ce322e0 flushing nmethod 0x000001d200742390
Event: 67.965 Thread 0x000001d27ce322e0 flushing nmethod 0x000001d200743510
Event: 67.965 Thread 0x000001d27ce322e0 flushing nmethod 0x000001d200744e10
Event: 67.965 Thread 0x000001d27ce322e0 flushing nmethod 0x000001d200745610
Event: 67.965 Thread 0x000001d27ce322e0 flushing nmethod 0x000001d200959e90
Event: 67.965 Thread 0x000001d27ce322e0 flushing nmethod 0x000001d2009db110
Event: 67.965 Thread 0x000001d27ce322e0 flushing nmethod 0x000001d2009f3d10
Event: 67.965 Thread 0x000001d27ce322e0 flushing nmethod 0x000001d2009f4190
Event: 67.965 Thread 0x000001d27ce322e0 flushing nmethod 0x000001d200a37c90
Event: 67.965 Thread 0x000001d27ce322e0 flushing nmethod 0x000001d200a7d490
Event: 67.965 Thread 0x000001d27ce322e0 flushing nmethod 0x000001d200b33f10
Event: 67.965 Thread 0x000001d27ce322e0 flushing nmethod 0x000001d200ba3290
Event: 67.965 Thread 0x000001d27ce322e0 flushing nmethod 0x000001d200d7ef90
Event: 67.965 Thread 0x000001d27ce322e0 flushing nmethod 0x000001d200e49910
Event: 67.965 Thread 0x000001d27ce322e0 flushing nmethod 0x000001d200e50190
Event: 67.965 Thread 0x000001d27ce322e0 flushing nmethod 0x000001d200e73910
Event: 67.965 Thread 0x000001d27ce322e0 flushing nmethod 0x000001d200edb110
Event: 67.965 Thread 0x000001d27ce322e0 flushing nmethod 0x000001d2013cad90


Dynamic libraries:
0x00007ff643cd0000 - 0x00007ff643ce0000 	C:\Program Files\Java\jdk-21\bin\java.exe
0x00007ffc63140000 - 0x00007ffc633a6000 	C:\WINDOWS\SYSTEM32\ntdll.dll
0x00007ffc61e40000 - 0x00007ffc61f09000 	C:\WINDOWS\System32\KERNEL32.DLL
0x00007ffc60780000 - 0x00007ffc60b7f000 	C:\WINDOWS\System32\KERNELBASE.dll
0x00007ffc60c80000 - 0x00007ffc60dcc000 	C:\WINDOWS\System32\ucrtbase.dll
0x00007ffc555c0000 - 0x00007ffc555db000 	C:\Program Files\Java\jdk-21\bin\VCRUNTIME140.dll
0x00007ffc555e0000 - 0x00007ffc555f9000 	C:\Program Files\Java\jdk-21\bin\jli.dll
0x00007ffc61a80000 - 0x00007ffc61b3c000 	C:\WINDOWS\System32\ADVAPI32.dll
0x00007ffc62280000 - 0x00007ffc62329000 	C:\WINDOWS\System32\msvcrt.dll
0x00007ffc61d30000 - 0x00007ffc61dda000 	C:\WINDOWS\System32\sechost.dll
0x00007ffc618f0000 - 0x00007ffc61a08000 	C:\WINDOWS\System32\RPCRT4.dll
0x00007ffc61f20000 - 0x00007ffc620e6000 	C:\WINDOWS\System32\USER32.dll
0x00007ffc60b90000 - 0x00007ffc60bb7000 	C:\WINDOWS\System32\win32u.dll
0x00007ffc4d4b0000 - 0x00007ffc4d741000 	C:\WINDOWS\WinSxS\amd64_microsoft.windows.common-controls_6595b64144ccf1df_6.0.26100.8972_none_3e0da176e32f9d4b\COMCTL32.dll
0x00007ffc62b50000 - 0x00007ffc62b7b000 	C:\WINDOWS\System32\GDI32.dll
0x00007ffc60650000 - 0x00007ffc60779000 	C:\WINDOWS\System32\gdi32full.dll
0x00007ffc605a0000 - 0x00007ffc60643000 	C:\WINDOWS\System32\msvcp_win.dll
0x00007ffc58000000 - 0x00007ffc5800b000 	C:\WINDOWS\SYSTEM32\VERSION.dll
0x00007ffc61070000 - 0x00007ffc610a2000 	C:\WINDOWS\System32\IMM32.DLL
0x00007ffc550c0000 - 0x00007ffc550cc000 	C:\Program Files\Java\jdk-21\bin\vcruntime140_1.dll
0x00007ffc47750000 - 0x00007ffc477de000 	C:\Program Files\Java\jdk-21\bin\msvcp140.dll
0x00007ffbc1880000 - 0x00007ffbc259a000 	C:\Program Files\Java\jdk-21\bin\server\jvm.dll
0x00007ffc62b80000 - 0x00007ffc62c02000 	C:\WINDOWS\System32\WS2_32.dll
0x00007ffc601b0000 - 0x00007ffc6020e000 	C:\WINDOWS\SYSTEM32\POWRPROF.dll
0x00007ffc57fc0000 - 0x00007ffc57ff6000 	C:\WINDOWS\SYSTEM32\WINMM.dll
0x00007ffc60190000 - 0x00007ffc601a5000 	C:\WINDOWS\SYSTEM32\UMPDC.dll
0x00007ffc5f040000 - 0x00007ffc5f05b000 	C:\WINDOWS\SYSTEM32\kernel.appcore.dll
0x00007ffc550b0000 - 0x00007ffc550ba000 	C:\Program Files\Java\jdk-21\bin\jimage.dll
0x00007ffc5d7f0000 - 0x00007ffc5da32000 	C:\WINDOWS\SYSTEM32\DBGHELP.DLL
0x00007ffc610b0000 - 0x00007ffc61435000 	C:\WINDOWS\System32\combase.dll
0x00007ffc62cc0000 - 0x00007ffc62d99000 	C:\WINDOWS\System32\OLEAUT32.dll
0x00007ffc43af0000 - 0x00007ffc43b2b000 	C:\WINDOWS\SYSTEM32\dbgcore.DLL
0x00007ffc60bc0000 - 0x00007ffc60c6c000 	C:\WINDOWS\System32\bcryptPrimitives.dll
0x00007ffc47100000 - 0x00007ffc4710f000 	C:\Program Files\Java\jdk-21\bin\instrument.dll
0x00007ffc55050000 - 0x00007ffc5506f000 	C:\Program Files\Java\jdk-21\bin\java.dll
0x00007ffc62330000 - 0x00007ffc62ab8000 	C:\WINDOWS\System32\SHELL32.dll
0x00007ffc5de40000 - 0x00007ffc5e6db000 	C:\WINDOWS\SYSTEM32\windows.storage.dll
0x00007ffc62da0000 - 0x00007ffc62e99000 	C:\WINDOWS\System32\SHCORE.dll
0x00007ffc61a10000 - 0x00007ffc61a76000 	C:\WINDOWS\System32\shlwapi.dll
0x00007ffc60270000 - 0x00007ffc60299000 	C:\WINDOWS\SYSTEM32\profapi.dll
0x00007ffc472c0000 - 0x00007ffc47397000 	C:\Program Files\Java\jdk-21\bin\jsvml.dll
0x00007ffc4ece0000 - 0x00007ffc4ecf8000 	C:\Program Files\Java\jdk-21\bin\zip.dll
0x00007ffc550a0000 - 0x00007ffc550b0000 	C:\Program Files\Java\jdk-21\bin\net.dll
0x00007ffc54590000 - 0x00007ffc546b8000 	C:\WINDOWS\SYSTEM32\WINHTTP.dll
0x00007ffc5f5f0000 - 0x00007ffc5f65c000 	C:\WINDOWS\system32\mswsock.dll
0x00007ffc4ed00000 - 0x00007ffc4ed16000 	C:\Program Files\Java\jdk-21\bin\nio.dll
0x00007ffc47740000 - 0x00007ffc47750000 	C:\Program Files\Java\jdk-21\bin\verify.dll
0x00007ffc43f20000 - 0x00007ffc43f47000 	C:\Users\ASUS\.gradle\native\1def1411415f61bf3af743bc5b6707747c0891f09f0c88961ee8f79bc544acac\windows-amd64\native-platform.dll
0x00007ffbfe4b0000 - 0x00007ffbfe528000 	C:\Users\ASUS\.gradle\native\0.2.7\x86_64-windows-gnu\gradle-fileevents.dll
0x00007ffc47140000 - 0x00007ffc4714a000 	C:\Program Files\Java\jdk-21\bin\management.dll
0x00007ffc47130000 - 0x00007ffc4713b000 	C:\Program Files\Java\jdk-21\bin\management_ext.dll
0x00007ffc618d0000 - 0x00007ffc618d8000 	C:\WINDOWS\System32\PSAPI.DLL
0x00007ffc5ea10000 - 0x00007ffc5ea43000 	C:\WINDOWS\SYSTEM32\IPHLPAPI.DLL
0x00007ffc618e0000 - 0x00007ffc618ea000 	C:\WINDOWS\System32\NSI.dll
0x00007ffc47110000 - 0x00007ffc47119000 	C:\Program Files\Java\jdk-21\bin\extnet.dll
0x00007ffc5f8e0000 - 0x00007ffc5f8fb000 	C:\WINDOWS\SYSTEM32\CRYPTSP.dll
0x00007ffc5efa0000 - 0x00007ffc5efd9000 	C:\WINDOWS\system32\rsaenh.dll
0x00007ffc5f6a0000 - 0x00007ffc5f6d2000 	C:\WINDOWS\SYSTEM32\USERENV.dll
0x00007ffc60240000 - 0x00007ffc6026a000 	C:\WINDOWS\SYSTEM32\bcrypt.dll
0x00007ffc5f900000 - 0x00007ffc5f90c000 	C:\WINDOWS\SYSTEM32\CRYPTBASE.dll
0x00007ffc470f0000 - 0x00007ffc470fe000 	C:\Program Files\Java\jdk-21\bin\sunmscapi.dll
0x00007ffc60410000 - 0x00007ffc6058e000 	C:\WINDOWS\System32\CRYPT32.dll
0x00007ffc5fb20000 - 0x00007ffc5fb50000 	C:\WINDOWS\SYSTEM32\ncrypt.dll
0x00007ffc5fad0000 - 0x00007ffc5fb0f000 	C:\WINDOWS\SYSTEM32\NTASN1.dll
0x00007ffc551f0000 - 0x00007ffc551f8000 	C:\WINDOWS\system32\wshunix.dll

dbghelp: loaded successfully - version: 4.0.5 - missing functions: none
symbol engine: initialized successfully - sym options: 0x614 - pdb path: .;C:\Program Files\Java\jdk-21\bin;C:\WINDOWS\SYSTEM32;C:\WINDOWS\WinSxS\amd64_microsoft.windows.common-controls_6595b64144ccf1df_6.0.26100.8972_none_3e0da176e32f9d4b;C:\Program Files\Java\jdk-21\bin\server;C:\Users\ASUS\.gradle\native\1def1411415f61bf3af743bc5b6707747c0891f09f0c88961ee8f79bc544acac\windows-amd64;C:\Users\ASUS\.gradle\native\0.2.7\x86_64-windows-gnu

VM Arguments:
jvm_args: --add-opens=java.base/java.lang=ALL-UNNAMED --add-opens=java.base/java.lang.invoke=ALL-UNNAMED --add-opens=java.base/java.util=ALL-UNNAMED --add-opens=java.prefs/java.util.prefs=ALL-UNNAMED --add-exports=jdk.compiler/com.sun.tools.javac.api=ALL-UNNAMED --add-exports=jdk.compiler/com.sun.tools.javac.util=ALL-UNNAMED --add-opens=java.base/java.util=ALL-UNNAMED --add-opens=java.prefs/java.util.prefs=ALL-UNNAMED --add-opens=java.base/java.nio.charset=ALL-UNNAMED --add-opens=java.base/java.net=ALL-UNNAMED --add-opens=java.base/java.util.concurrent.atomic=ALL-UNNAMED --add-opens=java.xml/javax.xml.namespace=ALL-UNNAMED -XX:MaxMetaspaceSize=2G -XX:+HeapDumpOnOutOfMemoryError -Xmx4G -Dfile.encoding=UTF-8 -Duser.country=ID -Duser.language=en -Duser.variant -javaagent:C:\Users\ASUS\.gradle\wrapper\dists\gradle-8.14-all\c2qonpi39x1mddn7hk5gh9iqj\gradle-8.14\lib\agents\gradle-instrumentation-agent-8.14.jar 
java_command: org.gradle.launcher.daemon.bootstrap.GradleDaemon 8.14
java_class_path (initial): C:\Users\ASUS\.gradle\wrapper\dists\gradle-8.14-all\c2qonpi39x1mddn7hk5gh9iqj\gradle-8.14\lib\gradle-daemon-main-8.14.jar
Launcher Type: SUN_STANDARD

[Global flags]
     intx CICompilerCount                          = 3                                         {product} {ergonomic}
     uint ConcGCThreads                            = 1                                         {product} {ergonomic}
     uint G1ConcRefinementThreads                  = 4                                         {product} {ergonomic}
   size_t G1HeapRegionSize                         = 2097152                                   {product} {ergonomic}
    uintx GCDrainStackTargetSize                   = 64                                        {product} {ergonomic}
     bool HeapDumpOnOutOfMemoryError               = true                                   {manageable} {command line}
   size_t InitialHeapSize                          = 100663296                                 {product} {ergonomic}
   size_t MarkStackSize                            = 4194304                                   {product} {ergonomic}
   size_t MaxHeapSize                              = 4294967296                                {product} {command line}
   size_t MaxMetaspaceSize                         = 2147483648                                {product} {command line}
   size_t MaxNewSize                               = 2575302656                                {product} {ergonomic}
   size_t MinHeapDeltaBytes                        = 2097152                                   {product} {ergonomic}
   size_t MinHeapSize                              = 8388608                                   {product} {ergonomic}
    uintx NonNMethodCodeHeapSize                   = 5832780                                {pd product} {ergonomic}
    uintx NonProfiledCodeHeapSize                  = 122912730                              {pd product} {ergonomic}
    uintx ProfiledCodeHeapSize                     = 122912730                              {pd product} {ergonomic}
    uintx ReservedCodeCacheSize                    = 251658240                              {pd product} {ergonomic}
     bool SegmentedCodeCache                       = true                                      {product} {ergonomic}
   size_t SoftMaxHeapSize                          = 4294967296                             {manageable} {ergonomic}
     bool UseCompressedOops                        = true                           {product lp64_product} {ergonomic}
     bool UseG1GC                                  = true                                      {product} {ergonomic}
     bool UseLargePagesIndividualAllocation        = false                                  {pd product} {ergonomic}

Logging:
Log output configuration:
 #0: stdout all=warning uptime,level,tags foldmultilines=false
 #1: stderr all=off uptime,level,tags foldmultilines=false

Environment Variables:
CLASSPATH=D:\SIMPEG\android\\gradle\wrapper\gradle-wrapper.jar
PATH=C:\Program Files\Common Files\Oracle\Java\javapath;C:\Program Files (x86)\Common Files\Intel\Shared Files\cpp\bin\Intel64;C:\WINDOWS\system32;C:\WINDOWS;C:\WINDOWS\System32\Wbem;C:\WINDOWS\System32\WindowsPowerShell\v1.0\;C:\WINDOWS\System32\OpenSSH\;C:\MinGW\bin;C:\xampp\php;C:\ProgramData\ComposerSetup\bin;C:\Program Files (x86)\PuTTY\;C:\flutter\bin;C:\Program Files\Java\jdk-21\bin;C:\Users\ASUS\AppData\Local\Android\Sdk\platforms;C:\Users\ASUS\AppData\Local\Android\Sdk\cmdline-tools\latest;C:\laragon\;C:\Users\ASUS\AppData\Local\Pub\Cache\bin\flutterfire;C:\Users\ASUS\AppData\Local\Pub\Cache\bin;C:\Program Files\Git\cmd;C:\Program Files (x86)\Microsoft SQL Server\170\Tools\Binn\;C:\Program Files\Microsoft SQL Server\170\Tools\Binn\;C:\Program Files\Microsoft SQL Server\Client SDK\ODBC\180\Tools\Binn\;C:\Program Files\Microsoft SQL Server\170\DTS\Binn\;C:\Users\ASUS\AppData\Local\Microsoft\WindowsApps;C:\Users\ASUS\AppData\Local\Programs\Microsoft VS Code\bin;C:\Users\ASUS\AppData\Roaming\Composer\vendor\bin;C:\Users\ASUS\AppData\Roaming\npm;C:\Program Files\Git\cmd;C:\Program Files\Git\bin;C:\Users\ASUS\AppData\Local\Pub\Cache\bin;C:\Users\ASUS\AppData\Local\Pub\Cache\bin\flutterfire;C:\Users\ASUS\AppData\Local\Programs\Antigravity\bin
USERNAME=ASUS
LANG=en_US.UTF-8
OS=Windows_NT
PROCESSOR_IDENTIFIER=AMD64 Family 23 Model 24 Stepping 1, AuthenticAMD
TMP=C:\Users\ASUS\AppData\Local\Temp
TEMP=C:\Users\ASUS\AppData\Local\Temp




Periodic native trim disabled

---------------  S Y S T E M  ---------------

OS:
 Windows 11 , 64 bit Build 26100 (10.0.26100.9168)
OS uptime: 0 days 5:56 hours

CPU: total 4 (initial active 4) (4 cores per cpu, 2 threads per core) family 23 model 24 stepping 1 microcode 0x8108109, cx8, cmov, fxsr, ht, mmx, 3dnowpref, sse, sse2, sse3, ssse3, sse4a, sse4.1, sse4.2, popcnt, lzcnt, tsc, tscinvbit, avx, avx2, aes, clmul, bmi1, bmi2, adx, sha, fma, vzeroupper, clflush, clflushopt, rdtscp, f16c
Processor Information for all 4 processors :
  Max Mhz: 2600, Current Mhz: 2600, Mhz Limit: 2600

Memory: 4k page, system-wide physical 6094M (449M free)
TotalPageFile size 24526M (AvailPageFile size 28M)
current process WorkingSet (physical memory assigned to process): 591M, peak: 595M
current process commit charge ("private bytes"): 646M, peak: 677M

vm_info: Java HotSpot(TM) 64-Bit Server VM (21.0.6+8-LTS-188) for windows-amd64 JRE (21.0.6+8-LTS-188), built on 2024-12-03T10:50:54Z by "mach5one" with MS VC++ 17.6 (VS2022)

END.
