#
# There is insufficient memory for the Java Runtime Environment to continue.
# Native memory allocation (mmap) failed to map 62914560 bytes for G1 virtual space
# Possible reasons:
#   The system is out of physical RAM or swap space
#   The process is running with CompressedOops enabled, and the Java Heap may be blocking the growth of the native heap
# Possible solutions:
#   Reduce memory load on the system
#   Increase physical memory or swap space
#   Check if swap backing store is full
#   Decrease Java heap size (-Xmx/-Xms)
#   Decrease number of Java threads
#   Decrease Java thread stack sizes (-Xss)
#   Set larger code cache with -XX:ReservedCodeCacheSize=
#   JVM is running with Zero Based Compressed Oops mode in which the Java heap is
#     placed in the first 32GB address space. The Java Heap base address is the
#     maximum limit for the native heap growth. Please use -XX:HeapBaseMinAddress
#     to set the Java Heap base and to place the Java Heap above 32GB virtual address.
# This output file may be truncated or incomplete.
#
#  Out of Memory Error (os_windows.cpp:3603), pid=19400, tid=6988
#
# JRE version: Java(TM) SE Runtime Environment (21.0.6+8) (build 21.0.6+8-LTS-188)
# Java VM: Java HotSpot(TM) 64-Bit Server VM (21.0.6+8-LTS-188, mixed mode, sharing, tiered, compressed oops, compressed class ptrs, g1 gc, windows-amd64)
# No core dump will be written. Minidumps are not enabled by default on client versions of Windows
#

---------------  S U M M A R Y ------------

Command Line: --add-opens=java.base/java.lang=ALL-UNNAMED --add-opens=java.base/java.lang.invoke=ALL-UNNAMED --add-opens=java.base/java.util=ALL-UNNAMED --add-opens=java.prefs/java.util.prefs=ALL-UNNAMED --add-exports=jdk.compiler/com.sun.tools.javac.api=ALL-UNNAMED --add-exports=jdk.compiler/com.sun.tools.javac.util=ALL-UNNAMED --add-opens=java.base/java.util=ALL-UNNAMED --add-opens=java.prefs/java.util.prefs=ALL-UNNAMED --add-opens=java.base/java.nio.charset=ALL-UNNAMED --add-opens=java.base/java.net=ALL-UNNAMED --add-opens=java.base/java.util.concurrent.atomic=ALL-UNNAMED --add-opens=java.xml/javax.xml.namespace=ALL-UNNAMED -XX:MaxMetaspaceSize=2G -XX:+HeapDumpOnOutOfMemoryError -Xmx4G -Dfile.encoding=UTF-8 -Duser.country=ID -Duser.language=en -Duser.variant -javaagent:C:\Users\ASUS\.gradle\wrapper\dists\gradle-8.14-all\c2qonpi39x1mddn7hk5gh9iqj\gradle-8.14\lib\agents\gradle-instrumentation-agent-8.14.jar org.gradle.launcher.daemon.bootstrap.GradleDaemon 8.14

Host: AMD Ryzen 3 3250U with Radeon Graphics         , 4 cores, 5G,  Windows 11 , 64 bit Build 26100 (10.0.26100.9168)
Time: Thu Aug 20 14:47:02 2026 SE Asia Standard Time elapsed time: 57.716811 seconds (0d 0h 0m 57s)

---------------  T H R E A D  ---------------

Current thread (0x00000214540194a0):  VMThread "VM Thread"          [id=6988, stack(0x0000001caef00000,0x0000001caf000000) (1024K)]

Stack: [0x0000001caef00000,0x0000001caf000000]
Native frames: (J=compiled Java code, j=interpreted, Vv=VM code, C=native code)
V  [jvm.dll+0x6ca6d9]
V  [jvm.dll+0x854f51]
V  [jvm.dll+0x85747e]
V  [jvm.dll+0x857b53]
V  [jvm.dll+0x27dcc6]
V  [jvm.dll+0x6c6e55]
V  [jvm.dll+0x6bb9da]
V  [jvm.dll+0x35393a]
V  [jvm.dll+0x35b596]
V  [jvm.dll+0x3adefe]
V  [jvm.dll+0x3ae1a8]
V  [jvm.dll+0x327cbc]
V  [jvm.dll+0x327d47]
V  [jvm.dll+0x36c60c]
V  [jvm.dll+0x36ae5e]
V  [jvm.dll+0x327481]
V  [jvm.dll+0x36a57a]
V  [jvm.dll+0x85d920]
V  [jvm.dll+0x85eca4]
V  [jvm.dll+0x85f1e0]
V  [jvm.dll+0x85f483]
V  [jvm.dll+0x7ff2fb]
V  [jvm.dll+0x6c8dbd]
C  [ucrtbase.dll+0x2cd30]
C  [KERNEL32.DLL+0x2ccb7]
C  [ntdll.dll+0xaad6c]

VM_Operation (0x0000001cb03f86b0): G1CollectForAllocation, mode: safepoint, requested by thread 0x000002149b028150


---------------  P R O C E S S  ---------------

Threads class SMR info:
_java_thread_list=0x000002149f593060, length=85, elements={
0x0000021433629180, 0x0000021454036a20, 0x0000021454037bf0, 0x000002145403a4f0,
0x000002145403aeb0, 0x00000214540480a0, 0x0000021454052c60, 0x0000021454058d60,
0x0000021454079940, 0x0000021454006b70, 0x00000214543179b0, 0x000002149ae05160,
0x000002149aef2100, 0x000002149aef78d0, 0x000002149af5e6e0, 0x000002149b0b6f60,
0x000002149b027650, 0x000002149b028150, 0x000002149b028b80, 0x000002149ae6c4e0,
0x000002149ae6d890, 0x000002149ae6cb70, 0x000002149ae6be50, 0x000002149ae6d200,
0x000002149ae6b130, 0x000002149ae6aaa0, 0x000002149ae6b7c0, 0x000002149ae6a410,
0x000002149d4d28a0, 0x000002149d4d2f30, 0x000002149d4d3c50, 0x000002149d4d4970,
0x000002149d4d5000, 0x000002149d4d5690, 0x000002149d4d2210, 0x000002149d4d6a40,
0x000002149d4d63b0, 0x000002149d4d70d0, 0x000002149d4d5d20, 0x000002149d4d8b10,
0x000002149d4d91a0, 0x000002149d4d9830, 0x000002149ea76630, 0x000002149ea79420,
0x000002149ea79ab0, 0x000002149ea78070, 0x000002149ea78700, 0x000002149ea7a140,
0x000002149ea77350, 0x000002149ea7a7d0, 0x000002149ea779e0, 0x000002149ea7d5c0,
0x000002149ea7dc50, 0x000002149ea7c8a0, 0x000002149ea7c210, 0x000002149f0d9610,
0x000002149f0d8260, 0x000002149f0d7540, 0x000002149f0db050, 0x000002149f0d7bd0,
0x000002149f0d88f0, 0x000002149f0db6e0, 0x000002149f0dbd70, 0x000002149f0dc400,
0x000002149f0dca90, 0x000002149f0dd120, 0x000002149f0dde40, 0x000002149cb48f70,
0x000002149cb4a9b0, 0x000002149cb4ca80, 0x000002149cb49c90, 0x000002149cb4c3f0,
0x000002149cb4a320, 0x000002149cb4b040, 0x000002149cb4b6d0, 0x000002149cb4f1e0,
0x000002149cb4f870, 0x000002149cb4ff00, 0x000002149cb4de30, 0x000002149cb50590,
0x000002149cb4d110, 0x000002149cb4d7a0, 0x000002149cb4e4c0, 0x000002149cb4eb50,
0x000002149dd83940
}

Java Threads: ( => current thread )
  0x0000021433629180 JavaThread "main"                              [_thread_blocked, id=11504, stack(0x0000001cae800000,0x0000001cae900000) (1024K)]
  0x0000021454036a20 JavaThread "Reference Handler"          daemon [_thread_blocked, id=21480, stack(0x0000001caf000000,0x0000001caf100000) (1024K)]
  0x0000021454037bf0 JavaThread "Finalizer"                  daemon [_thread_blocked, id=16808, stack(0x0000001caf100000,0x0000001caf200000) (1024K)]
  0x000002145403a4f0 JavaThread "Signal Dispatcher"          daemon [_thread_blocked, id=21628, stack(0x0000001caf200000,0x0000001caf300000) (1024K)]
  0x000002145403aeb0 JavaThread "Attach Listener"            daemon [_thread_blocked, id=8704, stack(0x0000001caf300000,0x0000001caf400000) (1024K)]
  0x00000214540480a0 JavaThread "Service Thread"             daemon [_thread_blocked, id=2516, stack(0x0000001caf400000,0x0000001caf500000) (1024K)]
  0x0000021454052c60 JavaThread "Monitor Deflation Thread"   daemon [_thread_blocked, id=20684, stack(0x0000001caf500000,0x0000001caf600000) (1024K)]
  0x0000021454058d60 JavaThread "C2 CompilerThread0"         daemon [_thread_blocked, id=5240, stack(0x0000001caf600000,0x0000001caf700000) (1024K)]
  0x0000021454079940 JavaThread "C1 CompilerThread0"         daemon [_thread_blocked, id=11440, stack(0x0000001caf700000,0x0000001caf800000) (1024K)]
  0x0000021454006b70 JavaThread "Common-Cleaner"             daemon [_thread_blocked, id=14812, stack(0x0000001caf800000,0x0000001caf900000) (1024K)]
  0x00000214543179b0 JavaThread "Notification Thread"        daemon [_thread_blocked, id=22376, stack(0x0000001caf900000,0x0000001cafa00000) (1024K)]
  0x000002149ae05160 JavaThread "Daemon health stats"               [_thread_blocked, id=15368, stack(0x0000001cafe00000,0x0000001caff00000) (1024K)]
  0x000002149aef2100 JavaThread "Incoming local TCP Connector on port 55782"        [_thread_in_native, id=20404, stack(0x0000001caff00000,0x0000001cb0000000) (1024K)]
  0x000002149aef78d0 JavaThread "Daemon periodic checks"            [_thread_blocked, id=16172, stack(0x0000001cafc00000,0x0000001cafd00000) (1024K)]
  0x000002149af5e6e0 JavaThread "Daemon"                            [_thread_blocked, id=16692, stack(0x0000001cb0000000,0x0000001cb0100000) (1024K)]
  0x000002149b0b6f60 JavaThread "Handler for socket connection from /127.0.0.1:55782 to /127.0.0.1:55783"        [_thread_in_native, id=16408, stack(0x0000001cb0100000,0x0000001cb0200000) (1024K)]
  0x000002149b027650 JavaThread "Cancel handler"                    [_thread_blocked, id=18752, stack(0x0000001cb0200000,0x0000001cb0300000) (1024K)]
  0x000002149b028150 JavaThread "Daemon worker"                     [_thread_blocked, id=16780, stack(0x0000001cb0300000,0x0000001cb0400000) (1024K)]
  0x000002149b028b80 JavaThread "Asynchronous log dispatcher for DefaultDaemonConnection: socket connection from /127.0.0.1:55782 to /127.0.0.1:55783"        [_thread_blocked, id=17168, stack(0x0000001cb0400000,0x0000001cb0500000) (1024K)]
  0x000002149ae6c4e0 JavaThread "Stdin handler"                     [_thread_blocked, id=1208, stack(0x0000001cb0500000,0x0000001cb0600000) (1024K)]
  0x000002149ae6d890 JavaThread "Daemon client event forwarder"        [_thread_blocked, id=8552, stack(0x0000001cb0600000,0x0000001cb0700000) (1024K)]
  0x000002149ae6cb70 JavaThread "Cache worker for journal cache (C:\Users\ASUS\.gradle\caches\journal-1)"        [_thread_blocked, id=18344, stack(0x0000001cb0700000,0x0000001cb0800000) (1024K)]
  0x000002149ae6be50 JavaThread "File lock request listener"        [_thread_in_native, id=2960, stack(0x0000001cb0800000,0x0000001cb0900000) (1024K)]
  0x000002149ae6d200 JavaThread "Cache worker for file hash cache (C:\Users\ASUS\.gradle\caches\8.14\fileHashes)"        [_thread_blocked, id=21128, stack(0x0000001cb0900000,0x0000001cb0a00000) (1024K)]
  0x000002149ae6b130 JavaThread "Cache worker for file hash cache (D:\SIMPEG\android\.gradle\8.14\fileHashes)"        [_thread_blocked, id=4188, stack(0x0000001cb0b00000,0x0000001cb0c00000) (1024K)]
  0x000002149ae6aaa0 JavaThread "Cache worker for Build Output Cleanup Cache (D:\SIMPEG\android\.gradle\buildOutputCleanup)"        [_thread_blocked, id=20032, stack(0x0000001cb0c00000,0x0000001cb0d00000) (1024K)]
  0x000002149ae6b7c0 JavaThread "File watcher server"        daemon [_thread_in_native, id=3932, stack(0x0000001cb0d00000,0x0000001cb0e00000) (1024K)]
  0x000002149ae6a410 JavaThread "File watcher consumer"      daemon [_thread_blocked, id=11720, stack(0x0000001cb0e00000,0x0000001cb0f00000) (1024K)]
  0x000002149d4d28a0 JavaThread "jar transforms"                    [_thread_blocked, id=17336, stack(0x0000001cb0a00000,0x0000001cb0b00000) (1024K)]
  0x000002149d4d2f30 JavaThread "Cache worker for checksums cache (D:\SIMPEG\android\.gradle\8.14\checksums)"        [_thread_blocked, id=17132, stack(0x0000001cb0f00000,0x0000001cb1000000) (1024K)]
  0x000002149d4d3c50 JavaThread "Cache worker for file content cache (C:\Users\ASUS\.gradle\caches\8.14\fileContent)"        [_thread_blocked, id=17244, stack(0x0000001cb1000000,0x0000001cb1100000) (1024K)]
  0x000002149d4d4970 JavaThread "Cache worker for cache directory md-supplier (C:\Users\ASUS\.gradle\caches\8.14\md-supplier)"        [_thread_blocked, id=18632, stack(0x0000001cb1100000,0x0000001cb1200000) (1024K)]
  0x000002149d4d5000 JavaThread "Cache worker for cache directory md-rule (C:\Users\ASUS\.gradle\caches\8.14\md-rule)"        [_thread_blocked, id=17324, stack(0x0000001cb1200000,0x0000001cb1300000) (1024K)]
  0x000002149d4d5690 JavaThread "Cache worker for Build Output Cleanup Cache (C:\flutter\packages\flutter_tools\gradle\.gradle\buildOutputCleanup)"        [_thread_blocked, id=13604, stack(0x0000001cb1300000,0x0000001cb1400000) (1024K)]
  0x000002149d4d2210 JavaThread "Memory manager"                    [_thread_blocked, id=10136, stack(0x0000001cb1400000,0x0000001cb1500000) (1024K)]
  0x000002149d4d6a40 JavaThread "included builds"                   [_thread_blocked, id=21092, stack(0x0000001cb1500000,0x0000001cb1600000) (1024K)]
  0x000002149d4d63b0 JavaThread "Execution worker"                  [_thread_blocked, id=18288, stack(0x0000001cb1600000,0x0000001cb1700000) (1024K)]
  0x000002149d4d70d0 JavaThread "Execution worker Thread 2"         [_thread_blocked, id=8152, stack(0x0000001cb1700000,0x0000001cb1800000) (1024K)]
  0x000002149d4d5d20 JavaThread "Execution worker Thread 3"         [_thread_blocked, id=16756, stack(0x0000001cb1800000,0x0000001cb1900000) (1024K)]
  0x000002149d4d8b10 JavaThread "Cache worker for execution history cache (C:\flutter\packages\flutter_tools\gradle\.gradle\8.14\executionHistory)"        [_thread_blocked, id=9356, stack(0x0000001cb1900000,0x0000001cb1a00000) (1024K)]
  0x000002149d4d91a0 JavaThread "Unconstrained build operations"        [_thread_blocked, id=16444, stack(0x0000001cb1a00000,0x0000001cb1b00000) (1024K)]
  0x000002149d4d9830 JavaThread "Unconstrained build operations Thread 2"        [_thread_blocked, id=1456, stack(0x0000001cb1b00000,0x0000001cb1c00000) (1024K)]
  0x000002149ea76630 JavaThread "Unconstrained build operations Thread 3"        [_thread_blocked, id=10496, stack(0x0000001cb1c00000,0x0000001cb1d00000) (1024K)]
  0x000002149ea79420 JavaThread "Unconstrained build operations Thread 4"        [_thread_blocked, id=2156, stack(0x0000001cb1d00000,0x0000001cb1e00000) (1024K)]
  0x000002149ea79ab0 JavaThread "Unconstrained build operations Thread 5"        [_thread_blocked, id=13696, stack(0x0000001cb1e00000,0x0000001cb1f00000) (1024K)]
  0x000002149ea78070 JavaThread "Unconstrained build operations Thread 6"        [_thread_blocked, id=21216, stack(0x0000001cb1f00000,0x0000001cb2000000) (1024K)]
  0x000002149ea78700 JavaThread "Unconstrained build operations Thread 7"        [_thread_blocked, id=17812, stack(0x0000001cb2000000,0x0000001cb2100000) (1024K)]
  0x000002149ea7a140 JavaThread "Unconstrained build operations Thread 8"        [_thread_blocked, id=2776, stack(0x0000001cb2100000,0x0000001cb2200000) (1024K)]
  0x000002149ea77350 JavaThread "Unconstrained build operations Thread 9"        [_thread_blocked, id=20296, stack(0x0000001cb2200000,0x0000001cb2300000) (1024K)]
  0x000002149ea7a7d0 JavaThread "Unconstrained build operations Thread 10"        [_thread_blocked, id=7356, stack(0x0000001cb2300000,0x0000001cb2400000) (1024K)]
  0x000002149ea779e0 JavaThread "Unconstrained build operations Thread 11"        [_thread_blocked, id=21700, stack(0x0000001cb2400000,0x0000001cb2500000) (1024K)]
  0x000002149ea7d5c0 JavaThread "Unconstrained build operations Thread 12"        [_thread_blocked, id=9476, stack(0x0000001cb2500000,0x0000001cb2600000) (1024K)]
  0x000002149ea7dc50 JavaThread "jar transforms Thread 2"           [_thread_blocked, id=20996, stack(0x0000001cb2600000,0x0000001cb2700000) (1024K)]
  0x000002149ea7c8a0 JavaThread "jar transforms Thread 3"           [_thread_blocked, id=16328, stack(0x0000001cb2700000,0x0000001cb2800000) (1024K)]
  0x000002149ea7c210 JavaThread "jar transforms Thread 4"           [_thread_blocked, id=12868, stack(0x0000001cb2800000,0x0000001cb2900000) (1024K)]
  0x000002149f0d9610 JavaThread "build event listener"              [_thread_blocked, id=18540, stack(0x0000001cae700000,0x0000001cae800000) (1024K)]
  0x000002149f0d8260 JavaThread "Problems report writer"            [_thread_blocked, id=18120, stack(0x0000001cb2900000,0x0000001cb2a00000) (1024K)]
  0x000002149f0d7540 JavaThread "Unconstrained build operations Thread 13"        [_thread_blocked, id=17224, stack(0x0000001cb2a00000,0x0000001cb2b00000) (1024K)]
  0x000002149f0db050 JavaThread "Unconstrained build operations Thread 14"        [_thread_blocked, id=6460, stack(0x0000001cb2b00000,0x0000001cb2c00000) (1024K)]
  0x000002149f0d7bd0 JavaThread "Unconstrained build operations Thread 15"        [_thread_blocked, id=7368, stack(0x0000001cb2c00000,0x0000001cb2d00000) (1024K)]
  0x000002149f0d88f0 JavaThread "Unconstrained build operations Thread 16"        [_thread_blocked, id=20412, stack(0x0000001cb2d00000,0x0000001cb2e00000) (1024K)]
  0x000002149f0db6e0 JavaThread "Unconstrained build operations Thread 17"        [_thread_blocked, id=7012, stack(0x0000001cb2e00000,0x0000001cb2f00000) (1024K)]
  0x000002149f0dbd70 JavaThread "Unconstrained build operations Thread 18"        [_thread_blocked, id=19684, stack(0x0000001cb2f00000,0x0000001cb3000000) (1024K)]
  0x000002149f0dc400 JavaThread "Unconstrained build operations Thread 19"        [_thread_blocked, id=19156, stack(0x0000001cb3000000,0x0000001cb3100000) (1024K)]
  0x000002149f0dca90 JavaThread "Unconstrained build operations Thread 20"        [_thread_blocked, id=16300, stack(0x0000001cb3100000,0x0000001cb3200000) (1024K)]
  0x000002149f0dd120 JavaThread "Unconstrained build operations Thread 21"        [_thread_blocked, id=4900, stack(0x0000001cb3200000,0x0000001cb3300000) (1024K)]
  0x000002149f0dde40 JavaThread "Unconstrained build operations Thread 22"        [_thread_blocked, id=21244, stack(0x0000001cb3300000,0x0000001cb3400000) (1024K)]
  0x000002149cb48f70 JavaThread "Unconstrained build operations Thread 23"        [_thread_blocked, id=15848, stack(0x0000001cb3400000,0x0000001cb3500000) (1024K)]
  0x000002149cb4a9b0 JavaThread "Unconstrained build operations Thread 24"        [_thread_blocked, id=19856, stack(0x0000001cb3500000,0x0000001cb3600000) (1024K)]
  0x000002149cb4ca80 JavaThread "Unconstrained build operations Thread 25"        [_thread_blocked, id=17824, stack(0x0000001cb3600000,0x0000001cb3700000) (1024K)]
  0x000002149cb49c90 JavaThread "Unconstrained build operations Thread 26"        [_thread_blocked, id=6328, stack(0x0000001cb3700000,0x0000001cb3800000) (1024K)]
  0x000002149cb4c3f0 JavaThread "Unconstrained build operations Thread 27"        [_thread_blocked, id=16524, stack(0x0000001cb3800000,0x0000001cb3900000) (1024K)]
  0x000002149cb4a320 JavaThread "Unconstrained build operations Thread 28"        [_thread_blocked, id=16996, stack(0x0000001cb3900000,0x0000001cb3a00000) (1024K)]
  0x000002149cb4b040 JavaThread "Unconstrained build operations Thread 29"        [_thread_blocked, id=4496, stack(0x0000001cb3a00000,0x0000001cb3b00000) (1024K)]
  0x000002149cb4b6d0 JavaThread "Unconstrained build operations Thread 30"        [_thread_blocked, id=21756, stack(0x0000001cb3b00000,0x0000001cb3c00000) (1024K)]
  0x000002149cb4f1e0 JavaThread "Unconstrained build operations Thread 31"        [_thread_blocked, id=3836, stack(0x0000001cb3c00000,0x0000001cb3d00000) (1024K)]
  0x000002149cb4f870 JavaThread "Unconstrained build operations Thread 32"        [_thread_blocked, id=18188, stack(0x0000001cb3d00000,0x0000001cb3e00000) (1024K)]
  0x000002149cb4ff00 JavaThread "Unconstrained build operations Thread 33"        [_thread_blocked, id=17288, stack(0x0000001cb3e00000,0x0000001cb3f00000) (1024K)]
  0x000002149cb4de30 JavaThread "Unconstrained build operations Thread 34"        [_thread_blocked, id=8444, stack(0x0000001cb3f00000,0x0000001cb4000000) (1024K)]
  0x000002149cb50590 JavaThread "Unconstrained build operations Thread 35"        [_thread_blocked, id=2664, stack(0x0000001cb4000000,0x0000001cb4100000) (1024K)]
  0x000002149cb4d110 JavaThread "Unconstrained build operations Thread 36"        [_thread_blocked, id=7344, stack(0x0000001cb4100000,0x0000001cb4200000) (1024K)]
  0x000002149cb4d7a0 JavaThread "Unconstrained build operations Thread 37"        [_thread_blocked, id=18080, stack(0x0000001cb4200000,0x0000001cb4300000) (1024K)]
  0x000002149cb4e4c0 JavaThread "Unconstrained build operations Thread 38"        [_thread_blocked, id=22052, stack(0x0000001cb4300000,0x0000001cb4400000) (1024K)]
  0x000002149cb4eb50 JavaThread "Unconstrained build operations Thread 39"        [_thread_blocked, id=18636, stack(0x0000001cb4400000,0x0000001cb4500000) (1024K)]
  0x000002149dd83940 JavaThread "Unconstrained build operations Thread 40"        [_thread_blocked, id=8352, stack(0x0000001cb4500000,0x0000001cb4600000) (1024K)]
Total: 85

Other Threads:
=>0x00000214540194a0 VMThread "VM Thread"                           [id=6988, stack(0x0000001caef00000,0x0000001caf000000) (1024K)]
  0x0000021433a8ec20 WatcherThread "VM Periodic Task Thread"        [id=13936, stack(0x0000001caee00000,0x0000001caef00000) (1024K)]
  0x0000021433a39a00 WorkerThread "GC Thread#0"                     [id=18812, stack(0x0000001cae900000,0x0000001caea00000) (1024K)]
  0x00000214544c1780 WorkerThread "GC Thread#1"                     [id=22152, stack(0x0000001cafa00000,0x0000001cafb00000) (1024K)]
  0x0000021454547cc0 WorkerThread "GC Thread#2"                     [id=9804, stack(0x0000001cafb00000,0x0000001cafc00000) (1024K)]
  0x0000021454c9a260 WorkerThread "GC Thread#3"                     [id=396, stack(0x0000001cafd00000,0x0000001cafe00000) (1024K)]
  0x00000214336edf80 ConcurrentGCThread "G1 Main Marker"            [id=18536, stack(0x0000001caea00000,0x0000001caeb00000) (1024K)]
  0x00000214336ee9e0 WorkerThread "G1 Conc#0"                       [id=256, stack(0x0000001caeb00000,0x0000001caec00000) (1024K)]
  0x0000021453ee10a0 ConcurrentGCThread "G1 Refine#0"               [id=16052, stack(0x0000001caec00000,0x0000001caed00000) (1024K)]
  0x0000021453ee15d0 ConcurrentGCThread "G1 Service"                [id=16348, stack(0x0000001caed00000,0x0000001caee00000) (1024K)]
Total: 10

Threads with active compile tasks:
C2 CompilerThread0    57786 14423       4       org.gradle.api.internal.artifacts.transform.TransformWorkspaceIdentity::createNonNormalizedImmutable (53 bytes)
Total: 1

VM state: at safepoint (normal execution)

VM Mutex/Monitor currently owned by a thread:  ([mutex/lock_event])
[0x00007ffbc24bde98] Threads_lock - owner thread: 0x00000214540194a0
[0x00007ffbc24bdf98] Heap_lock - owner thread: 0x000002149b028150

Heap address: 0x0000000700000000, size: 4096 MB, Compressed Oops mode: Zero based, Oop shift amount: 3

CDS archive(s) mapped at: [0x0000021455000000-0x0000021455c90000-0x0000021455c90000), size 13172736, SharedBaseAddress: 0x0000021455000000, ArchiveRelocationMode: 1.
Compressed class space mapped at: 0x0000021456000000-0x0000021496000000, reserved size: 1073741824
Narrow klass base: 0x0000021455000000, Narrow klass shift: 0, Narrow klass range: 0x100000000

GC Precious Log:
 CardTable entry size: 512
 Card Set container configuration: InlinePtr #cards 4 size 8 Array Of Cards #cards 16 size 48 Howl #buckets 8 coarsen threshold 3686 Howl Bitmap #cards 512 size 80 coarsen threshold 460 Card regions per heap region 1 cards per card region 4096
 CPUs: 4 total, 4 available
 Memory: 6094M
 Large Page Support: Disabled
 NUMA Support: Disabled
 Compressed Oops: Enabled (Zero based)
 Heap Region Size: 2M
 Heap Min Capacity: 8M
 Heap Initial Capacity: 96M
 Heap Max Capacity: 4G
 Pre-touch: Disabled
 Parallel Workers: 4
 Concurrent Workers: 1
 Concurrent Refinement Workers: 4
 Periodic GC: Disabled

Heap:
 garbage-first heap   total 307200K, used 186188K [0x0000000700000000, 0x0000000800000000)
  region size 2048K, 4 young (8192K), 4 survivors (8192K)
 Metaspace       used 103646K, committed 106304K, reserved 1179648K
  class space    used 14335K, committed 15616K, reserved 1048576K

Heap Regions: E=young(eden), S=young(survivor), O=old, HS=humongous(starts), HC=humongous(continues), CS=collection set, F=free, TAMS=top-at-mark-start, PB=parsable bottom
|   0|0x0000000700000000, 0x0000000700200000, 0x0000000700200000|100%|HS|  |TAMS 0x0000000700200000| PB 0x0000000700000000| Complete 
|   1|0x0000000700200000, 0x0000000700400000, 0x0000000700400000|100%|HC|  |TAMS 0x0000000700400000| PB 0x0000000700200000| Complete 
|   2|0x0000000700400000, 0x0000000700600000, 0x0000000700600000|100%| O|  |TAMS 0x0000000700600000| PB 0x0000000700400000| Untracked 
|   3|0x0000000700600000, 0x0000000700800000, 0x0000000700800000|100%| O|  |TAMS 0x0000000700800000| PB 0x0000000700600000| Untracked 
|   4|0x0000000700800000, 0x0000000700a00000, 0x0000000700a00000|100%| O|  |TAMS 0x0000000700a00000| PB 0x0000000700800000| Untracked 
|   5|0x0000000700a00000, 0x0000000700c00000, 0x0000000700c00000|100%| O|  |TAMS 0x0000000700c00000| PB 0x0000000700a00000| Untracked 
|   6|0x0000000700c00000, 0x0000000700e00000, 0x0000000700e00000|100%| O|  |TAMS 0x0000000700e00000| PB 0x0000000700c00000| Untracked 
|   7|0x0000000700e00000, 0x0000000701000000, 0x0000000701000000|100%| O|  |TAMS 0x0000000701000000| PB 0x0000000700e00000| Untracked 
|   8|0x0000000701000000, 0x0000000701200000, 0x0000000701200000|100%| O|  |TAMS 0x0000000701200000| PB 0x0000000701000000| Untracked 
|   9|0x0000000701200000, 0x0000000701400000, 0x0000000701400000|100%| O|  |TAMS 0x0000000701400000| PB 0x0000000701200000| Untracked 
|  10|0x0000000701400000, 0x0000000701600000, 0x0000000701600000|100%| O|  |TAMS 0x0000000701600000| PB 0x0000000701400000| Untracked 
|  11|0x0000000701600000, 0x0000000701800000, 0x0000000701800000|100%| O|  |TAMS 0x0000000701800000| PB 0x0000000701600000| Untracked 
|  12|0x0000000701800000, 0x0000000701a00000, 0x0000000701a00000|100%| O|  |TAMS 0x0000000701a00000| PB 0x0000000701800000| Untracked 
|  13|0x0000000701a00000, 0x0000000701c00000, 0x0000000701c00000|100%| O|  |TAMS 0x0000000701c00000| PB 0x0000000701a00000| Untracked 
|  14|0x0000000701c00000, 0x0000000701e00000, 0x0000000701e00000|100%| O|  |TAMS 0x0000000701e00000| PB 0x0000000701c00000| Untracked 
|  15|0x0000000701e00000, 0x0000000702000000, 0x0000000702000000|100%| O|  |TAMS 0x0000000702000000| PB 0x0000000701e00000| Untracked 
|  16|0x0000000702000000, 0x0000000702200000, 0x0000000702200000|100%| O|  |TAMS 0x0000000702200000| PB 0x0000000702000000| Untracked 
|  17|0x0000000702200000, 0x0000000702400000, 0x0000000702400000|100%| O|  |TAMS 0x0000000702400000| PB 0x0000000702200000| Untracked 
|  18|0x0000000702400000, 0x0000000702600000, 0x0000000702600000|100%| O|  |TAMS 0x0000000702600000| PB 0x0000000702400000| Untracked 
|  19|0x0000000702600000, 0x0000000702800000, 0x0000000702800000|100%| O|  |TAMS 0x0000000702800000| PB 0x0000000702600000| Untracked 
|  20|0x0000000702800000, 0x0000000702a00000, 0x0000000702a00000|100%| O|  |TAMS 0x0000000702a00000| PB 0x0000000702800000| Untracked 
|  21|0x0000000702a00000, 0x0000000702c00000, 0x0000000702c00000|100%| O|  |TAMS 0x0000000702c00000| PB 0x0000000702a00000| Untracked 
|  22|0x0000000702c00000, 0x0000000702e00000, 0x0000000702e00000|100%| O|  |TAMS 0x0000000702e00000| PB 0x0000000702c00000| Untracked 
|  23|0x0000000702e00000, 0x0000000703000000, 0x0000000703000000|100%| O|  |TAMS 0x0000000703000000| PB 0x0000000702e00000| Untracked 
|  24|0x0000000703000000, 0x0000000703200000, 0x0000000703200000|100%| O|  |TAMS 0x0000000703200000| PB 0x0000000703000000| Untracked 
|  25|0x0000000703200000, 0x0000000703400000, 0x0000000703400000|100%| O|  |TAMS 0x0000000703400000| PB 0x0000000703200000| Untracked 
|  26|0x0000000703400000, 0x0000000703600000, 0x0000000703600000|100%| O|  |TAMS 0x0000000703600000| PB 0x0000000703400000| Untracked 
|  27|0x0000000703600000, 0x0000000703800000, 0x0000000703800000|100%|HS|  |TAMS 0x0000000703800000| PB 0x0000000703600000| Complete 
|  28|0x0000000703800000, 0x0000000703a00000, 0x0000000703a00000|100%| O|  |TAMS 0x0000000703a00000| PB 0x0000000703800000| Untracked 
|  29|0x0000000703a00000, 0x0000000703c00000, 0x0000000703c00000|100%|HS|  |TAMS 0x0000000703c00000| PB 0x0000000703a00000| Complete 
|  30|0x0000000703c00000, 0x0000000703e00000, 0x0000000703e00000|100%| O|  |TAMS 0x0000000703e00000| PB 0x0000000703c00000| Untracked 
|  31|0x0000000703e00000, 0x0000000704000000, 0x0000000704000000|100%| O|  |TAMS 0x0000000704000000| PB 0x0000000703e00000| Untracked 
|  32|0x0000000704000000, 0x0000000704200000, 0x0000000704200000|100%| O|  |TAMS 0x0000000704200000| PB 0x0000000704000000| Untracked 
|  33|0x0000000704200000, 0x0000000704400000, 0x0000000704400000|100%| O|  |TAMS 0x0000000704400000| PB 0x0000000704200000| Untracked 
|  34|0x0000000704400000, 0x0000000704600000, 0x0000000704600000|100%| O|  |TAMS 0x0000000704600000| PB 0x0000000704400000| Untracked 
|  35|0x0000000704600000, 0x0000000704800000, 0x0000000704800000|100%| O|  |TAMS 0x0000000704800000| PB 0x0000000704600000| Untracked 
|  36|0x0000000704800000, 0x0000000704a00000, 0x0000000704a00000|100%| O|  |TAMS 0x0000000704a00000| PB 0x0000000704800000| Untracked 
|  37|0x0000000704a00000, 0x0000000704c00000, 0x0000000704c00000|100%| O|  |TAMS 0x0000000704c00000| PB 0x0000000704a00000| Untracked 
|  38|0x0000000704c00000, 0x0000000704e00000, 0x0000000704e00000|100%| O|  |TAMS 0x0000000704e00000| PB 0x0000000704c00000| Untracked 
|  39|0x0000000704e00000, 0x0000000705000000, 0x0000000705000000|100%| O|  |TAMS 0x0000000705000000| PB 0x0000000704e00000| Untracked 
|  40|0x0000000705000000, 0x0000000705200000, 0x0000000705200000|100%| O|  |TAMS 0x0000000705200000| PB 0x0000000705000000| Untracked 
|  41|0x0000000705200000, 0x0000000705400000, 0x0000000705400000|100%| O|  |TAMS 0x0000000705400000| PB 0x0000000705200000| Untracked 
|  42|0x0000000705400000, 0x0000000705600000, 0x0000000705600000|100%|HS|  |TAMS 0x0000000705600000| PB 0x0000000705400000| Complete 
|  43|0x0000000705600000, 0x0000000705800000, 0x0000000705800000|100%|HC|  |TAMS 0x0000000705800000| PB 0x0000000705600000| Complete 
|  44|0x0000000705800000, 0x0000000705a00000, 0x0000000705a00000|100%|HS|  |TAMS 0x0000000705a00000| PB 0x0000000705800000| Complete 
|  45|0x0000000705a00000, 0x0000000705c00000, 0x0000000705c00000|100%| O|  |TAMS 0x0000000705c00000| PB 0x0000000705a00000| Untracked 
|  46|0x0000000705c00000, 0x0000000705e00000, 0x0000000705e00000|100%| O|  |TAMS 0x0000000705e00000| PB 0x0000000705c00000| Untracked 
|  47|0x0000000705e00000, 0x0000000706000000, 0x0000000706000000|100%| O|  |TAMS 0x0000000706000000| PB 0x0000000705e00000| Untracked 
|  48|0x0000000706000000, 0x0000000706200000, 0x0000000706200000|100%| O|  |TAMS 0x0000000706200000| PB 0x0000000706000000| Untracked 
|  49|0x0000000706200000, 0x0000000706400000, 0x0000000706400000|100%| O|  |TAMS 0x0000000706400000| PB 0x0000000706200000| Untracked 
|  50|0x0000000706400000, 0x0000000706600000, 0x0000000706600000|100%| O|  |TAMS 0x0000000706600000| PB 0x0000000706400000| Untracked 
|  51|0x0000000706600000, 0x0000000706800000, 0x0000000706800000|100%| O|  |TAMS 0x0000000706800000| PB 0x0000000706600000| Untracked 
|  52|0x0000000706800000, 0x0000000706a00000, 0x0000000706a00000|100%| O|  |TAMS 0x0000000706a00000| PB 0x0000000706800000| Untracked 
|  53|0x0000000706a00000, 0x0000000706c00000, 0x0000000706c00000|100%| O|  |TAMS 0x0000000706c00000| PB 0x0000000706a00000| Untracked 
|  54|0x0000000706c00000, 0x0000000706e00000, 0x0000000706e00000|100%| O|  |TAMS 0x0000000706e00000| PB 0x0000000706c00000| Untracked 
|  55|0x0000000706e00000, 0x0000000707000000, 0x0000000707000000|100%| O|  |TAMS 0x0000000707000000| PB 0x0000000706e00000| Untracked 
|  56|0x0000000707000000, 0x0000000707200000, 0x0000000707200000|100%| O|  |TAMS 0x0000000707200000| PB 0x0000000707000000| Untracked 
|  57|0x0000000707200000, 0x0000000707400000, 0x0000000707400000|100%| O|  |TAMS 0x0000000707200000| PB 0x0000000707200000| Untracked 
|  58|0x0000000707400000, 0x0000000707600000, 0x0000000707600000|100%| O|  |TAMS 0x0000000707600000| PB 0x0000000707400000| Untracked 
|  59|0x0000000707600000, 0x0000000707800000, 0x0000000707800000|100%| O|  |TAMS 0x0000000707800000| PB 0x0000000707600000| Untracked 
|  60|0x0000000707800000, 0x0000000707a00000, 0x0000000707a00000|100%| O|  |TAMS 0x0000000707a00000| PB 0x0000000707800000| Untracked 
|  61|0x0000000707a00000, 0x0000000707c00000, 0x0000000707c00000|100%| O|  |TAMS 0x0000000707c00000| PB 0x0000000707a00000| Untracked 
|  62|0x0000000707c00000, 0x0000000707e00000, 0x0000000707e00000|100%| O|  |TAMS 0x0000000707e00000| PB 0x0000000707c00000| Untracked 
|  63|0x0000000707e00000, 0x0000000708000000, 0x0000000708000000|100%| O|  |TAMS 0x0000000708000000| PB 0x0000000707e00000| Untracked 
|  64|0x0000000708000000, 0x0000000708200000, 0x0000000708200000|100%| O|  |TAMS 0x0000000708200000| PB 0x0000000708000000| Untracked 
|  65|0x0000000708200000, 0x0000000708400000, 0x0000000708400000|100%| O|  |TAMS 0x0000000708400000| PB 0x0000000708200000| Untracked 
|  66|0x0000000708400000, 0x0000000708600000, 0x0000000708600000|100%| O|  |TAMS 0x0000000708600000| PB 0x0000000708400000| Untracked 
|  67|0x0000000708600000, 0x0000000708800000, 0x0000000708800000|100%| O|  |TAMS 0x0000000708800000| PB 0x0000000708600000| Untracked 
|  68|0x0000000708800000, 0x0000000708a00000, 0x0000000708a00000|100%| O|  |TAMS 0x0000000708a00000| PB 0x0000000708800000| Untracked 
|  69|0x0000000708a00000, 0x0000000708c00000, 0x0000000708c00000|100%| O|  |TAMS 0x0000000708c00000| PB 0x0000000708a00000| Untracked 
|  70|0x0000000708c00000, 0x0000000708e00000, 0x0000000708e00000|100%| O|  |TAMS 0x0000000708e00000| PB 0x0000000708c00000| Untracked 
|  71|0x0000000708e00000, 0x0000000709000000, 0x0000000709000000|100%| O|  |TAMS 0x0000000709000000| PB 0x0000000708e00000| Untracked 
|  72|0x0000000709000000, 0x0000000709200000, 0x0000000709200000|100%| O|  |TAMS 0x0000000709200000| PB 0x0000000709000000| Untracked 
|  73|0x0000000709200000, 0x0000000709400000, 0x0000000709400000|100%| O|  |TAMS 0x0000000709400000| PB 0x0000000709200000| Untracked 
|  74|0x0000000709400000, 0x0000000709600000, 0x0000000709600000|100%| O|  |TAMS 0x0000000709600000| PB 0x0000000709400000| Untracked 
|  75|0x0000000709600000, 0x0000000709800000, 0x0000000709800000|100%| O|  |TAMS 0x0000000709800000| PB 0x0000000709600000| Untracked 
|  76|0x0000000709800000, 0x0000000709a00000, 0x0000000709a00000|100%| O|  |TAMS 0x0000000709a00000| PB 0x0000000709800000| Untracked 
|  77|0x0000000709a00000, 0x0000000709c00000, 0x0000000709c00000|100%| O|  |TAMS 0x0000000709b4b4f0| PB 0x0000000709a00000| Untracked 
|  78|0x0000000709c00000, 0x0000000709e00000, 0x0000000709e00000|100%| O|  |TAMS 0x0000000709c00000| PB 0x0000000709c00000| Untracked 
|  79|0x0000000709e00000, 0x000000070a000000, 0x000000070a000000|100%| O|  |TAMS 0x0000000709e00000| PB 0x0000000709e00000| Untracked 
|  80|0x000000070a000000, 0x000000070a0f4770, 0x000000070a200000| 47%| O|  |TAMS 0x000000070a000000| PB 0x000000070a000000| Untracked 
|  81|0x000000070a200000, 0x000000070a200000, 0x000000070a400000|  0%| F|  |TAMS 0x000000070a200000| PB 0x000000070a200000| Untracked 
|  82|0x000000070a400000, 0x000000070a400000, 0x000000070a600000|  0%| F|  |TAMS 0x000000070a400000| PB 0x000000070a400000| Untracked 
|  83|0x000000070a600000, 0x000000070a600000, 0x000000070a800000|  0%| F|  |TAMS 0x000000070a600000| PB 0x000000070a600000| Untracked 
|  84|0x000000070a800000, 0x000000070a800000, 0x000000070aa00000|  0%| F|  |TAMS 0x000000070a800000| PB 0x000000070a800000| Untracked 
|  85|0x000000070aa00000, 0x000000070aa00000, 0x000000070ac00000|  0%| F|  |TAMS 0x000000070aa00000| PB 0x000000070aa00000| Untracked 
|  86|0x000000070ac00000, 0x000000070ac00000, 0x000000070ae00000|  0%| F|  |TAMS 0x000000070ac00000| PB 0x000000070ac00000| Untracked 
|  87|0x000000070ae00000, 0x000000070ae00000, 0x000000070b000000|  0%| F|  |TAMS 0x000000070ae00000| PB 0x000000070ae00000| Untracked 
|  88|0x000000070b000000, 0x000000070b000000, 0x000000070b200000|  0%| F|  |TAMS 0x000000070b000000| PB 0x000000070b000000| Untracked 
|  89|0x000000070b200000, 0x000000070b200000, 0x000000070b400000|  0%| F|  |TAMS 0x000000070b200000| PB 0x000000070b200000| Untracked 
|  90|0x000000070b400000, 0x000000070b400000, 0x000000070b600000|  0%| F|  |TAMS 0x000000070b400000| PB 0x000000070b400000| Untracked 
|  91|0x000000070b600000, 0x000000070b600000, 0x000000070b800000|  0%| F|  |TAMS 0x000000070b600000| PB 0x000000070b600000| Untracked 
|  92|0x000000070b800000, 0x000000070b800000, 0x000000070ba00000|  0%| F|  |TAMS 0x000000070b800000| PB 0x000000070b800000| Untracked 
|  93|0x000000070ba00000, 0x000000070badeb90, 0x000000070bc00000| 43%| S|CS|TAMS 0x000000070ba00000| PB 0x000000070ba00000| Complete 
|  94|0x000000070bc00000, 0x000000070be00000, 0x000000070be00000|100%| S|CS|TAMS 0x000000070bc00000| PB 0x000000070bc00000| Complete 
|  95|0x000000070be00000, 0x000000070c000000, 0x000000070c000000|100%| S|CS|TAMS 0x000000070be00000| PB 0x000000070be00000| Complete 
|  96|0x000000070c000000, 0x000000070c200000, 0x000000070c200000|100%| S|CS|TAMS 0x000000070c000000| PB 0x000000070c000000| Complete 
|  97|0x000000070c200000, 0x000000070c200000, 0x000000070c400000|  0%| F|  |TAMS 0x000000070c200000| PB 0x000000070c200000| Untracked 
|  98|0x000000070c400000, 0x000000070c400000, 0x000000070c600000|  0%| F|  |TAMS 0x000000070c400000| PB 0x000000070c400000| Untracked 
|  99|0x000000070c600000, 0x000000070c600000, 0x000000070c800000|  0%| F|  |TAMS 0x000000070c600000| PB 0x000000070c600000| Untracked 
| 100|0x000000070c800000, 0x000000070c800000, 0x000000070ca00000|  0%| F|  |TAMS 0x000000070c800000| PB 0x000000070c800000| Untracked 
| 101|0x000000070ca00000, 0x000000070ca00000, 0x000000070cc00000|  0%| F|  |TAMS 0x000000070ca00000| PB 0x000000070ca00000| Untracked 
| 102|0x000000070cc00000, 0x000000070cc00000, 0x000000070ce00000|  0%| F|  |TAMS 0x000000070cc00000| PB 0x000000070cc00000| Untracked 
| 103|0x000000070ce00000, 0x000000070ce00000, 0x000000070d000000|  0%| F|  |TAMS 0x000000070ce00000| PB 0x000000070ce00000| Untracked 
| 104|0x000000070d000000, 0x000000070d000000, 0x000000070d200000|  0%| F|  |TAMS 0x000000070d000000| PB 0x000000070d000000| Untracked 
| 105|0x000000070d200000, 0x000000070d200000, 0x000000070d400000|  0%| F|  |TAMS 0x000000070d200000| PB 0x000000070d200000| Untracked 
| 106|0x000000070d400000, 0x000000070d400000, 0x000000070d600000|  0%| F|  |TAMS 0x000000070d400000| PB 0x000000070d400000| Untracked 
| 107|0x000000070d600000, 0x000000070d600000, 0x000000070d800000|  0%| F|  |TAMS 0x000000070d600000| PB 0x000000070d600000| Untracked 
| 108|0x000000070d800000, 0x000000070d800000, 0x000000070da00000|  0%| F|  |TAMS 0x000000070d800000| PB 0x000000070d800000| Untracked 
| 109|0x000000070da00000, 0x000000070da00000, 0x000000070dc00000|  0%| F|  |TAMS 0x000000070da00000| PB 0x000000070da00000| Untracked 
| 110|0x000000070dc00000, 0x000000070dc00000, 0x000000070de00000|  0%| F|  |TAMS 0x000000070dc00000| PB 0x000000070dc00000| Untracked 
| 111|0x000000070de00000, 0x000000070de00000, 0x000000070e000000|  0%| F|  |TAMS 0x000000070de00000| PB 0x000000070de00000| Untracked 
| 112|0x000000070e000000, 0x000000070e000000, 0x000000070e200000|  0%| F|  |TAMS 0x000000070e000000| PB 0x000000070e000000| Untracked 
| 113|0x000000070e200000, 0x000000070e200000, 0x000000070e400000|  0%| F|  |TAMS 0x000000070e200000| PB 0x000000070e200000| Untracked 
| 114|0x000000070e400000, 0x000000070e400000, 0x000000070e600000|  0%| F|  |TAMS 0x000000070e400000| PB 0x000000070e400000| Untracked 
| 115|0x000000070e600000, 0x000000070e600000, 0x000000070e800000|  0%| F|  |TAMS 0x000000070e600000| PB 0x000000070e600000| Untracked 
| 116|0x000000070e800000, 0x000000070e800000, 0x000000070ea00000|  0%| F|  |TAMS 0x000000070e800000| PB 0x000000070e800000| Untracked 
| 117|0x000000070ea00000, 0x000000070ea00000, 0x000000070ec00000|  0%| F|  |TAMS 0x000000070ea00000| PB 0x000000070ea00000| Untracked 
| 118|0x000000070ec00000, 0x000000070ec00000, 0x000000070ee00000|  0%| F|  |TAMS 0x000000070ec00000| PB 0x000000070ec00000| Untracked 
| 119|0x000000070ee00000, 0x000000070ee00000, 0x000000070f000000|  0%| F|  |TAMS 0x000000070ee00000| PB 0x000000070ee00000| Untracked 
| 120|0x000000070f000000, 0x000000070f000000, 0x000000070f200000|  0%| F|  |TAMS 0x000000070f000000| PB 0x000000070f000000| Untracked 
| 121|0x000000070f200000, 0x000000070f200000, 0x000000070f400000|  0%| F|  |TAMS 0x000000070f200000| PB 0x000000070f200000| Untracked 
| 122|0x000000070f400000, 0x000000070f400000, 0x000000070f600000|  0%| F|  |TAMS 0x000000070f400000| PB 0x000000070f400000| Untracked 
| 123|0x000000070f600000, 0x000000070f600000, 0x000000070f800000|  0%| F|  |TAMS 0x000000070f600000| PB 0x000000070f600000| Untracked 
| 124|0x000000070f800000, 0x000000070f800000, 0x000000070fa00000|  0%| F|  |TAMS 0x000000070f800000| PB 0x000000070f800000| Untracked 
| 125|0x000000070fa00000, 0x000000070fa00000, 0x000000070fc00000|  0%| F|  |TAMS 0x000000070fa00000| PB 0x000000070fa00000| Untracked 
| 126|0x000000070fc00000, 0x000000070fc00000, 0x000000070fe00000|  0%| F|  |TAMS 0x000000070fc00000| PB 0x000000070fc00000| Untracked 
| 127|0x000000070fe00000, 0x000000070fe00000, 0x0000000710000000|  0%| F|  |TAMS 0x000000070fe00000| PB 0x000000070fe00000| Untracked 
| 128|0x0000000710000000, 0x0000000710000000, 0x0000000710200000|  0%| F|  |TAMS 0x0000000710000000| PB 0x0000000710000000| Untracked 
| 129|0x0000000710200000, 0x0000000710200000, 0x0000000710400000|  0%| F|  |TAMS 0x0000000710200000| PB 0x0000000710200000| Untracked 
| 130|0x0000000710400000, 0x0000000710400000, 0x0000000710600000|  0%| F|  |TAMS 0x0000000710400000| PB 0x0000000710400000| Untracked 
| 131|0x0000000710600000, 0x0000000710600000, 0x0000000710800000|  0%| F|  |TAMS 0x0000000710600000| PB 0x0000000710600000| Untracked 
| 132|0x0000000710800000, 0x0000000710800000, 0x0000000710a00000|  0%| F|  |TAMS 0x0000000710800000| PB 0x0000000710800000| Untracked 
| 133|0x0000000710a00000, 0x0000000710a00000, 0x0000000710c00000|  0%| F|  |TAMS 0x0000000710a00000| PB 0x0000000710a00000| Untracked 
| 134|0x0000000710c00000, 0x0000000710c00000, 0x0000000710e00000|  0%| F|  |TAMS 0x0000000710c00000| PB 0x0000000710c00000| Untracked 
| 135|0x0000000710e00000, 0x0000000710e00000, 0x0000000711000000|  0%| F|  |TAMS 0x0000000710e00000| PB 0x0000000710e00000| Untracked 
| 136|0x0000000711000000, 0x0000000711000000, 0x0000000711200000|  0%| F|  |TAMS 0x0000000711000000| PB 0x0000000711000000| Untracked 
| 137|0x0000000711200000, 0x0000000711200000, 0x0000000711400000|  0%| F|  |TAMS 0x0000000711200000| PB 0x0000000711200000| Untracked 
| 138|0x0000000711400000, 0x0000000711400000, 0x0000000711600000|  0%| F|  |TAMS 0x0000000711400000| PB 0x0000000711400000| Untracked 
| 139|0x0000000711600000, 0x0000000711600000, 0x0000000711800000|  0%| F|  |TAMS 0x0000000711600000| PB 0x0000000711600000| Untracked 
|2038|0x00000007fec00000, 0x00000007fee00000, 0x00000007fee00000|100%| O|  |TAMS 0x00000007fee00000| PB 0x00000007fec00000| Untracked 
|2039|0x00000007fee00000, 0x00000007ff000000, 0x00000007ff000000|100%| O|  |TAMS 0x00000007ff000000| PB 0x00000007fee00000| Untracked 
|2040|0x00000007ff000000, 0x00000007ff000000, 0x00000007ff200000|  0%| F|  |TAMS 0x00000007ff000000| PB 0x00000007ff000000| Untracked 
|2041|0x00000007ff200000, 0x00000007ff200000, 0x00000007ff400000|  0%| F|  |TAMS 0x00000007ff200000| PB 0x00000007ff200000| Untracked 
|2042|0x00000007ff400000, 0x00000007ff600000, 0x00000007ff600000|100%| O|  |TAMS 0x00000007ff600000| PB 0x00000007ff400000| Untracked 
|2043|0x00000007ff600000, 0x00000007ff600000, 0x00000007ff800000|  0%| F|  |TAMS 0x00000007ff600000| PB 0x00000007ff600000| Untracked 
|2044|0x00000007ff800000, 0x00000007ffa00000, 0x00000007ffa00000|100%| O|  |TAMS 0x00000007ffa00000| PB 0x00000007ff800000| Untracked 
|2045|0x00000007ffa00000, 0x00000007ffc00000, 0x00000007ffc00000|100%| O|  |TAMS 0x00000007ffc00000| PB 0x00000007ffa00000| Untracked 
|2046|0x00000007ffc00000, 0x00000007ffe00000, 0x00000007ffe00000|100%| O|  |TAMS 0x00000007ffe00000| PB 0x00000007ffc00000| Untracked 
|2047|0x00000007ffe00000, 0x0000000800000000, 0x0000000800000000|100%| O|  |TAMS 0x0000000800000000| PB 0x00000007ffe00000| Untracked 

Card table byte_map: [0x000002144d290000,0x000002144da90000] _byte_map_base: 0x0000021449a90000

Marking Bits: (CMBitMap*) 0x0000021433a3a010
 Bits: [0x000002144da90000, 0x0000021451a90000)

Polling page: 0x0000021433720000

Metaspace:

Usage:
  Non-class:     87.22 MB used.
      Class:     14.00 MB used.
       Both:    101.22 MB used.

Virtual space:
  Non-class space:      128.00 MB reserved,      88.56 MB ( 69%) committed,  2 nodes.
      Class space:        1.00 GB reserved,      15.25 MB (  1%) committed,  1 nodes.
             Both:        1.12 GB reserved,     103.81 MB (  9%) committed. 

Chunk freelists:
   Non-Class:  7.38 MB
       Class:  647.00 KB
        Both:  8.01 MB

MaxMetaspaceSize: 2.00 GB
CompressedClassSpaceSize: 1.00 GB
Initial GC threshold: 21.00 MB
Current GC threshold: 171.69 MB
CDS: on
 - commit_granule_bytes: 65536.
 - commit_granule_words: 8192.
 - virtual_space_node_default_size: 8388608.
 - enlarge_chunks_in_place: 1.
 - use_allocation_guard: 0.


Internal statistics:

num_allocs_failed_limit: 9.
num_arena_births: 4428.
num_arena_deaths: 0.
num_vsnodes_births: 3.
num_vsnodes_deaths: 0.
num_space_committed: 1661.
num_space_uncommitted: 0.
num_chunks_returned_to_freelist: 9.
num_chunks_taken_from_freelist: 9355.
num_chunk_merges: 6.
num_chunk_splits: 6114.
num_chunks_enlarged: 3843.
num_inconsistent_stats: 0.

CodeHeap 'non-profiled nmethods': size=120000Kb used=8036Kb max_used=8036Kb free=111963Kb
 bounds [0x0000021444f40000, 0x0000021445720000, 0x000002144c470000]
CodeHeap 'profiled nmethods': size=120000Kb used=23875Kb max_used=23875Kb free=96124Kb
 bounds [0x000002143d470000, 0x000002143ebd0000, 0x00000214449a0000]
CodeHeap 'non-nmethods': size=5760Kb used=2926Kb max_used=2974Kb free=2833Kb
 bounds [0x00000214449a0000, 0x0000021444ca0000, 0x0000021444f40000]
 total_blobs=13535 nmethods=12525 adapters=913
 compilation: enabled
              stopped_count=0, restarted_count=0
 full_count=0

Compilation events (20 events):
Event: 57.534 Thread 0x0000021454079940 14628       3       kotlin.collections.ArraysKt___ArraysKt::getLastIndex (11 bytes)
Event: 57.535 Thread 0x0000021454079940 nmethod 14628 0x000002143ebbc510 code [0x000002143ebbc720, 0x000002143ebbccb0]
Event: 57.536 Thread 0x0000021454079940 14629       3       org.gradle.internal.extensibility.ExtensibleDynamicObject::<init> (15 bytes)
Event: 57.536 Thread 0x0000021454079940 nmethod 14629 0x000002143ebbcf10 code [0x000002143ebbd0c0, 0x000002143ebbd2c8]
Event: 57.538 Thread 0x0000021454079940 14631       3       org.jetbrains.kotlin.gradle.internal.properties.PropertiesBuildService::property (55 bytes)
Event: 57.539 Thread 0x0000021454079940 nmethod 14631 0x000002143ebbd410 code [0x000002143ebbd740, 0x000002143ebbe7e0]
Event: 57.539 Thread 0x0000021454079940 14632       3       org.jetbrains.kotlin.gradle.internal.properties.PropertiesBuildService$property$1$1::call (5 bytes)
Event: 57.539 Thread 0x0000021454079940 nmethod 14632 0x000002143ebbee90 code [0x000002143ebbf060, 0x000002143ebbf450]
Event: 57.540 Thread 0x0000021454079940 14633       3       org.jetbrains.kotlin.gradle.internal.properties.PropertiesBuildService$property$1$1::call (11 bytes)
Event: 57.540 Thread 0x0000021454079940 nmethod 14633 0x000002143ebbf590 code [0x000002143ebbf760, 0x000002143ebbfaf8]
Event: 57.540 Thread 0x0000021454079940 14634       1       java.util.concurrent.locks.ReentrantReadWriteLock::writeLock (5 bytes)
Event: 57.540 Thread 0x0000021454079940 nmethod 14634 0x0000021445718b10 code [0x0000021445718ca0, 0x0000021445718d70]
Event: 57.544 Thread 0x0000021454079940 14635       1       org.gradle.api.plugins.internal.DefaultBasePluginExtension_Decorated::getModelIdentityDisplayName (5 bytes)
Event: 57.545 Thread 0x0000021454079940 nmethod 14635 0x0000021445718e10 code [0x0000021445718fa0, 0x0000021445719070]
Event: 57.546 Thread 0x0000021454079940 14637       3       org.gradle.api.internal.DelegatingDomainObjectSet::isEmpty (10 bytes)
Event: 57.546 Thread 0x0000021454079940 nmethod 14637 0x000002143ebbfc90 code [0x000002143ebbfe40, 0x000002143ebc0020]
Event: 57.546 Thread 0x0000021454079940 14638       3       org.gradle.api.internal.CompositeDomainObjectSet::getDelegate (8 bytes)
Event: 57.547 Thread 0x0000021454079940 nmethod 14638 0x000002143ebc0110 code [0x000002143ebc02c0, 0x000002143ebc04d8]
Event: 57.547 Thread 0x0000021454079940 14639       3       org.gradle.api.internal.CompositeDomainObjectSet::getStore (11 bytes)
Event: 57.547 Thread 0x0000021454079940 nmethod 14639 0x000002143ebc0590 code [0x000002143ebc0760, 0x000002143ebc0ba0]

GC Heap History (20 events):
Event: 40.552 GC heap after
{Heap after GC invocations=38 (full 0):
 garbage-first heap   total 208896K, used 123470K [0x0000000700000000, 0x0000000800000000)
  region size 2048K, 3 young (6144K), 3 survivors (6144K)
 Metaspace       used 92462K, committed 94784K, reserved 1179648K
  class space    used 12619K, committed 13760K, reserved 1048576K
}
Event: 42.301 GC heap before
{Heap before GC invocations=38 (full 0):
 garbage-first heap   total 208896K, used 186958K [0x0000000700000000, 0x0000000800000000)
  region size 2048K, 34 young (69632K), 3 survivors (6144K)
 Metaspace       used 97197K, committed 99584K, reserved 1179648K
  class space    used 13410K, committed 14592K, reserved 1048576K
}
Event: 42.316 GC heap after
{Heap after GC invocations=39 (full 0):
 garbage-first heap   total 208896K, used 124994K [0x0000000700000000, 0x0000000800000000)
  region size 2048K, 4 young (8192K), 4 survivors (8192K)
 Metaspace       used 97197K, committed 99584K, reserved 1179648K
  class space    used 13410K, committed 14592K, reserved 1048576K
}
Event: 43.692 GC heap before
{Heap before GC invocations=39 (full 0):
 garbage-first heap   total 208896K, used 186434K [0x0000000700000000, 0x0000000800000000)
  region size 2048K, 34 young (69632K), 4 survivors (8192K)
 Metaspace       used 99539K, committed 101952K, reserved 1179648K
  class space    used 13741K, committed 14912K, reserved 1048576K
}
Event: 43.717 GC heap after
{Heap after GC invocations=40 (full 0):
 garbage-first heap   total 208896K, used 130267K [0x0000000700000000, 0x0000000800000000)
  region size 2048K, 5 young (10240K), 5 survivors (10240K)
 Metaspace       used 99539K, committed 101952K, reserved 1179648K
  class space    used 13741K, committed 14912K, reserved 1048576K
}
Event: 45.215 GC heap before
{Heap before GC invocations=41 (full 0):
 garbage-first heap   total 239616K, used 181467K [0x0000000700000000, 0x0000000800000000)
  region size 2048K, 31 young (63488K), 5 survivors (10240K)
 Metaspace       used 100933K, committed 103488K, reserved 1179648K
  class space    used 13966K, committed 15232K, reserved 1048576K
}
Event: 45.237 GC heap after
{Heap after GC invocations=42 (full 0):
 garbage-first heap   total 239616K, used 136642K [0x0000000700000000, 0x0000000800000000)
  region size 2048K, 4 young (8192K), 4 survivors (8192K)
 Metaspace       used 100933K, committed 103488K, reserved 1179648K
  class space    used 13966K, committed 15232K, reserved 1048576K
}
Event: 46.288 GC heap before
{Heap before GC invocations=42 (full 0):
 garbage-first heap   total 239616K, used 214466K [0x0000000700000000, 0x0000000800000000)
  region size 2048K, 42 young (86016K), 4 survivors (8192K)
 Metaspace       used 100935K, committed 103488K, reserved 1179648K
  class space    used 13966K, committed 15232K, reserved 1048576K
}
Event: 46.307 GC heap after
{Heap after GC invocations=43 (full 0):
 garbage-first heap   total 288768K, used 138880K [0x0000000700000000, 0x0000000800000000)
  region size 2048K, 5 young (10240K), 5 survivors (10240K)
 Metaspace       used 100935K, committed 103488K, reserved 1179648K
  class space    used 13966K, committed 15232K, reserved 1048576K
}
Event: 49.494 GC heap before
{Heap before GC invocations=43 (full 0):
 garbage-first heap   total 288768K, used 257664K [0x0000000700000000, 0x0000000800000000)
  region size 2048K, 64 young (131072K), 5 survivors (10240K)
 Metaspace       used 102451K, committed 105024K, reserved 1179648K
  class space    used 14208K, committed 15488K, reserved 1048576K
}
Event: 49.528 GC heap after
{Heap after GC invocations=44 (full 0):
 garbage-first heap   total 288768K, used 150933K [0x0000000700000000, 0x0000000800000000)
  region size 2048K, 8 young (16384K), 8 survivors (16384K)
 Metaspace       used 102451K, committed 105024K, reserved 1179648K
  class space    used 14208K, committed 15488K, reserved 1048576K
}
Event: 51.378 GC heap before
{Heap before GC invocations=44 (full 0):
 garbage-first heap   total 288768K, used 245141K [0x0000000700000000, 0x0000000800000000)
  region size 2048K, 55 young (112640K), 8 survivors (16384K)
 Metaspace       used 102671K, committed 105216K, reserved 1179648K
  class space    used 14229K, committed 15488K, reserved 1048576K
}
Event: 51.402 GC heap after
{Heap after GC invocations=45 (full 0):
 garbage-first heap   total 288768K, used 160756K [0x0000000700000000, 0x0000000800000000)
  region size 2048K, 6 young (12288K), 6 survivors (12288K)
 Metaspace       used 102671K, committed 105216K, reserved 1179648K
  class space    used 14229K, committed 15488K, reserved 1048576K
}
Event: 52.650 GC heap before
{Heap before GC invocations=45 (full 0):
 garbage-first heap   total 288768K, used 254964K [0x0000000700000000, 0x0000000800000000)
  region size 2048K, 52 young (106496K), 6 survivors (12288K)
 Metaspace       used 102872K, committed 105472K, reserved 1179648K
  class space    used 14250K, committed 15552K, reserved 1048576K
}
Event: 52.671 GC heap after
{Heap after GC invocations=46 (full 0):
 garbage-first heap   total 288768K, used 166250K [0x0000000700000000, 0x0000000800000000)
  region size 2048K, 4 young (8192K), 4 survivors (8192K)
 Metaspace       used 102872K, committed 105472K, reserved 1179648K
  class space    used 14250K, committed 15552K, reserved 1048576K
}
Event: 54.519 GC heap before
{Heap before GC invocations=47 (full 0):
 garbage-first heap   total 307200K, used 258410K [0x0000000700000000, 0x0000000800000000)
  region size 2048K, 50 young (102400K), 4 survivors (8192K)
 Metaspace       used 103115K, committed 105664K, reserved 1179648K
  class space    used 14279K, committed 15552K, reserved 1048576K
}
Event: 54.544 GC heap after
{Heap after GC invocations=48 (full 0):
 garbage-first heap   total 307200K, used 175836K [0x0000000700000000, 0x0000000800000000)
  region size 2048K, 6 young (12288K), 6 survivors (12288K)
 Metaspace       used 103115K, committed 105664K, reserved 1179648K
  class space    used 14279K, committed 15552K, reserved 1048576K
}
Event: 56.187 GC heap before
{Heap before GC invocations=48 (full 0):
 garbage-first heap   total 307200K, used 270044K [0x0000000700000000, 0x0000000800000000)
  region size 2048K, 53 young (108544K), 6 survivors (12288K)
 Metaspace       used 103425K, committed 106112K, reserved 1179648K
  class space    used 14313K, committed 15616K, reserved 1048576K
}
Event: 56.214 GC heap after
{Heap after GC invocations=49 (full 0):
 garbage-first heap   total 307200K, used 181491K [0x0000000700000000, 0x0000000800000000)
  region size 2048K, 5 young (10240K), 5 survivors (10240K)
 Metaspace       used 103425K, committed 106112K, reserved 1179648K
  class space    used 14313K, committed 15616K, reserved 1048576K
}
Event: 57.548 GC heap before
{Heap before GC invocations=49 (full 0):
 garbage-first heap   total 307200K, used 273651K [0x0000000700000000, 0x0000000800000000)
  region size 2048K, 51 young (104448K), 5 survivors (10240K)
 Metaspace       used 103646K, committed 106304K, reserved 1179648K
  class space    used 14335K, committed 15616K, reserved 1048576K
}

Dll operation events (15 events):
Event: 0.020 Loaded shared library C:\Program Files\Java\jdk-21\bin\java.dll
Event: 0.065 Loaded shared library C:\Program Files\Java\jdk-21\bin\jsvml.dll
Event: 0.135 Loaded shared library C:\Program Files\Java\jdk-21\bin\zip.dll
Event: 0.144 Loaded shared library C:\Program Files\Java\jdk-21\bin\instrument.dll
Event: 0.149 Loaded shared library C:\Program Files\Java\jdk-21\bin\net.dll
Event: 0.152 Loaded shared library C:\Program Files\Java\jdk-21\bin\nio.dll
Event: 0.155 Loaded shared library C:\Program Files\Java\jdk-21\bin\zip.dll
Event: 0.723 Loaded shared library C:\Program Files\Java\jdk-21\bin\jimage.dll
Event: 1.061 Loaded shared library C:\Program Files\Java\jdk-21\bin\verify.dll
Event: 1.218 Loaded shared library C:\Users\ASUS\.gradle\native\1def1411415f61bf3af743bc5b6707747c0891f09f0c88961ee8f79bc544acac\windows-amd64\native-platform.dll
Event: 1.247 Loaded shared library C:\Users\ASUS\.gradle\native\0.2.7\x86_64-windows-gnu\gradle-fileevents.dll
Event: 3.736 Loaded shared library C:\Program Files\Java\jdk-21\bin\management.dll
Event: 3.743 Loaded shared library C:\Program Files\Java\jdk-21\bin\management_ext.dll
Event: 3.952 Loaded shared library C:\Program Files\Java\jdk-21\bin\extnet.dll
Event: 4.288 Loaded shared library C:\Program Files\Java\jdk-21\bin\sunmscapi.dll

Deoptimization events (20 events):
Event: 55.355 Thread 0x000002149b028150 Uncommon trap: trap_request=0xffffffd6 fr.pc=0x00000214456c0624 relative=0x0000000000000d24
Event: 55.355 Thread 0x000002149b028150 Uncommon trap: reason=array_check action=maybe_recompile pc=0x00000214456c0624 method=com.google.common.collect.ImmutableMap$Builder.put(Ljava/lang/Object;Ljava/lang/Object;)Lcom/google/common/collect/ImmutableMap$Builder; @ 32 c2
Event: 55.355 Thread 0x000002149b028150 DEOPT PACKING pc=0x00000214456c0624 sp=0x0000001cb03f8510
Event: 55.355 Thread 0x000002149b028150 DEOPT UNPACKING pc=0x00000214449f46a2 sp=0x0000001cb03f8448 mode 2
Event: 55.356 Thread 0x000002149b028150 Uncommon trap: trap_request=0xffffffd6 fr.pc=0x00000214456c0624 relative=0x0000000000000d24
Event: 55.356 Thread 0x000002149b028150 Uncommon trap: reason=array_check action=maybe_recompile pc=0x00000214456c0624 method=com.google.common.collect.ImmutableMap$Builder.put(Ljava/lang/Object;Ljava/lang/Object;)Lcom/google/common/collect/ImmutableMap$Builder; @ 32 c2
Event: 55.356 Thread 0x000002149b028150 DEOPT PACKING pc=0x00000214456c0624 sp=0x0000001cb03f81f0
Event: 55.356 Thread 0x000002149b028150 DEOPT UNPACKING pc=0x00000214449f46a2 sp=0x0000001cb03f8128 mode 2
Event: 56.086 Thread 0x000002149b028150 Uncommon trap: trap_request=0xffffffd6 fr.pc=0x00000214456c4494 relative=0x00000000000010d4
Event: 56.086 Thread 0x000002149b028150 Uncommon trap: reason=array_check action=maybe_recompile pc=0x00000214456c4494 method=java.util.ComparableTimSort.binarySort([Ljava/lang/Object;III)V @ 215 c2
Event: 56.086 Thread 0x000002149b028150 DEOPT PACKING pc=0x00000214456c4494 sp=0x0000001cb03f8140
Event: 56.086 Thread 0x000002149b028150 DEOPT UNPACKING pc=0x00000214449f46a2 sp=0x0000001cb03f8120 mode 2
Event: 57.151 Thread 0x000002149b028150 Uncommon trap: trap_request=0xffffffd6 fr.pc=0x00000214456c0624 relative=0x0000000000000d24
Event: 57.151 Thread 0x000002149b028150 Uncommon trap: reason=array_check action=maybe_recompile pc=0x00000214456c0624 method=com.google.common.collect.ImmutableMap$Builder.put(Ljava/lang/Object;Ljava/lang/Object;)Lcom/google/common/collect/ImmutableMap$Builder; @ 32 c2
Event: 57.151 Thread 0x000002149b028150 DEOPT PACKING pc=0x00000214456c0624 sp=0x0000001cb03f8510
Event: 57.151 Thread 0x000002149b028150 DEOPT UNPACKING pc=0x00000214449f46a2 sp=0x0000001cb03f8448 mode 2
Event: 57.151 Thread 0x000002149b028150 Uncommon trap: trap_request=0xffffffd6 fr.pc=0x00000214456c0624 relative=0x0000000000000d24
Event: 57.151 Thread 0x000002149b028150 Uncommon trap: reason=array_check action=maybe_recompile pc=0x00000214456c0624 method=com.google.common.collect.ImmutableMap$Builder.put(Ljava/lang/Object;Ljava/lang/Object;)Lcom/google/common/collect/ImmutableMap$Builder; @ 32 c2
Event: 57.151 Thread 0x000002149b028150 DEOPT PACKING pc=0x00000214456c0624 sp=0x0000001cb03f81f0
Event: 57.151 Thread 0x000002149b028150 DEOPT UNPACKING pc=0x00000214449f46a2 sp=0x0000001cb03f8128 mode 2

Classes loaded (20 events):
Event: 44.523 Loading class java/util/AbstractList$SubList$1
Event: 44.523 Loading class java/util/AbstractList$SubList$1 done
Event: 44.556 Loading class java/lang/IntegerBeanInfo
Event: 44.556 Loading class java/lang/IntegerBeanInfo done
Event: 44.558 Loading class java/lang/IntegerBeanInfo
Event: 44.558 Loading class java/lang/IntegerBeanInfo done
Event: 44.559 Loading class java/lang/NumberBeanInfo
Event: 44.559 Loading class java/lang/NumberBeanInfo done
Event: 44.560 Loading class java/lang/NumberBeanInfo
Event: 44.560 Loading class java/lang/NumberBeanInfo done
Event: 44.560 Loading class java/lang/NumberCustomizer
Event: 44.560 Loading class java/lang/NumberCustomizer done
Event: 44.561 Loading class java/lang/NumberCustomizer
Event: 44.561 Loading class java/lang/NumberCustomizer done
Event: 44.562 Loading class java/lang/IntegerCustomizer
Event: 44.562 Loading class java/lang/IntegerCustomizer done
Event: 44.563 Loading class java/lang/IntegerCustomizer
Event: 44.563 Loading class java/lang/IntegerCustomizer done
Event: 44.563 Loading class jdk/internal/ValueBased
Event: 44.564 Loading class jdk/internal/ValueBased done

Classes unloaded (0 events):
No events

Classes redefined (0 events):
No events

Internal exceptions (20 events):
Event: 53.414 Thread 0x000002149b028150 Exception <a 'java/lang/ClassNotFoundException'{0x0000000711162e20}: com/android/build/gradle/internal/dsl/TestOptions_DecoratedBeanInfo> (0x0000000711162e20) 
thrown [s\open\src\hotspot\share\classfile\systemDictionary.cpp, line 312]
Event: 53.416 Thread 0x000002149b028150 Exception <a 'java/lang/ClassNotFoundException'{0x0000000711170de0}: com/android/build/gradle/internal/dsl/TestOptionsBeanInfo> (0x0000000711170de0) 
thrown [s\open\src\hotspot\share\classfile\systemDictionary.cpp, line 312]
Event: 53.417 Thread 0x000002149b028150 Exception <a 'java/lang/ClassNotFoundException'{0x000000071117f028}: com/android/build/gradle/internal/dsl/TestOptionsCustomizer> (0x000000071117f028) 
thrown [s\open\src\hotspot\share\classfile\systemDictionary.cpp, line 312]
Event: 53.419 Thread 0x000002149b028150 Exception <a 'java/lang/ClassNotFoundException'{0x00000007111ac130}: com/android/build/gradle/internal/dsl/TestOptions_DecoratedCustomizer> (0x00000007111ac130) 
thrown [s\open\src\hotspot\share\classfile\systemDictionary.cpp, line 312]
Event: 53.429 Thread 0x000002149b028150 Exception <a 'java/lang/ClassNotFoundException'{0x0000000710e169f0}: com/android/build/gradle/internal/dsl/TestOptions$UnitTestOptions_DecoratedBeanInfo> (0x0000000710e169f0) 
thrown [s\open\src\hotspot\share\classfile\systemDictionary.cpp, line 312]
Event: 53.429 Thread 0x000002149b028150 Exception <a 'java/lang/ClassNotFoundException'{0x0000000710e24d78}: com/android/build/gradle/internal/dsl/TestOptions$UnitTestOptionsBeanInfo> (0x0000000710e24d78) 
thrown [s\open\src\hotspot\share\classfile\systemDictionary.cpp, line 312]
Event: 53.430 Thread 0x000002149b028150 Exception <a 'java/lang/ClassNotFoundException'{0x0000000710e33398}: com/android/build/gradle/internal/dsl/TestOptions$UnitTestOptionsCustomizer> (0x0000000710e33398) 
thrown [s\open\src\hotspot\share\classfile\systemDictionary.cpp, line 312]
Event: 53.431 Thread 0x000002149b028150 Exception <a 'java/lang/ClassNotFoundException'{0x0000000710e48820}: com/android/build/gradle/internal/dsl/TestOptions$UnitTestOptions_DecoratedCustomizer> (0x0000000710e48820) 
thrown [s\open\src\hotspot\share\classfile\systemDictionary.cpp, line 312]
Event: 53.654 Thread 0x000002149b028150 Exception <a 'java/lang/ClassNotFoundException'{0x0000000710bb2790}: build_a4o1spxut6vqbj09dgtbtpdriBeanInfo> (0x0000000710bb2790) 
thrown [s\open\src\hotspot\share\classfile\systemDictionary.cpp, line 312]
Event: 53.655 Thread 0x000002149b028150 Exception <a 'java/lang/ClassNotFoundException'{0x0000000710bb9560}: build_a4o1spxut6vqbj09dgtbtpdriCustomizer> (0x0000000710bb9560) 
thrown [s\open\src\hotspot\share\classfile\systemDictionary.cpp, line 312]
Event: 54.972 Thread 0x000002149b028150 Exception <a 'java/lang/ClassNotFoundException'{0x000000070f588178}: build_a4o1spxut6vqbj09dgtbtpdriBeanInfo> (0x000000070f588178) 
thrown [s\open\src\hotspot\share\classfile\systemDictionary.cpp, line 312]
Event: 54.975 Thread 0x000002149b028150 Exception <a 'java/lang/ClassNotFoundException'{0x000000070f58eee8}: build_a4o1spxut6vqbj09dgtbtpdriCustomizer> (0x000000070f58eee8) 
thrown [s\open\src\hotspot\share\classfile\systemDictionary.cpp, line 312]
Event: 55.202 Thread 0x000002149b028150 Exception <a 'java/lang/ClassNotFoundException'{0x000000070efc02b0}: build_3xsvtw4zqimg8lyq7qw7gla9yBeanInfo> (0x000000070efc02b0) 
thrown [s\open\src\hotspot\share\classfile\systemDictionary.cpp, line 312]
Event: 55.202 Thread 0x000002149b028150 Exception <a 'java/lang/ClassNotFoundException'{0x000000070efc7080}: build_3xsvtw4zqimg8lyq7qw7gla9yCustomizer> (0x000000070efc7080) 
thrown [s\open\src\hotspot\share\classfile\systemDictionary.cpp, line 312]
Event: 55.333 Thread 0x000002149b028150 Exception <a 'java/lang/ClassNotFoundException'{0x000000070e5341d0}: build_3xsvtw4zqimg8lyq7qw7gla9yBeanInfo> (0x000000070e5341d0) 
thrown [s\open\src\hotspot\share\classfile\systemDictionary.cpp, line 312]
Event: 55.334 Thread 0x000002149b028150 Exception <a 'java/lang/ClassNotFoundException'{0x000000070e53af40}: build_3xsvtw4zqimg8lyq7qw7gla9yCustomizer> (0x000000070e53af40) 
thrown [s\open\src\hotspot\share\classfile\systemDictionary.cpp, line 312]
Event: 55.664 Thread 0x000002149b028150 Exception <a 'java/lang/ClassNotFoundException'{0x000000070dcb35a0}: build_2h7ckvwtbpdm85yw05rcx2ynpBeanInfo> (0x000000070dcb35a0) 
thrown [s\open\src\hotspot\share\classfile\systemDictionary.cpp, line 312]
Event: 55.664 Thread 0x000002149b028150 Exception <a 'java/lang/ClassNotFoundException'{0x000000070dcba370}: build_2h7ckvwtbpdm85yw05rcx2ynpCustomizer> (0x000000070dcba370) 
thrown [s\open\src\hotspot\share\classfile\systemDictionary.cpp, line 312]
Event: 57.127 Thread 0x000002149b028150 Exception <a 'java/lang/ClassNotFoundException'{0x000000070ccd4f00}: build_2h7ckvwtbpdm85yw05rcx2ynpBeanInfo> (0x000000070ccd4f00) 
thrown [s\open\src\hotspot\share\classfile\systemDictionary.cpp, line 312]
Event: 57.128 Thread 0x000002149b028150 Exception <a 'java/lang/ClassNotFoundException'{0x000000070ccdbc70}: build_2h7ckvwtbpdm85yw05rcx2ynpCustomizer> (0x000000070ccdbc70) 
thrown [s\open\src\hotspot\share\classfile\systemDictionary.cpp, line 312]

ZGC Phase Switch (0 events):
No events

VM Operations (20 events):
Event: 51.402 Executing VM operation: G1CollectForAllocation (G1 Evacuation Pause) done
Event: 51.980 Executing VM operation: ICBufferFull
Event: 51.980 Executing VM operation: ICBufferFull done
Event: 52.650 Executing VM operation: G1CollectForAllocation (G1 Evacuation Pause)
Event: 52.674 Executing VM operation: G1CollectForAllocation (G1 Evacuation Pause) done
Event: 53.076 Executing VM operation: G1PauseRemark
Event: 53.088 Executing VM operation: G1PauseRemark done
Event: 53.251 Executing VM operation: G1PauseCleanup
Event: 53.284 Executing VM operation: G1PauseCleanup done
Event: 54.297 Executing VM operation: Cleanup
Event: 54.298 Executing VM operation: Cleanup done
Event: 54.519 Executing VM operation: G1CollectForAllocation (G1 Evacuation Pause)
Event: 54.544 Executing VM operation: G1CollectForAllocation (G1 Evacuation Pause) done
Event: 55.421 Executing VM operation: ICBufferFull
Event: 55.421 Executing VM operation: ICBufferFull done
Event: 56.187 Executing VM operation: G1CollectForAllocation (G1 Evacuation Pause)
Event: 56.215 Executing VM operation: G1CollectForAllocation (G1 Evacuation Pause) done
Event: 57.224 Executing VM operation: Cleanup
Event: 57.240 Executing VM operation: Cleanup done
Event: 57.548 Executing VM operation: G1CollectForAllocation (G1 Evacuation Pause)

Events (20 events):
Event: 53.086 Thread 0x00000214540194a0 flushing nmethod 0x000002143d946390
Event: 53.086 Thread 0x00000214540194a0 flushing nmethod 0x000002143db46110
Event: 53.086 Thread 0x00000214540194a0 flushing nmethod 0x000002143db47f90
Event: 53.086 Thread 0x00000214540194a0 flushing nmethod 0x000002143db48d10
Event: 53.086 Thread 0x00000214540194a0 flushing nmethod 0x000002143dceea90
Event: 53.086 Thread 0x00000214540194a0 flushing nmethod 0x000002143dd0dc90
Event: 53.086 Thread 0x00000214540194a0 flushing nmethod 0x000002143dd0e210
Event: 53.086 Thread 0x00000214540194a0 flushing nmethod 0x000002143dd0fa90
Event: 53.086 Thread 0x00000214540194a0 flushing nmethod 0x000002143dd10390
Event: 53.086 Thread 0x00000214540194a0 flushing nmethod 0x000002143dd35190
Event: 53.086 Thread 0x00000214540194a0 flushing nmethod 0x000002143dd8f510
Event: 53.086 Thread 0x00000214540194a0 flushing nmethod 0x000002143de34890
Event: 53.086 Thread 0x00000214540194a0 flushing nmethod 0x000002143de64c90
Event: 53.086 Thread 0x00000214540194a0 flushing nmethod 0x000002143dec1890
Event: 53.086 Thread 0x00000214540194a0 flushing nmethod 0x000002143e0e1710
Event: 53.086 Thread 0x00000214540194a0 flushing nmethod 0x000002143e1a3c10
Event: 53.086 Thread 0x00000214540194a0 flushing nmethod 0x000002143e408810
Event: 53.086 Thread 0x00000214540194a0 flushing nmethod 0x000002143e51d210
Event: 53.086 Thread 0x00000214540194a0 flushing nmethod 0x000002143e5f1a10
Event: 53.086 Thread 0x00000214540194a0 flushing nmethod 0x000002143e5f2610


Dynamic libraries:
0x00007ff6344c0000 - 0x00007ff6344d0000 	C:\Program Files\Java\jdk-21\bin\java.exe
0x00007ffc63140000 - 0x00007ffc633a6000 	C:\WINDOWS\SYSTEM32\ntdll.dll
0x00007ffc61e40000 - 0x00007ffc61f09000 	C:\WINDOWS\System32\KERNEL32.DLL
0x00007ffc60780000 - 0x00007ffc60b7f000 	C:\WINDOWS\System32\KERNELBASE.dll
0x00007ffc60c80000 - 0x00007ffc60dcc000 	C:\WINDOWS\System32\ucrtbase.dll
0x00007ffc555e0000 - 0x00007ffc555fb000 	C:\Program Files\Java\jdk-21\bin\VCRUNTIME140.dll
0x00007ffc555c0000 - 0x00007ffc555d9000 	C:\Program Files\Java\jdk-21\bin\jli.dll
0x00007ffc61a80000 - 0x00007ffc61b3c000 	C:\WINDOWS\System32\ADVAPI32.dll
0x00007ffc62280000 - 0x00007ffc62329000 	C:\WINDOWS\System32\msvcrt.dll
0x00007ffc61d30000 - 0x00007ffc61dda000 	C:\WINDOWS\System32\sechost.dll
0x00007ffc618f0000 - 0x00007ffc61a08000 	C:\WINDOWS\System32\RPCRT4.dll
0x00007ffc61f20000 - 0x00007ffc620e6000 	C:\WINDOWS\System32\USER32.dll
0x00007ffc4d4b0000 - 0x00007ffc4d741000 	C:\WINDOWS\WinSxS\amd64_microsoft.windows.common-controls_6595b64144ccf1df_6.0.26100.8972_none_3e0da176e32f9d4b\COMCTL32.dll
0x00007ffc60b90000 - 0x00007ffc60bb7000 	C:\WINDOWS\System32\win32u.dll
0x00007ffc62b50000 - 0x00007ffc62b7b000 	C:\WINDOWS\System32\GDI32.dll
0x00007ffc60650000 - 0x00007ffc60779000 	C:\WINDOWS\System32\gdi32full.dll
0x00007ffc605a0000 - 0x00007ffc60643000 	C:\WINDOWS\System32\msvcp_win.dll
0x00007ffc58000000 - 0x00007ffc5800b000 	C:\WINDOWS\SYSTEM32\VERSION.dll
0x00007ffc61070000 - 0x00007ffc610a2000 	C:\WINDOWS\System32\IMM32.DLL
0x00007ffc550c0000 - 0x00007ffc550cc000 	C:\Program Files\Java\jdk-21\bin\vcruntime140_1.dll
0x00007ffc47750000 - 0x00007ffc477de000 	C:\Program Files\Java\jdk-21\bin\msvcp140.dll
0x00007ffbc1880000 - 0x00007ffbc259a000 	C:\Program Files\Java\jdk-21\bin\server\jvm.dll
0x00007ffc62b80000 - 0x00007ffc62c02000 	C:\WINDOWS\System32\WS2_32.dll
0x00007ffc601b0000 - 0x00007ffc6020e000 	C:\WINDOWS\SYSTEM32\POWRPROF.dll
0x00007ffc57fc0000 - 0x00007ffc57ff6000 	C:\WINDOWS\SYSTEM32\WINMM.dll
0x00007ffc60190000 - 0x00007ffc601a5000 	C:\WINDOWS\SYSTEM32\UMPDC.dll
0x00007ffc5f040000 - 0x00007ffc5f05b000 	C:\WINDOWS\SYSTEM32\kernel.appcore.dll
0x00007ffc550b0000 - 0x00007ffc550ba000 	C:\Program Files\Java\jdk-21\bin\jimage.dll
0x00007ffc5d7f0000 - 0x00007ffc5da32000 	C:\WINDOWS\SYSTEM32\DBGHELP.DLL
0x00007ffc610b0000 - 0x00007ffc61435000 	C:\WINDOWS\System32\combase.dll
0x00007ffc62cc0000 - 0x00007ffc62d99000 	C:\WINDOWS\System32\OLEAUT32.dll
0x00007ffc43af0000 - 0x00007ffc43b2b000 	C:\WINDOWS\SYSTEM32\dbgcore.DLL
0x00007ffc60bc0000 - 0x00007ffc60c6c000 	C:\WINDOWS\System32\bcryptPrimitives.dll
0x00007ffc47350000 - 0x00007ffc4735f000 	C:\Program Files\Java\jdk-21\bin\instrument.dll
0x00007ffc55050000 - 0x00007ffc5506f000 	C:\Program Files\Java\jdk-21\bin\java.dll
0x00007ffc62330000 - 0x00007ffc62ab8000 	C:\WINDOWS\System32\SHELL32.dll
0x00007ffc5de40000 - 0x00007ffc5e6db000 	C:\WINDOWS\SYSTEM32\windows.storage.dll
0x00007ffc62da0000 - 0x00007ffc62e99000 	C:\WINDOWS\System32\SHCORE.dll
0x00007ffc61a10000 - 0x00007ffc61a76000 	C:\WINDOWS\System32\shlwapi.dll
0x00007ffc60270000 - 0x00007ffc60299000 	C:\WINDOWS\SYSTEM32\profapi.dll
0x00007ffc471f0000 - 0x00007ffc472c7000 	C:\Program Files\Java\jdk-21\bin\jsvml.dll
0x00007ffc4ece0000 - 0x00007ffc4ecf8000 	C:\Program Files\Java\jdk-21\bin\zip.dll
0x00007ffc550a0000 - 0x00007ffc550b0000 	C:\Program Files\Java\jdk-21\bin\net.dll
0x00007ffc54590000 - 0x00007ffc546b8000 	C:\WINDOWS\SYSTEM32\WINHTTP.dll
0x00007ffc5f5f0000 - 0x00007ffc5f65c000 	C:\WINDOWS\system32\mswsock.dll
0x00007ffc4ed00000 - 0x00007ffc4ed16000 	C:\Program Files\Java\jdk-21\bin\nio.dll
0x00007ffc47740000 - 0x00007ffc47750000 	C:\Program Files\Java\jdk-21\bin\verify.dll
0x00007ffc43f20000 - 0x00007ffc43f47000 	C:\Users\ASUS\.gradle\native\1def1411415f61bf3af743bc5b6707747c0891f09f0c88961ee8f79bc544acac\windows-amd64\native-platform.dll
0x00007ffbfe4b0000 - 0x00007ffbfe528000 	C:\Users\ASUS\.gradle\native\0.2.7\x86_64-windows-gnu\gradle-fileevents.dll
0x00007ffc47390000 - 0x00007ffc4739a000 	C:\Program Files\Java\jdk-21\bin\management.dll
0x00007ffc47380000 - 0x00007ffc4738b000 	C:\Program Files\Java\jdk-21\bin\management_ext.dll
0x00007ffc618d0000 - 0x00007ffc618d8000 	C:\WINDOWS\System32\PSAPI.DLL
0x00007ffc5ea10000 - 0x00007ffc5ea43000 	C:\WINDOWS\SYSTEM32\IPHLPAPI.DLL
0x00007ffc618e0000 - 0x00007ffc618ea000 	C:\WINDOWS\System32\NSI.dll
0x00007ffc47360000 - 0x00007ffc47369000 	C:\Program Files\Java\jdk-21\bin\extnet.dll
0x00007ffc5f8e0000 - 0x00007ffc5f8fb000 	C:\WINDOWS\SYSTEM32\CRYPTSP.dll
0x00007ffc5efa0000 - 0x00007ffc5efd9000 	C:\WINDOWS\system32\rsaenh.dll
0x00007ffc5f6a0000 - 0x00007ffc5f6d2000 	C:\WINDOWS\SYSTEM32\USERENV.dll
0x00007ffc60240000 - 0x00007ffc6026a000 	C:\WINDOWS\SYSTEM32\bcrypt.dll
0x00007ffc5f900000 - 0x00007ffc5f90c000 	C:\WINDOWS\SYSTEM32\CRYPTBASE.dll
0x00007ffc471e0000 - 0x00007ffc471ee000 	C:\Program Files\Java\jdk-21\bin\sunmscapi.dll
0x00007ffc60410000 - 0x00007ffc6058e000 	C:\WINDOWS\System32\CRYPT32.dll
0x00007ffc5fb20000 - 0x00007ffc5fb50000 	C:\WINDOWS\SYSTEM32\ncrypt.dll
0x00007ffc5fad0000 - 0x00007ffc5fb0f000 	C:\WINDOWS\SYSTEM32\NTASN1.dll
0x00007ffc551f0000 - 0x00007ffc551f8000 	C:\WINDOWS\system32\wshunix.dll

dbghelp: loaded successfully - version: 4.0.5 - missing functions: none
symbol engine: initialized successfully - sym options: 0x614 - pdb path: .;C:\Program Files\Java\jdk-21\bin;C:\WINDOWS\SYSTEM32;C:\WINDOWS\WinSxS\amd64_microsoft.windows.common-controls_6595b64144ccf1df_6.0.26100.8972_none_3e0da176e32f9d4b;C:\Program Files\Java\jdk-21\bin\server;C:\Users\ASUS\.gradle\native\1def1411415f61bf3af743bc5b6707747c0891f09f0c88961ee8f79bc544acac\windows-amd64;C:\Users\ASUS\.gradle\native\0.2.7\x86_64-windows-gnu

VM Arguments:
jvm_args: --add-opens=java.base/java.lang=ALL-UNNAMED --add-opens=java.base/java.lang.invoke=ALL-UNNAMED --add-opens=java.base/java.util=ALL-UNNAMED --add-opens=java.prefs/java.util.prefs=ALL-UNNAMED --add-exports=jdk.compiler/com.sun.tools.javac.api=ALL-UNNAMED --add-exports=jdk.compiler/com.sun.tools.javac.util=ALL-UNNAMED --add-opens=java.base/java.util=ALL-UNNAMED --add-opens=java.prefs/java.util.prefs=ALL-UNNAMED --add-opens=java.base/java.nio.charset=ALL-UNNAMED --add-opens=java.base/java.net=ALL-UNNAMED --add-opens=java.base/java.util.concurrent.atomic=ALL-UNNAMED --add-opens=java.xml/javax.xml.namespace=ALL-UNNAMED -XX:MaxMetaspaceSize=2G -XX:+HeapDumpOnOutOfMemoryError -Xmx4G -Dfile.encoding=UTF-8 -Duser.country=ID -Duser.language=en -Duser.variant -javaagent:C:\Users\ASUS\.gradle\wrapper\dists\gradle-8.14-all\c2qonpi39x1mddn7hk5gh9iqj\gradle-8.14\lib\agents\gradle-instrumentation-agent-8.14.jar 
java_command: org.gradle.launcher.daemon.bootstrap.GradleDaemon 8.14
java_class_path (initial): C:\Users\ASUS\.gradle\wrapper\dists\gradle-8.14-all\c2qonpi39x1mddn7hk5gh9iqj\gradle-8.14\lib\gradle-daemon-main-8.14.jar
Launcher Type: SUN_STANDARD

[Global flags]
     intx CICompilerCount                          = 3                                         {product} {ergonomic}
     uint ConcGCThreads                            = 1                                         {product} {ergonomic}
     uint G1ConcRefinementThreads                  = 4                                         {product} {ergonomic}
   size_t G1HeapRegionSize                         = 2097152                                   {product} {ergonomic}
    uintx GCDrainStackTargetSize                   = 64                                        {product} {ergonomic}
     bool HeapDumpOnOutOfMemoryError               = true                                   {manageable} {command line}
   size_t InitialHeapSize                          = 100663296                                 {product} {ergonomic}
   size_t MarkStackSize                            = 4194304                                   {product} {ergonomic}
   size_t MaxHeapSize                              = 4294967296                                {product} {command line}
   size_t MaxMetaspaceSize                         = 2147483648                                {product} {command line}
   size_t MaxNewSize                               = 2575302656                                {product} {ergonomic}
   size_t MinHeapDeltaBytes                        = 2097152                                   {product} {ergonomic}
   size_t MinHeapSize                              = 8388608                                   {product} {ergonomic}
    uintx NonNMethodCodeHeapSize                   = 5832780                                {pd product} {ergonomic}
    uintx NonProfiledCodeHeapSize                  = 122912730                              {pd product} {ergonomic}
    uintx ProfiledCodeHeapSize                     = 122912730                              {pd product} {ergonomic}
    uintx ReservedCodeCacheSize                    = 251658240                              {pd product} {ergonomic}
     bool SegmentedCodeCache                       = true                                      {product} {ergonomic}
   size_t SoftMaxHeapSize                          = 4294967296                             {manageable} {ergonomic}
     bool UseCompressedOops                        = true                           {product lp64_product} {ergonomic}
     bool UseG1GC                                  = true                                      {product} {ergonomic}
     bool UseLargePagesIndividualAllocation        = false                                  {pd product} {ergonomic}

Logging:
Log output configuration:
 #0: stdout all=warning uptime,level,tags foldmultilines=false
 #1: stderr all=off uptime,level,tags foldmultilines=false

Environment Variables:
CLASSPATH=D:\SIMPEG\android\\gradle\wrapper\gradle-wrapper.jar
PATH=C:\Program Files\Common Files\Oracle\Java\javapath;C:\Program Files (x86)\Common Files\Intel\Shared Files\cpp\bin\Intel64;C:\WINDOWS\system32;C:\WINDOWS;C:\WINDOWS\System32\Wbem;C:\WINDOWS\System32\WindowsPowerShell\v1.0\;C:\WINDOWS\System32\OpenSSH\;C:\MinGW\bin;C:\xampp\php;C:\ProgramData\ComposerSetup\bin;C:\Program Files (x86)\PuTTY\;C:\flutter\bin;C:\Program Files\Java\jdk-21\bin;C:\Users\ASUS\AppData\Local\Android\Sdk\platforms;C:\Users\ASUS\AppData\Local\Android\Sdk\cmdline-tools\latest;C:\laragon\;C:\Users\ASUS\AppData\Local\Pub\Cache\bin\flutterfire;C:\Users\ASUS\AppData\Local\Pub\Cache\bin;C:\Program Files\Git\cmd;C:\Program Files (x86)\Microsoft SQL Server\170\Tools\Binn\;C:\Program Files\Microsoft SQL Server\170\Tools\Binn\;C:\Program Files\Microsoft SQL Server\Client SDK\ODBC\180\Tools\Binn\;C:\Program Files\Microsoft SQL Server\170\DTS\Binn\;C:\Users\ASUS\AppData\Local\Microsoft\WindowsApps;C:\Users\ASUS\AppData\Local\Programs\Microsoft VS Code\bin;C:\Users\ASUS\AppData\Roaming\Composer\vendor\bin;C:\Users\ASUS\AppData\Roaming\npm;C:\Program Files\Git\cmd;C:\Program Files\Git\bin;C:\Users\ASUS\AppData\Local\Pub\Cache\bin;C:\Users\ASUS\AppData\Local\Pub\Cache\bin\flutterfire;C:\Users\ASUS\AppData\Local\Programs\Antigravity\bin
USERNAME=ASUS
LANG=en_US.UTF-8
OS=Windows_NT
PROCESSOR_IDENTIFIER=AMD64 Family 23 Model 24 Stepping 1, AuthenticAMD
TMP=C:\Users\ASUS\AppData\Local\Temp
TEMP=C:\Users\ASUS\AppData\Local\Temp




Periodic native trim disabled

---------------  S Y S T E M  ---------------

OS:
 Windows 11 , 64 bit Build 26100 (10.0.26100.9168)
OS uptime: 0 days 6:01 hours

CPU: total 4 (initial active 4) (4 cores per cpu, 2 threads per core) family 23 model 24 stepping 1 microcode 0x8108109, cx8, cmov, fxsr, ht, mmx, 3dnowpref, sse, sse2, sse3, ssse3, sse4a, sse4.1, sse4.2, popcnt, lzcnt, tsc, tscinvbit, avx, avx2, aes, clmul, bmi1, bmi2, adx, sha, fma, vzeroupper, clflush, clflushopt, rdtscp, f16c
Processor Information for all 4 processors :
  Max Mhz: 2600, Current Mhz: 2600, Mhz Limit: 2600

Memory: 4k page, system-wide physical 6094M (409M free)
TotalPageFile size 24526M (AvailPageFile size 56M)
current process WorkingSet (physical memory assigned to process): 508M, peak: 509M
current process commit charge ("private bytes"): 636M, peak: 696M

vm_info: Java HotSpot(TM) 64-Bit Server VM (21.0.6+8-LTS-188) for windows-amd64 JRE (21.0.6+8-LTS-188), built on 2024-12-03T10:50:54Z by "mach5one" with MS VC++ 17.6 (VS2022)

END.
